#
# There is insufficient memory for the Java Runtime Environment to continue.
# Native memory allocation (mmap) failed to map 78643200 bytes for G1 virtual space
# Possible reasons:
#   The system is out of physical RAM or swap space
#   The process is running with CompressedOops enabled, and the Java Heap may be blocking the growth of the native heap
# Possible solutions:
#   Reduce memory load on the system
#   Increase physical memory or swap space
#   Check if swap backing store is full
#   Decrease Java heap size (-Xmx/-Xms)
#   Decrease number of Java threads
#   Decrease Java thread stack sizes (-Xss)
#   Set larger code cache with -XX:ReservedCodeCacheSize=
#   JVM is running with Unscaled Compressed Oops mode in which the Java heap is
#     placed in the first 4GB address space. The Java Heap base address is the
#     maximum limit for the native heap growth. Please use -XX:HeapBaseMinAddress
#     to set the Java Heap base and to place the Java Heap above 4GB virtual address.
# This output file may be truncated or incomplete.
#
#  Out of Memory Error (os_windows.cpp:3469), pid=15452, tid=9488
#
# JRE version: OpenJDK Runtime Environment (17.0.0.1+2) (build 17.0.0.1+2-3)
# Java VM: OpenJDK 64-Bit Server VM (17.0.0.1+2-3, mixed mode, emulated-client, sharing, tiered, compressed oops, compressed class ptrs, g1 gc, windows-amd64)
# No core dump will be written. Minidumps are not enabled by default on client versions of Windows
#

---------------  S U M M A R Y ------------

Command Line: -XX:TieredStopAtLevel=1 -Dspring.output.ansi.enabled=always -Dcom.sun.management.jmxremote -Dspring.jmx.enabled=true -Dspring.liveBeansView.mbeanDomain -Dspring.application.admin.enabled=true -Dmanagement.endpoints.jmx.exposure.include=* -javaagent:C:\Program Files\JetBrains\IntelliJ IDEA 2025.1.3\lib\idea_rt.jar=62921 -Dfile.encoding=UTF-8 org._java_proj.gym_management_system.GymManagementSystemApplication

Host: Intel(R) Pentium(R) Silver N6000 @ 1.10GHz, 4 cores, 3G,  Windows 10 , 64 bit Build 26100 (10.0.26100.4484)
Time: Wed Aug 27 18:22:14 2025 Myanmar Standard Time elapsed time: 8.001081 seconds (0d 0h 0m 8s)

---------------  T H R E A D  ---------------

Current thread (0x0000020263b164a0):  VMThread "VM Thread" [stack: 0x0000005645300000,0x0000005645400000] [id=9488]

Stack: [0x0000005645300000,0x0000005645400000]
Native frames: (J=compiled Java code, j=interpreted, Vv=VM code, C=native code)
V  [jvm.dll+0x66f8ea]
V  [jvm.dll+0x7ce224]
V  [jvm.dll+0x7cf9ce]
V  [jvm.dll+0x7d0033]
V  [jvm.dll+0x242bb5]
V  [jvm.dll+0x66c909]
V  [jvm.dll+0x6613d2]
V  [jvm.dll+0x30082b]
V  [jvm.dll+0x307db6]
V  [jvm.dll+0x357a0e]
V  [jvm.dll+0x357c3f]
V  [jvm.dll+0x2d7ae8]
V  [jvm.dll+0x2d5db4]
V  [jvm.dll+0x2d53bc]
V  [jvm.dll+0x318d1b]
V  [jvm.dll+0x7d44cb]
V  [jvm.dll+0x7d5204]
V  [jvm.dll+0x7d571c]
V  [jvm.dll+0x7d5af4]
V  [jvm.dll+0x7d5bc0]
V  [jvm.dll+0x77e7ea]
V  [jvm.dll+0x66e715]
C  [ucrtbase.dll+0x37b0]
C  [KERNEL32.DLL+0x2e8d7]
C  [ntdll.dll+0x3c34c]

VM_Operation (0x0000005646bf9080): G1CollectForAllocation, mode: safepoint, requested by thread 0x0000020275beb220


---------------  P R O C E S S  ---------------

Threads class SMR info:
_java_thread_list=0x0000020275b26d80, length=20, elements={
0x0000020263a5abe0, 0x00000202745b52a0, 0x00000202745b69c0, 0x00000202745c2ab0,
0x00000202745c5480, 0x00000202745c7d50, 0x00000202745c8610, 0x00000202745c8ed0,
0x0000020274601c50, 0x00000202745ad420, 0x000002027468e2f0, 0x00000202755be860,
0x00000202755bbd40, 0x00000202757031a0, 0x00000202757025d0, 0x0000020275834410,
0x000002027580ad10, 0x00000202757f53f0, 0x000002027605b050, 0x0000020275beb220
}

Java Threads: ( => current thread )
  0x0000020263a5abe0 JavaThread "main" [_thread_blocked, id=14492, stack(0x0000005644d00000,0x0000005644e00000)]
  0x00000202745b52a0 JavaThread "Reference Handler" daemon [_thread_blocked, id=19052, stack(0x0000005645400000,0x0000005645500000)]
  0x00000202745b69c0 JavaThread "Finalizer" daemon [_thread_blocked, id=17720, stack(0x0000005645500000,0x0000005645600000)]
  0x00000202745c2ab0 JavaThread "Signal Dispatcher" daemon [_thread_blocked, id=16452, stack(0x0000005645600000,0x0000005645700000)]
  0x00000202745c5480 JavaThread "Attach Listener" daemon [_thread_blocked, id=4956, stack(0x0000005645700000,0x0000005645800000)]
  0x00000202745c7d50 JavaThread "Service Thread" daemon [_thread_blocked, id=18928, stack(0x0000005645800000,0x0000005645900000)]
  0x00000202745c8610 JavaThread "Monitor Deflation Thread" daemon [_thread_blocked, id=17292, stack(0x0000005645900000,0x0000005645a00000)]
  0x00000202745c8ed0 JavaThread "C1 CompilerThread0" daemon [_thread_blocked, id=16272, stack(0x0000005645a00000,0x0000005645b00000)]
  0x0000020274601c50 JavaThread "Sweeper thread" daemon [_thread_blocked, id=2916, stack(0x0000005645b00000,0x0000005645c00000)]
  0x00000202745ad420 JavaThread "Common-Cleaner" daemon [_thread_blocked, id=15764, stack(0x0000005645c00000,0x0000005645d00000)]
  0x000002027468e2f0 JavaThread "C1 CompilerThread1" daemon [_thread_blocked, id=18076, stack(0x0000005645d00000,0x0000005645e00000)]
  0x00000202755be860 JavaThread "Monitor Ctrl-Break" daemon [_thread_in_native, id=16712, stack(0x0000005645e00000,0x0000005645f00000)]
  0x00000202755bbd40 JavaThread "Notification Thread" daemon [_thread_blocked, id=16672, stack(0x0000005645f00000,0x0000005646000000)]
  0x00000202757031a0 JavaThread "C1 CompilerThread2" daemon [_thread_blocked, id=9552, stack(0x0000005646400000,0x0000005646500000)]
  0x00000202757025d0 JavaThread "RMI TCP Accept-0" daemon [_thread_in_native, id=17204, stack(0x0000005646500000,0x0000005646600000)]
  0x0000020275834410 JavaThread "RMI TCP Connection(1)-192.168.1.28" daemon [_thread_in_native, id=18880, stack(0x0000005646700000,0x0000005646800000)]
  0x000002027580ad10 JavaThread "RMI Scheduler(0)" daemon [_thread_blocked, id=14192, stack(0x0000005646800000,0x0000005646900000)]
  0x00000202757f53f0 JavaThread "JMX server connection timeout 19" daemon [_thread_blocked, id=3996, stack(0x0000005646900000,0x0000005646a00000)]
  0x000002027605b050 JavaThread "Thread-0" [_thread_blocked, id=15024, stack(0x0000005646a00000,0x0000005646b00000)]
  0x0000020275beb220 JavaThread "restartedMain" [_thread_blocked, id=17392, stack(0x0000005646b00000,0x0000005646c00000)]

Other Threads:
=>0x0000020263b164a0 VMThread "VM Thread" [stack: 0x0000005645300000,0x0000005645400000] [id=9488]
  0x00000202756bb2d0 WatcherThread [stack: 0x0000005646600000,0x0000005646700000] [id=5792]
  0x0000020263a9a520 GCTaskThread "GC Thread#0" [stack: 0x0000005644e00000,0x0000005644f00000] [id=17532]
  0x00000202756b93e0 GCTaskThread "GC Thread#1" [stack: 0x0000005646000000,0x0000005646100000] [id=16788]
  0x00000202756cc700 GCTaskThread "GC Thread#2" [stack: 0x0000005646100000,0x0000005646200000] [id=18704]
  0x00000202756cc9b0 GCTaskThread "GC Thread#3" [stack: 0x0000005646200000,0x0000005646300000] [id=17428]
  0x0000020263aa3fb0 ConcurrentGCThread "G1 Main Marker" [stack: 0x0000005644f00000,0x0000005645000000] [id=9208]
  0x0000020263aa5690 ConcurrentGCThread "G1 Conc#0" [stack: 0x0000005645000000,0x0000005645100000] [id=11984]
  0x0000020263ae26c0 ConcurrentGCThread "G1 Refine#0" [stack: 0x0000005645100000,0x0000005645200000] [id=7980]
  0x00000202756ccc60 ConcurrentGCThread "G1 Refine#1" [stack: 0x0000005646300000,0x0000005646400000] [id=11488]
  0x0000020263ae3db0 ConcurrentGCThread "G1 Service" [stack: 0x0000005645200000,0x0000005645300000] [id=17360]

Threads with active compile tasks:

VM state: at safepoint (normal execution)

VM Mutex/Monitor currently owned by a thread:  ([mutex/lock_event])
[0x0000020263a5ce80] Threads_lock - owner thread: 0x0000020263b164a0
[0x0000020263a5b4a0] Heap_lock - owner thread: 0x0000020275beb220

Heap address: 0x00000000c2600000, size: 986 MB, Compressed Oops mode: 32-bit

CDS archive(s) mapped at: [0x0000000800000000-0x0000000800bc0000-0x0000000800bc0000), size 12320768, SharedBaseAddress: 0x0000000800000000, ArchiveRelocationMode: 0.
Compressed class space mapped at: 0x0000000800c00000-0x0000000840c00000, reserved size: 1073741824
Narrow klass base: 0x0000000800000000, Narrow klass shift: 0, Narrow klass range: 0x100000000

GC Precious Log:
 CPUs: 4 total, 4 available
 Memory: 3937M
 Large Page Support: Disabled
 NUMA Support: Disabled
 Compressed Oops: Enabled (32-bit)
 Heap Region Size: 1M
 Heap Min Capacity: 8M
 Heap Initial Capacity: 62M
 Heap Max Capacity: 986M
 Pre-touch: Disabled
 Parallel Workers: 4
 Concurrent Workers: 1
 Concurrent Refinement Workers: 4
 Periodic GC: Disabled

Heap:
 garbage-first heap   total 63488K, used 11416K [0x00000000c2600000, 0x0000000100000000)
  region size 1024K, 3 young (3072K), 3 survivors (3072K)
 Metaspace       used 9567K, committed 9728K, reserved 1064960K
  class space    used 1273K, committed 1344K, reserved 1048576K

Heap Regions: E=young(eden), S=young(survivor), O=old, HS=humongous(starts), HC=humongous(continues), CS=collection set, F=free, OA=open archive, CA=closed archive, TAMS=top-at-mark-start (previous, next)
|   0|0x00000000c2600000, 0x00000000c2700000, 0x00000000c2700000|100%|HS|  |TAMS 0x00000000c2600000, 0x00000000c2600000| Complete 
|   1|0x00000000c2700000, 0x00000000c2800000, 0x00000000c2800000|100%|HS|  |TAMS 0x00000000c2700000, 0x00000000c2700000| Complete 
|   2|0x00000000c2800000, 0x00000000c2900000, 0x00000000c2900000|100%| O|  |TAMS 0x00000000c2800000, 0x00000000c2800000| Untracked 
|   3|0x00000000c2900000, 0x00000000c2a00000, 0x00000000c2a00000|100%| O|  |TAMS 0x00000000c2900000, 0x00000000c2900000| Untracked 
|   4|0x00000000c2a00000, 0x00000000c2b00000, 0x00000000c2b00000|100%| O|  |TAMS 0x00000000c2a00000, 0x00000000c2a00000| Untracked 
|   5|0x00000000c2b00000, 0x00000000c2c00000, 0x00000000c2c00000|100%| O|  |TAMS 0x00000000c2b00000, 0x00000000c2b00000| Untracked 
|   6|0x00000000c2c00000, 0x00000000c2d00000, 0x00000000c2d00000|100%| O|  |TAMS 0x00000000c2c00000, 0x00000000c2c00000| Untracked 
|   7|0x00000000c2d00000, 0x00000000c2e00000, 0x00000000c2e00000|100%| O|  |TAMS 0x00000000c2d00000, 0x00000000c2d00000| Untracked 
|   8|0x00000000c2e00000, 0x00000000c2f00000, 0x00000000c2f00000|100%| O|  |TAMS 0x00000000c2e00000, 0x00000000c2e00000| Untracked 
|   9|0x00000000c2f00000, 0x00000000c2f00000, 0x00000000c3000000|  0%| F|  |TAMS 0x00000000c2f00000, 0x00000000c2f00000| Untracked 
|  10|0x00000000c3000000, 0x00000000c3000000, 0x00000000c3100000|  0%| F|  |TAMS 0x00000000c3000000, 0x00000000c3000000| Untracked 
|  11|0x00000000c3100000, 0x00000000c3100000, 0x00000000c3200000|  0%| F|  |TAMS 0x00000000c3100000, 0x00000000c3100000| Untracked 
|  12|0x00000000c3200000, 0x00000000c3200000, 0x00000000c3300000|  0%| F|  |TAMS 0x00000000c3200000, 0x00000000c3200000| Untracked 
|  13|0x00000000c3300000, 0x00000000c3300000, 0x00000000c3400000|  0%| F|  |TAMS 0x00000000c3300000, 0x00000000c3300000| Untracked 
|  14|0x00000000c3400000, 0x00000000c3400000, 0x00000000c3500000|  0%| F|  |TAMS 0x00000000c3400000, 0x00000000c3400000| Untracked 
|  15|0x00000000c3500000, 0x00000000c3500000, 0x00000000c3600000|  0%| F|  |TAMS 0x00000000c3500000, 0x00000000c3500000| Untracked 
|  16|0x00000000c3600000, 0x00000000c3600000, 0x00000000c3700000|  0%| F|  |TAMS 0x00000000c3600000, 0x00000000c3600000| Untracked 
|  17|0x00000000c3700000, 0x00000000c3700000, 0x00000000c3800000|  0%| F|  |TAMS 0x00000000c3700000, 0x00000000c3700000| Untracked 
|  18|0x00000000c3800000, 0x00000000c3800000, 0x00000000c3900000|  0%| F|  |TAMS 0x00000000c3800000, 0x00000000c3800000| Untracked 
|  19|0x00000000c3900000, 0x00000000c3900000, 0x00000000c3a00000|  0%| F|  |TAMS 0x00000000c3900000, 0x00000000c3900000| Untracked 
|  20|0x00000000c3a00000, 0x00000000c3a00000, 0x00000000c3b00000|  0%| F|  |TAMS 0x00000000c3a00000, 0x00000000c3a00000| Untracked 
|  21|0x00000000c3b00000, 0x00000000c3b00000, 0x00000000c3c00000|  0%| F|  |TAMS 0x00000000c3b00000, 0x00000000c3b00000| Untracked 
|  22|0x00000000c3c00000, 0x00000000c3c26200, 0x00000000c3d00000| 14%| S|CS|TAMS 0x00000000c3c00000, 0x00000000c3c00000| Complete 
|  23|0x00000000c3d00000, 0x00000000c3d00000, 0x00000000c3e00000|  0%| F|  |TAMS 0x00000000c3d00000, 0x00000000c3d00000| Untracked 
|  24|0x00000000c3e00000, 0x00000000c3e00000, 0x00000000c3f00000|  0%| F|  |TAMS 0x00000000c3e00000, 0x00000000c3e00000| Untracked 
|  25|0x00000000c3f00000, 0x00000000c4000000, 0x00000000c4000000|100%| S|CS|TAMS 0x00000000c3f00000, 0x00000000c3f00000| Complete 
|  26|0x00000000c4000000, 0x00000000c4100000, 0x00000000c4100000|100%| S|CS|TAMS 0x00000000c4000000, 0x00000000c4000000| Complete 
|  27|0x00000000c4100000, 0x00000000c4100000, 0x00000000c4200000|  0%| F|  |TAMS 0x00000000c4100000, 0x00000000c4100000| Untracked 
|  28|0x00000000c4200000, 0x00000000c4200000, 0x00000000c4300000|  0%| F|  |TAMS 0x00000000c4200000, 0x00000000c4200000| Untracked 
|  29|0x00000000c4300000, 0x00000000c4300000, 0x00000000c4400000|  0%| F|  |TAMS 0x00000000c4300000, 0x00000000c4300000| Untracked 
|  30|0x00000000c4400000, 0x00000000c4400000, 0x00000000c4500000|  0%| F|  |TAMS 0x00000000c4400000, 0x00000000c4400000| Untracked 
|  31|0x00000000c4500000, 0x00000000c4500000, 0x00000000c4600000|  0%| F|  |TAMS 0x00000000c4500000, 0x00000000c4500000| Untracked 
|  32|0x00000000c4600000, 0x00000000c4600000, 0x00000000c4700000|  0%| F|  |TAMS 0x00000000c4600000, 0x00000000c4600000| Untracked 
|  33|0x00000000c4700000, 0x00000000c4700000, 0x00000000c4800000|  0%| F|  |TAMS 0x00000000c4700000, 0x00000000c4700000| Untracked 
|  34|0x00000000c4800000, 0x00000000c4800000, 0x00000000c4900000|  0%| F|  |TAMS 0x00000000c4800000, 0x00000000c4800000| Untracked 
|  35|0x00000000c4900000, 0x00000000c4900000, 0x00000000c4a00000|  0%| F|  |TAMS 0x00000000c4900000, 0x00000000c4900000| Untracked 
|  36|0x00000000c4a00000, 0x00000000c4a00000, 0x00000000c4b00000|  0%| F|  |TAMS 0x00000000c4a00000, 0x00000000c4a00000| Untracked 
|  37|0x00000000c4b00000, 0x00000000c4b00000, 0x00000000c4c00000|  0%| F|  |TAMS 0x00000000c4b00000, 0x00000000c4b00000| Untracked 
|  38|0x00000000c4c00000, 0x00000000c4c00000, 0x00000000c4d00000|  0%| F|  |TAMS 0x00000000c4c00000, 0x00000000c4c00000| Untracked 
|  39|0x00000000c4d00000, 0x00000000c4d00000, 0x00000000c4e00000|  0%| F|  |TAMS 0x00000000c4d00000, 0x00000000c4d00000| Untracked 
|  40|0x00000000c4e00000, 0x00000000c4e00000, 0x00000000c4f00000|  0%| F|  |TAMS 0x00000000c4e00000, 0x00000000c4e00000| Untracked 
|  41|0x00000000c4f00000, 0x00000000c4f00000, 0x00000000c5000000|  0%| F|  |TAMS 0x00000000c4f00000, 0x00000000c4f00000| Untracked 
|  42|0x00000000c5000000, 0x00000000c5000000, 0x00000000c5100000|  0%| F|  |TAMS 0x00000000c5000000, 0x00000000c5000000| Untracked 
|  43|0x00000000c5100000, 0x00000000c5100000, 0x00000000c5200000|  0%| F|  |TAMS 0x00000000c5100000, 0x00000000c5100000| Untracked 
|  44|0x00000000c5200000, 0x00000000c5200000, 0x00000000c5300000|  0%| F|  |TAMS 0x00000000c5200000, 0x00000000c5200000| Untracked 
|  45|0x00000000c5300000, 0x00000000c5300000, 0x00000000c5400000|  0%| F|  |TAMS 0x00000000c5300000, 0x00000000c5300000| Untracked 
|  46|0x00000000c5400000, 0x00000000c5400000, 0x00000000c5500000|  0%| F|  |TAMS 0x00000000c5400000, 0x00000000c5400000| Untracked 
|  47|0x00000000c5500000, 0x00000000c5500000, 0x00000000c5600000|  0%| F|  |TAMS 0x00000000c5500000, 0x00000000c5500000| Untracked 
|  48|0x00000000c5600000, 0x00000000c5600000, 0x00000000c5700000|  0%| F|  |TAMS 0x00000000c5600000, 0x00000000c5600000| Untracked 
|  49|0x00000000c5700000, 0x00000000c5700000, 0x00000000c5800000|  0%| F|  |TAMS 0x00000000c5700000, 0x00000000c5700000| Untracked 
|  50|0x00000000c5800000, 0x00000000c5800000, 0x00000000c5900000|  0%| F|  |TAMS 0x00000000c5800000, 0x00000000c5800000| Untracked 
|  51|0x00000000c5900000, 0x00000000c5900000, 0x00000000c5a00000|  0%| F|  |TAMS 0x00000000c5900000, 0x00000000c5900000| Untracked 
|  52|0x00000000c5a00000, 0x00000000c5a00000, 0x00000000c5b00000|  0%| F|  |TAMS 0x00000000c5a00000, 0x00000000c5a00000| Untracked 
|  53|0x00000000c5b00000, 0x00000000c5b00000, 0x00000000c5c00000|  0%| F|  |TAMS 0x00000000c5b00000, 0x00000000c5b00000| Untracked 
|  54|0x00000000c5c00000, 0x00000000c5c00000, 0x00000000c5d00000|  0%| F|  |TAMS 0x00000000c5c00000, 0x00000000c5c00000| Untracked 
|  55|0x00000000c5d00000, 0x00000000c5d00000, 0x00000000c5e00000|  0%| F|  |TAMS 0x00000000c5d00000, 0x00000000c5d00000| Untracked 
|  56|0x00000000c5e00000, 0x00000000c5e00000, 0x00000000c5f00000|  0%| F|  |TAMS 0x00000000c5e00000, 0x00000000c5e00000| Untracked 
|  57|0x00000000c5f00000, 0x00000000c5f00000, 0x00000000c6000000|  0%| F|  |TAMS 0x00000000c5f00000, 0x00000000c5f00000| Untracked 
|  58|0x00000000c6000000, 0x00000000c6000000, 0x00000000c6100000|  0%| F|  |TAMS 0x00000000c6000000, 0x00000000c6000000| Untracked 
|  59|0x00000000c6100000, 0x00000000c6100000, 0x00000000c6200000|  0%| F|  |TAMS 0x00000000c6100000, 0x00000000c6100000| Untracked 
|  60|0x00000000c6200000, 0x00000000c6200000, 0x00000000c6300000|  0%| F|  |TAMS 0x00000000c6200000, 0x00000000c6200000| Untracked 
|  61|0x00000000c6300000, 0x00000000c6300000, 0x00000000c6400000|  0%| F|  |TAMS 0x00000000c6300000, 0x00000000c6300000| Untracked 

Card table byte_map: [0x000002026fd80000,0x000002026ff70000] _byte_map_base: 0x000002026f76d000

Marking Bits (Prev, Next): (CMBitMap*) 0x0000020263a9bb40, (CMBitMap*) 0x0000020263a9bb80
 Prev Bits: [0x0000020270160000, 0x00000202710c8000)
 Next Bits: [0x00000202710d0000, 0x0000020272038000)

Polling page: 0x0000020263440000

Metaspace:

Usage:
  Non-class:      8.10 MB used.
      Class:      1.24 MB used.
       Both:      9.34 MB used.

Virtual space:
  Non-class space:       16.00 MB reserved,       8.19 MB ( 51%) committed,  2 nodes.
      Class space:        1.00 GB reserved,       1.31 MB ( <1%) committed,  1 nodes.
             Both:        1.02 GB reserved,       9.50 MB ( <1%) committed. 

Chunk freelists:
   Non-Class:  3.81 MB
       Class:  2.69 MB
        Both:  6.50 MB

MaxMetaspaceSize: unlimited
CompressedClassSpaceSize: 1.00 GB
Initial GC threshold: 21.00 MB
Current GC threshold: 21.00 MB
CDS: on
MetaspaceReclaimPolicy: balanced
 - commit_granule_bytes: 65536.
 - commit_granule_words: 8192.
 - virtual_space_node_default_size: 1048576.
 - enlarge_chunks_in_place: 1.
 - new_chunks_are_fully_committed: 0.
 - uncommit_free_chunks: 1.
 - use_allocation_guard: 0.
 - handle_deallocations: 1.


Internal statistics:

num_allocs_failed_limit: 0.
num_arena_births: 208.
num_arena_deaths: 0.
num_vsnodes_births: 3.
num_vsnodes_deaths: 0.
num_space_committed: 152.
num_space_uncommitted: 0.
num_chunks_returned_to_freelist: 0.
num_chunks_taken_from_freelist: 439.
num_chunk_merges: 0.
num_chunk_splits: 265.
num_chunks_enlarged: 163.
num_purges: 0.
num_inconsistent_stats: 0.

CodeCache: size=49152Kb used=4748Kb max_used=4748Kb free=44403Kb
 bounds [0x000002026c750000, 0x000002026cc00000, 0x000002026f750000]
 total_blobs=2145 nmethods=1688 adapters=383
 compilation: enabled
              stopped_count=0, restarted_count=0
 full_count=0

Compilation events (20 events):
Event: 7.757 Thread 0x00000202745c8ed0 nmethod 1679 0x000002026cbef990 code [0x000002026cbefb40, 0x000002026cbefce8]
Event: 7.757 Thread 0x000002027468e2f0 1680       1       java.lang.String::subSequence (7 bytes)
Event: 7.758 Thread 0x000002027468e2f0 nmethod 1680 0x000002026cbefe90 code [0x000002026cbf0020, 0x000002026cbf0108]
Event: 7.758 Thread 0x000002027468e2f0 1681       1       java.util.stream.Sink::begin (1 bytes)
Event: 7.758 Thread 0x000002027468e2f0 nmethod 1681 0x000002026cbf0190 code [0x000002026cbf0320, 0x000002026cbf03d8]
Event: 7.758 Thread 0x00000202757031a0 nmethod 1678 0x000002026cbf0490 code [0x000002026cbf0720, 0x000002026cbf10c8]
Event: 7.759 Thread 0x00000202745c8ed0 1682       1       java.util.stream.MatchOps$BooleanTerminalSink::getAndClearState (5 bytes)
Event: 7.759 Thread 0x00000202745c8ed0 nmethod 1682 0x000002026cbf1610 code [0x000002026cbf17a0, 0x000002026cbf1878]
Event: 7.765 Thread 0x00000202757031a0 1683       1       org.springframework.boot.context.properties.source.ConfigurationPropertyName$ElementsParser::<init> (37 bytes)
Event: 7.765 Thread 0x00000202757031a0 nmethod 1683 0x000002026cbf1910 code [0x000002026cbf1ac0, 0x000002026cbf1ed8]
Event: 7.769 Thread 0x00000202757031a0 1684       1       jdk.internal.org.objectweb.asm.MethodVisitor::visitVarInsn (17 bytes)
Event: 7.769 Thread 0x00000202757031a0 nmethod 1684 0x000002026cbf1f90 code [0x000002026cbf2120, 0x000002026cbf2208]
Event: 7.769 Thread 0x00000202757031a0 1685       1       sun.invoke.util.VerifyAccess::getClassModifiers (24 bytes)
Event: 7.770 Thread 0x00000202745c8ed0 1686       1       java.lang.invoke.InnerClassLambdaMetafactory::getLoadOpcode (26 bytes)
Event: 7.770 Thread 0x000002027468e2f0 1687       1       java.lang.invoke.InnerClassLambdaMetafactory::getParameterSize (27 bytes)
Event: 7.770 Thread 0x000002027468e2f0 nmethod 1687 0x000002026cbf2290 code [0x000002026cbf2420, 0x000002026cbf2558]
Event: 7.770 Thread 0x00000202757031a0 nmethod 1685 0x000002026cbf2610 code [0x000002026cbf27c0, 0x000002026cbf2918]
Event: 7.770 Thread 0x00000202745c8ed0 nmethod 1686 0x000002026cbf2a10 code [0x000002026cbf2bc0, 0x000002026cbf2d18]
Event: 7.770 Thread 0x00000202745c8ed0 1688       1       java.lang.reflect.Constructor::getRoot (5 bytes)
Event: 7.770 Thread 0x00000202745c8ed0 nmethod 1688 0x000002026cbf2e10 code [0x000002026cbf2fa0, 0x000002026cbf3078]

GC Heap History (13 events):
Event: 3.563 GC heap before
{Heap before GC invocations=0 (full 0):
 garbage-first heap   total 63488K, used 15360K [0x00000000c2600000, 0x0000000100000000)
  region size 1024K, 13 young (13312K), 0 survivors (0K)
 Metaspace       used 3549K, committed 3776K, reserved 1056768K
  class space    used 414K, committed 512K, reserved 1048576K
}
Event: 3.619 GC heap after
{Heap after GC invocations=1 (full 0):
 garbage-first heap   total 63488K, used 9134K [0x00000000c2600000, 0x0000000100000000)
  region size 1024K, 2 young (2048K), 2 survivors (2048K)
 Metaspace       used 3549K, committed 3776K, reserved 1056768K
  class space    used 414K, committed 512K, reserved 1048576K
}
Event: 6.202 GC heap before
{Heap before GC invocations=1 (full 0):
 garbage-first heap   total 63488K, used 15278K [0x00000000c2600000, 0x0000000100000000)
  region size 1024K, 8 young (8192K), 2 survivors (2048K)
 Metaspace       used 5787K, committed 6016K, reserved 1056768K
  class space    used 712K, committed 832K, reserved 1048576K
}
Event: 6.209 GC heap after
{Heap after GC invocations=2 (full 0):
 garbage-first heap   total 63488K, used 10115K [0x00000000c2600000, 0x0000000100000000)
  region size 1024K, 1 young (1024K), 1 survivors (1024K)
 Metaspace       used 5787K, committed 6016K, reserved 1056768K
  class space    used 712K, committed 832K, reserved 1048576K
}
Event: 6.810 GC heap before
{Heap before GC invocations=2 (full 0):
 garbage-first heap   total 63488K, used 26499K [0x00000000c2600000, 0x0000000100000000)
  region size 1024K, 18 young (18432K), 1 survivors (1024K)
 Metaspace       used 7668K, committed 7872K, reserved 1056768K
  class space    used 1004K, committed 1088K, reserved 1048576K
}
Event: 6.815 GC heap after
{Heap after GC invocations=3 (full 0):
 garbage-first heap   total 63488K, used 10974K [0x00000000c2600000, 0x0000000100000000)
  region size 1024K, 2 young (2048K), 2 survivors (2048K)
 Metaspace       used 7668K, committed 7872K, reserved 1056768K
  class space    used 1004K, committed 1088K, reserved 1048576K
}
Event: 6.833 GC heap before
{Heap before GC invocations=3 (full 0):
 garbage-first heap   total 63488K, used 37598K [0x00000000c2600000, 0x0000000100000000)
  region size 1024K, 29 young (29696K), 2 survivors (2048K)
 Metaspace       used 7668K, committed 7872K, reserved 1056768K
  class space    used 1004K, committed 1088K, reserved 1048576K
}
Event: 6.837 GC heap after
{Heap after GC invocations=4 (full 0):
 garbage-first heap   total 63488K, used 11041K [0x00000000c2600000, 0x0000000100000000)
  region size 1024K, 2 young (2048K), 2 survivors (2048K)
 Metaspace       used 7668K, committed 7872K, reserved 1056768K
  class space    used 1004K, committed 1088K, reserved 1048576K
}
Event: 6.853 GC heap before
{Heap before GC invocations=4 (full 0):
 garbage-first heap   total 63488K, used 43809K [0x00000000c2600000, 0x0000000100000000)
  region size 1024K, 35 young (35840K), 2 survivors (2048K)
 Metaspace       used 7668K, committed 7872K, reserved 1056768K
  class space    used 1004K, committed 1088K, reserved 1048576K
}
Event: 6.857 GC heap after
{Heap after GC invocations=5 (full 0):
 garbage-first heap   total 63488K, used 10969K [0x00000000c2600000, 0x0000000100000000)
  region size 1024K, 2 young (2048K), 2 survivors (2048K)
 Metaspace       used 7668K, committed 7872K, reserved 1056768K
  class space    used 1004K, committed 1088K, reserved 1048576K
}
Event: 6.875 GC heap before
{Heap before GC invocations=5 (full 0):
 garbage-first heap   total 63488K, used 45785K [0x00000000c2600000, 0x0000000100000000)
  region size 1024K, 37 young (37888K), 2 survivors (2048K)
 Metaspace       used 7668K, committed 7872K, reserved 1056768K
  class space    used 1004K, committed 1088K, reserved 1048576K
}
Event: 6.879 GC heap after
{Heap after GC invocations=6 (full 0):
 garbage-first heap   total 63488K, used 10991K [0x00000000c2600000, 0x0000000100000000)
  region size 1024K, 2 young (2048K), 2 survivors (2048K)
 Metaspace       used 7668K, committed 7872K, reserved 1056768K
  class space    used 1004K, committed 1088K, reserved 1048576K
}
Event: 7.789 GC heap before
{Heap before GC invocations=6 (full 0):
 garbage-first heap   total 63488K, used 45807K [0x00000000c2600000, 0x0000000100000000)
  region size 1024K, 37 young (37888K), 2 survivors (2048K)
 Metaspace       used 9567K, committed 9728K, reserved 1064960K
  class space    used 1273K, committed 1344K, reserved 1048576K
}

Deoptimization events (4 events):
Event: 2.689 Thread 0x00000202745c5480 DEOPT PACKING pc=0x000002026c945705 sp=0x00000056457fcbc0
Event: 2.689 Thread 0x00000202745c5480 DEOPT UNPACKING pc=0x000002026c7a2b24 sp=0x00000056457fc120 mode 3
Event: 6.402 Thread 0x0000020263a5abe0 DEOPT PACKING pc=0x000002026c9b9075 sp=0x0000005644dfd7a0
Event: 6.402 Thread 0x0000020263a5abe0 DEOPT UNPACKING pc=0x000002026c7a2b24 sp=0x0000005644dfcbf8 mode 3

Classes unloaded (0 events):
No events

Classes redefined (0 events):
No events

Internal exceptions (20 events):
Event: 6.553 Thread 0x0000020263a5abe0 Exception <a 'java/lang/NoClassDefFoundError'{0x00000000c5cb5670}: org/springframework/boot/actuate/autoconfigure/metrics/export/otlp/OtlpMetricsConnectionDetails> (0x00000000c5cb5670) 
thrown [c:\sb\prod\1715191057\workspace\open\src\hotspot\share\classfile\systemDictionary.cpp, line 245]
Event: 6.554 Thread 0x0000020263a5abe0 Exception <a 'java/lang/NoClassDefFoundError'{0x00000000c5cbc800}: org/springframework/boot/actuate/autoconfigure/tracing/otlp/OtlpTracingConnectionDetails> (0x00000000c5cbc800) 
thrown [c:\sb\prod\1715191057\workspace\open\src\hotspot\share\classfile\systemDictionary.cpp, line 245]
Event: 6.577 Thread 0x0000020263a5abe0 Exception <a 'java/lang/NoClassDefFoundError'{0x00000000c5cedbe8}: org/springframework/boot/actuate/autoconfigure/tracing/zipkin/ZipkinConnectionDetails> (0x00000000c5cedbe8) 
thrown [c:\sb\prod\1715191057\workspace\open\src\hotspot\share\classfile\systemDictionary.cpp, line 245]
Event: 6.629 Thread 0x0000020263a5abe0 Exception <a 'java/lang/NoSuchMethodError'{0x00000000c5b2c818}: 'java.lang.Object java.lang.invoke.DirectMethodHandle$Holder.invokeInterface(java.lang.Object, java.lang.Object)'> (0x00000000c5b2c818) 
thrown [c:\sb\prod\1715191057\workspace\open\src\hotspot\share\interpreter\linkResolver.cpp, line 766]
Event: 6.651 Thread 0x0000020263a5abe0 Exception <a 'java/lang/NoSuchMethodError'{0x00000000c5b7bac8}: 'java.lang.Object java.lang.invoke.DirectMethodHandle$Holder.invokeSpecialIFC(java.lang.Object, java.lang.Object, java.lang.Object, java.lang.Object)'> (0x00000000c5b7bac8) 
thrown [c:\sb\prod\1715191057\workspace\open\src\hotspot\share\interpreter\linkResolver.cpp, line 766]
Event: 6.658 Thread 0x0000020263a5abe0 Exception <a 'java/lang/NoSuchMethodError'{0x00000000c5b9afd8}: 'java.lang.Object java.lang.invoke.DirectMethodHandle$Holder.invokeInterface(java.lang.Object, java.lang.Object, java.lang.Object)'> (0x00000000c5b9afd8) 
thrown [c:\sb\prod\1715191057\workspace\open\src\hotspot\share\interpreter\linkResolver.cpp, line 766]
Event: 7.036 Thread 0x0000020275beb220 Exception <a 'java/lang/NoClassDefFoundError'{0x00000000c48cab98}: org/springframework/boot/actuate/autoconfigure/logging/otlp/OtlpLoggingConnectionDetails> (0x00000000c48cab98) 
thrown [c:\sb\prod\1715191057\workspace\open\src\hotspot\share\classfile\systemDictionary.cpp, line 245]
Event: 7.036 Thread 0x0000020275beb220 Exception <a 'java/lang/NoClassDefFoundError'{0x00000000c48ce2b8}: org/springframework/boot/actuate/autoconfigure/metrics/export/otlp/OtlpMetricsConnectionDetails> (0x00000000c48ce2b8) 
thrown [c:\sb\prod\1715191057\workspace\open\src\hotspot\share\classfile\systemDictionary.cpp, line 245]
Event: 7.037 Thread 0x0000020275beb220 Exception <a 'java/lang/NoClassDefFoundError'{0x00000000c48d1810}: org/springframework/boot/actuate/autoconfigure/tracing/otlp/OtlpTracingConnectionDetails> (0x00000000c48d1810) 
thrown [c:\sb\prod\1715191057\workspace\open\src\hotspot\share\classfile\systemDictionary.cpp, line 245]
Event: 7.045 Thread 0x0000020275beb220 Exception <a 'java/lang/NoClassDefFoundError'{0x00000000c48d9878}: org/springframework/boot/actuate/autoconfigure/tracing/zipkin/ZipkinConnectionDetails> (0x00000000c48d9878) 
thrown [c:\sb\prod\1715191057\workspace\open\src\hotspot\share\classfile\systemDictionary.cpp, line 245]
Event: 7.164 Thread 0x0000020275beb220 Exception <a 'java/lang/NoSuchMethodError'{0x00000000c476f9c8}: 'int java.lang.invoke.DirectMethodHandle$Holder.invokeStaticInit(java.lang.Object, java.lang.Object, java.lang.Object)'> (0x00000000c476f9c8) 
thrown [c:\sb\prod\1715191057\workspace\open\src\hotspot\share\interpreter\linkResolver.cpp, line 766]
Event: 7.196 Thread 0x0000020275beb220 Exception <a 'java/lang/NoSuchMethodError'{0x00000000c47cbc70}: 'java.lang.Object java.lang.invoke.DirectMethodHandle$Holder.newInvokeSpecial(java.lang.Object, java.lang.Object, java.lang.Object, java.lang.Object, java.lang.Object)'> (0x00000000c47cbc70) 
thrown [c:\sb\prod\1715191057\workspace\open\src\hotspot\share\interpreter\linkResolver.cpp, line 766]
Event: 7.214 Thread 0x0000020275beb220 Exception <a 'java/lang/NoSuchMethodError'{0x00000000c461c268}: 'java.lang.Object java.lang.invoke.DirectMethodHandle$Holder.invokeStaticInit(java.lang.Object, java.lang.Object, java.lang.Object)'> (0x00000000c461c268) 
thrown [c:\sb\prod\1715191057\workspace\open\src\hotspot\share\interpreter\linkResolver.cpp, line 766]
Event: 7.237 Thread 0x0000020275beb220 Exception <a 'java/lang/IncompatibleClassChangeError'{0x00000000c468b808}: Found class java.lang.Object, but interface was expected> (0x00000000c468b808) 
thrown [c:\sb\prod\1715191057\workspace\open\src\hotspot\share\interpreter\linkResolver.cpp, line 833]
Event: 7.282 Thread 0x0000020275beb220 Exception <a 'sun/nio/fs/WindowsException'{0x00000000c452e548}> (0x00000000c452e548) 
thrown [c:\sb\prod\1715191057\workspace\open\src\hotspot\share\prims\jni.cpp, line 516]
Event: 7.375 Thread 0x0000020275beb220 Exception <a 'java/lang/NoSuchMethodError'{0x00000000c4452738}: 'java.lang.Object java.lang.invoke.Invokers$Holder.invokeExact_MT(java.lang.Object, java.lang.Object, java.lang.Object, java.lang.Object, java.lang.Object, java.lang.Object)'> (0x00000000c4452738) 
thrown [c:\sb\prod\1715191057\workspace\open\src\hotspot\share\interpreter\linkResolver.cpp, line 766]
Event: 7.541 Thread 0x0000020275beb220 Exception <a 'java/lang/NoSuchMethodError'{0x00000000c43efb18}: 'java.lang.Object java.lang.invoke.DirectMethodHandle$Holder.invokeStatic(java.lang.Object, java.lang.Object, long, java.lang.Object)'> (0x00000000c43efb18) 
thrown [c:\sb\prod\1715191057\workspace\open\src\hotspot\share\interpreter\linkResolver.cpp, line 766]
Event: 7.548 Thread 0x0000020275beb220 Exception <a 'java/lang/NoSuchMethodError'{0x00000000c43f35b0}: 'java.lang.Object java.lang.invoke.DirectMethodHandle$Holder.invokeStaticInit(java.lang.Object, java.lang.Object, long, java.lang.Object)'> (0x00000000c43f35b0) 
thrown [c:\sb\prod\1715191057\workspace\open\src\hotspot\share\interpreter\linkResolver.cpp, line 766]
Event: 7.550 Thread 0x0000020275beb220 Exception <a 'java/lang/NoSuchMethodError'{0x00000000c43f9bc0}: 'java.lang.Object java.lang.invoke.DirectMethodHandle$Holder.newInvokeSpecial(java.lang.Object, java.lang.Object, long)'> (0x00000000c43f9bc0) 
thrown [c:\sb\prod\1715191057\workspace\open\src\hotspot\share\interpreter\linkResolver.cpp, line 766]
Event: 7.630 Thread 0x0000020275beb220 Exception <a 'java/lang/NoSuchMethodError'{0x00000000c42fdac8}: 'void java.lang.invoke.DirectMethodHandle$Holder.invokeStaticInit(java.lang.Object)'> (0x00000000c42fdac8) 
thrown [c:\sb\prod\1715191057\workspace\open\src\hotspot\share\interpreter\linkResolver.cpp, line 766]

VM Operations (20 events):
Event: 7.027 Executing VM operation: ICBufferFull done
Event: 7.029 Executing VM operation: ICBufferFull
Event: 7.029 Executing VM operation: ICBufferFull done
Event: 7.031 Executing VM operation: ICBufferFull
Event: 7.031 Executing VM operation: ICBufferFull done
Event: 7.032 Executing VM operation: ICBufferFull
Event: 7.033 Executing VM operation: ICBufferFull done
Event: 7.034 Executing VM operation: ICBufferFull
Event: 7.034 Executing VM operation: ICBufferFull done
Event: 7.039 Executing VM operation: ICBufferFull
Event: 7.039 Executing VM operation: ICBufferFull done
Event: 7.040 Executing VM operation: ICBufferFull
Event: 7.040 Executing VM operation: ICBufferFull done
Event: 7.042 Executing VM operation: ICBufferFull
Event: 7.042 Executing VM operation: ICBufferFull done
Event: 7.043 Executing VM operation: ICBufferFull
Event: 7.043 Executing VM operation: ICBufferFull done
Event: 7.286 Executing VM operation: HandshakeAllThreads
Event: 7.286 Executing VM operation: HandshakeAllThreads done
Event: 7.789 Executing VM operation: G1CollectForAllocation

Events (20 events):
Event: 7.688 loading class java/util/concurrent/ConcurrentHashMap$KeySpliterator
Event: 7.689 loading class java/util/concurrent/ConcurrentHashMap$KeySpliterator done
Event: 7.708 loading class java/lang/ProcessEnvironment$CheckedKeySet
Event: 7.708 loading class java/lang/ProcessEnvironment$CheckedKeySet done
Event: 7.708 loading class java/util/Collections$UnmodifiableMap$UnmodifiableEntrySet
Event: 7.731 loading class java/util/Collections$UnmodifiableMap$UnmodifiableEntrySet done
Event: 7.731 loading class java/util/Collections$UnmodifiableMap$UnmodifiableEntrySet$1
Event: 7.734 loading class java/util/Collections$UnmodifiableMap$UnmodifiableEntrySet$1 done
Event: 7.734 loading class java/util/Collections$UnmodifiableMap$UnmodifiableEntrySet$UnmodifiableEntry
Event: 7.734 loading class java/util/Collections$UnmodifiableMap$UnmodifiableEntrySet$UnmodifiableEntry done
Event: 7.744 loading class java/util/stream/MatchOps$MatchKind
Event: 7.745 loading class java/util/stream/MatchOps$MatchKind done
Event: 7.745 loading class java/util/stream/MatchOps
Event: 7.746 loading class java/util/stream/MatchOps done
Event: 7.747 loading class java/util/stream/MatchOps$MatchOp
Event: 7.748 loading class java/util/stream/MatchOps$MatchOp done
Event: 7.748 loading class java/util/stream/MatchOps$BooleanTerminalSink
Event: 7.749 loading class java/util/stream/MatchOps$BooleanTerminalSink done
Event: 7.749 loading class java/util/stream/MatchOps$2MatchSink
Event: 7.753 loading class java/util/stream/MatchOps$2MatchSink done


Dynamic libraries:
0x00007ff6635f0000 - 0x00007ff6635fe000 	C:\Program Files\Java\jdk-17.0.0.1\bin\java.exe
0x00007ff821040000 - 0x00007ff8212a8000 	C:\WINDOWS\SYSTEM32\ntdll.dll
0x00007ff81f760000 - 0x00007ff81f829000 	C:\WINDOWS\System32\KERNEL32.DLL
0x00007ff81e6a0000 - 0x00007ff81ea8d000 	C:\WINDOWS\System32\KERNELBASE.dll
0x00007ff81e550000 - 0x00007ff81e69b000 	C:\WINDOWS\System32\ucrtbase.dll
0x00007ff818b50000 - 0x00007ff818b6a000 	C:\Program Files\Java\jdk-17.0.0.1\bin\VCRUNTIME140.dll
0x00007ff818b30000 - 0x00007ff818b48000 	C:\Program Files\Java\jdk-17.0.0.1\bin\jli.dll
0x00007ff81fef0000 - 0x00007ff8200bc000 	C:\WINDOWS\System32\USER32.dll
0x00007ff81e310000 - 0x00007ff81e337000 	C:\WINDOWS\System32\win32u.dll
0x00007ff81fd90000 - 0x00007ff81fdbb000 	C:\WINDOWS\System32\GDI32.dll
0x00007ff81eca0000 - 0x00007ff81edd7000 	C:\WINDOWS\System32\gdi32full.dll
0x00007ff81e340000 - 0x00007ff81e3e3000 	C:\WINDOWS\System32\msvcp_win.dll
0x00007ff808f80000 - 0x00007ff80921a000 	C:\WINDOWS\WinSxS\amd64_microsoft.windows.common-controls_6595b64144ccf1df_6.0.26100.4484_none_3e0e6d4ce32ef3b3\COMCTL32.dll
0x00007ff820280000 - 0x00007ff820329000 	C:\WINDOWS\System32\msvcrt.dll
0x00007ff81f830000 - 0x00007ff81f85f000 	C:\WINDOWS\System32\IMM32.DLL
0x00007ff80c6e0000 - 0x00007ff80c6ec000 	C:\Program Files\Java\jdk-17.0.0.1\bin\vcruntime140_1.dll
0x00007fffd7380000 - 0x00007fffd740d000 	C:\Program Files\Java\jdk-17.0.0.1\bin\msvcp140.dll
0x00007fff8cea0000 - 0x00007fff8da60000 	C:\Program Files\Java\jdk-17.0.0.1\bin\server\jvm.dll
0x00007ff8200c0000 - 0x00007ff820174000 	C:\WINDOWS\System32\ADVAPI32.dll
0x00007ff81ede0000 - 0x00007ff81ee86000 	C:\WINDOWS\System32\sechost.dll
0x00007ff81fdc0000 - 0x00007ff81fed8000 	C:\WINDOWS\System32\RPCRT4.dll
0x00007ff81f300000 - 0x00007ff81f308000 	C:\WINDOWS\System32\PSAPI.DLL
0x00007ffffb090000 - 0x00007ffffb09a000 	C:\WINDOWS\SYSTEM32\WSOCK32.dll
0x00007ff820bf0000 - 0x00007ff820c64000 	C:\WINDOWS\System32\WS2_32.dll
0x00007ff811360000 - 0x00007ff81136b000 	C:\WINDOWS\SYSTEM32\VERSION.dll
0x00007ff80c8c0000 - 0x00007ff80c8f5000 	C:\WINDOWS\SYSTEM32\WINMM.dll
0x00007ff81cf00000 - 0x00007ff81cf1b000 	C:\WINDOWS\SYSTEM32\kernel.appcore.dll
0x00007ff80ba70000 - 0x00007ff80ba7a000 	C:\Program Files\Java\jdk-17.0.0.1\bin\jimage.dll
0x00007ff81b850000 - 0x00007ff81ba91000 	C:\WINDOWS\SYSTEM32\DBGHELP.DLL
0x00007ff820c70000 - 0x00007ff820ff6000 	C:\WINDOWS\System32\combase.dll
0x00007ff81f210000 - 0x00007ff81f2f0000 	C:\WINDOWS\System32\OLEAUT32.dll
0x00007ffff96a0000 - 0x00007ffff96e3000 	C:\WINDOWS\SYSTEM32\dbgcore.DLL
0x00007ff81e4b0000 - 0x00007ff81e549000 	C:\WINDOWS\System32\bcryptPrimitives.dll
0x00007ff80ac70000 - 0x00007ff80ac7e000 	C:\Program Files\Java\jdk-17.0.0.1\bin\instrument.dll
0x00007fffe6d40000 - 0x00007fffe6d65000 	C:\Program Files\Java\jdk-17.0.0.1\bin\java.dll
0x00007fffb7c20000 - 0x00007fffb7cf6000 	C:\Program Files\Java\jdk-17.0.0.1\bin\svml.dll
0x00007ff820330000 - 0x00007ff820a7a000 	C:\WINDOWS\System32\SHELL32.dll
0x00007ff81e190000 - 0x00007ff81e304000 	C:\WINDOWS\System32\wintypes.dll
0x00007ff81bdc0000 - 0x00007ff81c61b000 	C:\WINDOWS\SYSTEM32\windows.storage.dll
0x00007ff81f530000 - 0x00007ff81f625000 	C:\WINDOWS\System32\SHCORE.dll
0x00007ff81f870000 - 0x00007ff81f8da000 	C:\WINDOWS\System32\shlwapi.dll
0x00007ff81e0a0000 - 0x00007ff81e0cf000 	C:\WINDOWS\SYSTEM32\profapi.dll
0x00007ff803c60000 - 0x00007ff803c78000 	C:\Program Files\Java\jdk-17.0.0.1\bin\zip.dll
0x00007fffe2800000 - 0x00007fffe2819000 	C:\Program Files\Java\jdk-17.0.0.1\bin\net.dll
0x00007ff810b30000 - 0x00007ff810c4e000 	C:\WINDOWS\SYSTEM32\WINHTTP.dll
0x00007ff81d460000 - 0x00007ff81d4ca000 	C:\WINDOWS\system32\mswsock.dll
0x00007fffe2220000 - 0x00007fffe2235000 	C:\Program Files\Java\jdk-17.0.0.1\bin\nio.dll
0x00007ff81ca00000 - 0x00007ff81cb26000 	C:\WINDOWS\SYSTEM32\DNSAPI.dll
0x00007ff81c960000 - 0x00007ff81c993000 	C:\WINDOWS\SYSTEM32\IPHLPAPI.DLL
0x00007ff81f310000 - 0x00007ff81f31a000 	C:\WINDOWS\System32\NSI.dll
0x00007ff80ca90000 - 0x00007ff80ca9b000 	C:\Windows\System32\rasadhlp.dll
0x00007ff80fca0000 - 0x00007ff80fd26000 	C:\WINDOWS\System32\fwpuclnt.dll
0x00007ff806610000 - 0x00007ff806619000 	C:\Program Files\Java\jdk-17.0.0.1\bin\management.dll
0x00007ff804f90000 - 0x00007ff804f9b000 	C:\Program Files\Java\jdk-17.0.0.1\bin\management_ext.dll
0x00007ff81d840000 - 0x00007ff81d85b000 	C:\WINDOWS\SYSTEM32\CRYPTSP.dll
0x00007ff81ce60000 - 0x00007ff81ce9a000 	C:\WINDOWS\system32\rsaenh.dll
0x00007ff81d500000 - 0x00007ff81d52b000 	C:\WINDOWS\SYSTEM32\USERENV.dll
0x00007ff81e070000 - 0x00007ff81e096000 	C:\WINDOWS\SYSTEM32\bcrypt.dll
0x00007ff81d6a0000 - 0x00007ff81d6ac000 	C:\WINDOWS\SYSTEM32\CRYPTBASE.dll
0x00007ff8121b0000 - 0x00007ff8121cf000 	C:\WINDOWS\SYSTEM32\dhcpcsvc6.DLL
0x00007ff8103f0000 - 0x00007ff810415000 	C:\WINDOWS\SYSTEM32\dhcpcsvc.DLL
0x00007ffff1f90000 - 0x00007ffff1fa8000 	C:\WINDOWS\system32\napinsp.dll
0x00007ffff1f70000 - 0x00007ffff1f82000 	C:\WINDOWS\System32\winrnr.dll
0x00007ffff1f30000 - 0x00007ffff1f60000 	C:\WINDOWS\system32\nlansp_c.dll
0x00007ffff1f00000 - 0x00007ffff1f20000 	C:\WINDOWS\system32\wshbth.dll
0x00007ff802840000 - 0x00007ff80288e000 	C:\WINDOWS\SYSTEM32\pdh.dll

dbghelp: loaded successfully - version: 4.0.5 - missing functions: none
symbol engine: initialized successfully - sym options: 0x614 - pdb path: .;C:\Program Files\Java\jdk-17.0.0.1\bin;C:\WINDOWS\SYSTEM32;C:\WINDOWS\WinSxS\amd64_microsoft.windows.common-controls_6595b64144ccf1df_6.0.26100.4484_none_3e0e6d4ce32ef3b3;C:\Program Files\Java\jdk-17.0.0.1\bin\server

VM Arguments:
jvm_args: -XX:TieredStopAtLevel=1 -Dspring.output.ansi.enabled=always -Dcom.sun.management.jmxremote -Dspring.jmx.enabled=true -Dspring.liveBeansView.mbeanDomain -Dspring.application.admin.enabled=true -Dmanagement.endpoints.jmx.exposure.include=* -javaagent:C:\Program Files\JetBrains\IntelliJ IDEA 2025.1.3\lib\idea_rt.jar=62921 -Dfile.encoding=UTF-8 
java_command: org._java_proj.gym_management_system.GymManagementSystemApplication
java_class_path (initial): C:\Users\Lenovo\Desktop\newproject\gym_management_system\target\classes;C:\Users\Lenovo\.m2\repository\org\springframework\boot\spring-boot-starter-mail\3.5.3\spring-boot-starter-mail-3.5.3.jar;C:\Users\Lenovo\.m2\repository\org\springframework\boot\spring-boot-starter\3.5.3\spring-boot-starter-3.5.3.jar;C:\Users\Lenovo\.m2\repository\org\springframework\boot\spring-boot-starter-logging\3.5.3\spring-boot-starter-logging-3.5.3.jar;C:\Users\Lenovo\.m2\repository\ch\qos\logback\logback-classic\1.5.18\logback-classic-1.5.18.jar;C:\Users\Lenovo\.m2\repository\ch\qos\logback\logback-core\1.5.18\logback-core-1.5.18.jar;C:\Users\Lenovo\.m2\repository\org\apache\logging\log4j\log4j-to-slf4j\2.24.3\log4j-to-slf4j-2.24.3.jar;C:\Users\Lenovo\.m2\repository\org\apache\logging\log4j\log4j-api\2.24.3\log4j-api-2.24.3.jar;C:\Users\Lenovo\.m2\repository\org\slf4j\jul-to-slf4j\2.0.17\jul-to-slf4j-2.0.17.jar;C:\Users\Lenovo\.m2\repository\jakarta\annotation\jakarta.annotation-api\2.1.1\jakarta.annotation-api-2.1.1.jar;C:\Users\Lenovo\.m2\repository\org\yaml\snakeyaml\2.4\snakeyaml-2.4.jar;C:\Users\Lenovo\.m2\repository\org\springframework\spring-context-support\6.2.8\spring-context-support-6.2.8.jar;C:\Users\Lenovo\.m2\repository\org\springframework\spring-beans\6.2.8\spring-beans-6.2.8.jar;C:\Users\Lenovo\.m2\repository\org\springframework\spring-context\6.2.8\spring-context-6.2.8.jar;C:\Users\Lenovo\.m2\repository\org\eclipse\angus\jakarta.mail\2.0.3\jakarta.mail-2.0.3.jar;C:\Users\Lenovo\.m2\repository\jakarta\activation\jakarta.activation-api\2.1.3\jakarta.activation-api-2.1.3.jar;C:\Users\Lenovo\.m2\repository\org\eclipse\angus\angus-activation\2.0.2\angus-activation-2.0.2.jar;C:\Users\Lenovo\.m2\repository\org\springframework\boot\spring-boot-starter-security\3.5.3\spring-boot-starter-security-3.5.3.jar;C:\Users\Lenovo\.m2\repository\org\springframework\spring-aop\6.2.8\spring-aop-6.2.8.jar;C:\Users\Lenovo\.m2\repository\org\springframework\security\
Launcher Type: SUN_STANDARD

[Global flags]
     intx CICompilerCount                          = 3                                         {product} {ergonomic}
     uint ConcGCThreads                            = 1                                         {product} {ergonomic}
     uint G1ConcRefinementThreads                  = 4                                         {product} {ergonomic}
   size_t G1HeapRegionSize                         = 1048576                                   {product} {ergonomic}
    uintx GCDrainStackTargetSize                   = 64                                        {product} {ergonomic}
   size_t InitialHeapSize                          = 65011712                                  {product} {ergonomic}
     bool ManagementServer                         = true                                      {product} {command line}
   size_t MarkStackSize                            = 4194304                                   {product} {ergonomic}
   size_t MaxHeapSize                              = 1033895936                                {product} {ergonomic}
   size_t MaxNewSize                               = 619708416                                 {product} {ergonomic}
   size_t MinHeapDeltaBytes                        = 1048576                                   {product} {ergonomic}
   size_t MinHeapSize                              = 8388608                                   {product} {ergonomic}
    uintx NonProfiledCodeHeapSize                  = 0                                      {pd product} {ergonomic}
     bool ProfileInterpreter                       = false                                  {pd product} {command line}
    uintx ProfiledCodeHeapSize                     = 0                                      {pd product} {ergonomic}
   size_t SoftMaxHeapSize                          = 1033895936                             {manageable} {ergonomic}
     intx TieredStopAtLevel                        = 1                                         {product} {command line}
     bool UseCompressedClassPointers               = true                           {product lp64_product} {ergonomic}
     bool UseCompressedOops                        = true                           {product lp64_product} {ergonomic}
     bool UseG1GC                                  = true                                      {product} {ergonomic}
     bool UseLargePagesIndividualAllocation        = false                                  {pd product} {ergonomic}

Logging:
Log output configuration:
 #0: stdout all=warning uptime,level,tags
 #1: stderr all=off uptime,level,tags

Environment Variables:
PATH=C:\Program Files\Common Files\Oracle\Java\javapath;C:\Program Files\Microsoft MPI\Bin\;C:\WINDOWS\system32;C:\WINDOWS;C:\WINDOWS\System32\Wbem;C:\WINDOWS\System32\WindowsPowerShell\v1.0\;C:\WINDOWS\System32\OpenSSH\;C:\php 8-2-9;C:\ProgramData\ComposerSetup\bin;C:\Program Files\dotnet\;C:\Program Files\Microsoft SQL Server\Client SDK\ODBC\170\Tools\Binn\;C:\Program Files (x86)\Microsoft SQL Server\150\Tools\Binn\;C:\Program Files\Microsoft SQL Server\150\Tools\Binn\;C:\Program Files (x86)\Microsoft SQL Server\150\DTS\Binn\;C:\Program Files\Microsoft SQL Server\150\DTS\Binn\;C:\Program Files (x86)\Microsoft SQL Server\160\DTS\Binn\;C:\Users\Lenovo\Downloads\platform-tools-latest-windows\platform-tools;C:\Program Files\Java\jdk-23\bin;C:\Program Files\Cloudflare\Cloudflare WARP\;C:\Users\Lenovo\AppData\Local\Programs\Python\Python311\Scripts;C:\Users\Lenovo\AppData\Roaming\npm;C:\Program Files\swipl\bin;C:\Program Files\Apache\Maven\apache-maven-3.9.9\bin;C:\Program Files\Docker\Docker\resources\bin;C:\Program Files\nodejs\;C:\Program Files\nodejs;C:\Program Files\Java\jdk-17\bin;C:\Program Files\Java\jdk-21\bin;C:\Program Files\PowerShell\7\;C:\Program Files\Git\cmd;C:\Users\Lenovo\AppData\Local\Programs\Python\Python311\Scripts\;C:\Users\Lenovo\AppData\Local\Programs\Python\Python311\;C:\Users\Lenovo\AppData\Local\Microsoft\WindowsApps;C:\Users\Lenovo\AppData\Local\Programs\Microsoft VS Code\bin;C:\Users\Lenovo\AppData\Roaming\Composer\vendor\bin;C:\Users\Lenovo\.dotnet\tools;C:\Users\Lenovo\Downloads\platform-tools-latest-windows.zip\platform-tools;;C:\intelFPGA\18.1\modelsim_ase\win32aloem;C:\Users\Lenovo\AppData\Roaming\npm;C:\Program Files\JetBrains\IntelliJ IDEA Community Edition 2025.1.3\bin;;C:\Program Files\JetBrains\IntelliJ IDEA 2025.1.3\bin;
USERNAME=Lenovo
OS=Windows_NT
PROCESSOR_IDENTIFIER=Intel64 Family 6 Model 156 Stepping 0, GenuineIntel



---------------  S Y S T E M  ---------------

OS:
 Windows 10 , 64 bit Build 26100 (10.0.26100.4484)
OS uptime: 0 days 2:37 hours
Hyper-V role detected

CPU: total 4 (initial active 4) (4 cores per cpu, 1 threads per core) family 6 model 156 stepping 0 microcode 0x24000023, cx8, cmov, fxsr, mmx, 3dnowpref, sse, sse2, sse3, ssse3, sse4.1, sse4.2, popcnt, tsc, tscinvbit, aes, erms, clmul, sha, clflush, clflushopt, clwb, hv

Memory: 4k page, system-wide physical 3937M (324M free)
TotalPageFile size 16225M (AvailPageFile size 54M)
current process WorkingSet (physical memory assigned to process): 112M, peak: 112M
current process commit charge ("private bytes"): 159M, peak: 233M

vm_info: OpenJDK 64-Bit Server VM (17.0.0.1+2-3) for windows-amd64 JRE (17.0.0.1+2-3), built on May  8 2024 19:05:00 by "mach5one" with MS VC++ 16.8 (VS2019)

END.
