#
# There is insufficient memory for the Java Runtime Environment to continue.
# Native memory allocation (mmap) failed to map 272629760 bytes for G1 virtual space
# Possible reasons:
#   The system is out of physical RAM or swap space
#   The process is running with CompressedOops enabled, and the Java Heap may be blocking the growth of the native heap
# Possible solutions:
#   Reduce memory load on the system
#   Increase physical memory or swap space
#   Check if swap backing store is full
#   Decrease Java heap size (-Xmx/-Xms)
#   Decrease number of Java threads
#   Decrease Java thread stack sizes (-Xss)
#   Set larger code cache with -XX:ReservedCodeCacheSize=
#   JVM is running with Unscaled Compressed Oops mode in which the Java heap is
#     placed in the first 4GB address space. The Java Heap base address is the
#     maximum limit for the native heap growth. Please use -XX:HeapBaseMinAddress
#     to set the Java Heap base and to place the Java Heap above 4GB virtual address.
# This output file may be truncated or incomplete.
#
#  Out of Memory Error (os_windows.cpp:3469), pid=17624, tid=18732
#
# JRE version: OpenJDK Runtime Environment (17.0.0.1+2) (build 17.0.0.1+2-3)
# Java VM: OpenJDK 64-Bit Server VM (17.0.0.1+2-3, mixed mode, emulated-client, sharing, tiered, compressed oops, compressed class ptrs, g1 gc, windows-amd64)
# No core dump will be written. Minidumps are not enabled by default on client versions of Windows
#

---------------  S U M M A R Y ------------

Command Line: -XX:TieredStopAtLevel=1 -Dspring.output.ansi.enabled=always -Dcom.sun.management.jmxremote -Dspring.jmx.enabled=true -Dspring.liveBeansView.mbeanDomain -Dspring.application.admin.enabled=true -Dmanagement.endpoints.jmx.exposure.include=* -javaagent:C:\Program Files\JetBrains\IntelliJ IDEA 2025.1.3\lib\idea_rt.jar=60021 -Dfile.encoding=UTF-8 org._java_proj.gym_management_system.GymManagementSystemApplication

Host: Intel(R) Pentium(R) Silver N6000 @ 1.10GHz, 4 cores, 3G,  Windows 10 , 64 bit Build 26100 (10.0.26100.4484)
Time: Sat Aug 30 22:02:09 2025 Myanmar Standard Time elapsed time: 1493.347608 seconds (0d 0h 24m 53s)

---------------  T H R E A D  ---------------

Current thread (0x00000234cacf6b00):  VMThread "VM Thread" [stack: 0x000000aceb100000,0x000000aceb200000] [id=18732]

Stack: [0x000000aceb100000,0x000000aceb200000]
Native frames: (J=compiled Java code, j=interpreted, Vv=VM code, C=native code)
V  [jvm.dll+0x66f8ea]
V  [jvm.dll+0x7ce224]
V  [jvm.dll+0x7cf9ce]
V  [jvm.dll+0x7d0033]
V  [jvm.dll+0x242bb5]
V  [jvm.dll+0x66c909]
V  [jvm.dll+0x6613d2]
V  [jvm.dll+0x30082b]
V  [jvm.dll+0x307db6]
V  [jvm.dll+0x357a0e]
V  [jvm.dll+0x357c3f]
V  [jvm.dll+0x2d7ae8]
V  [jvm.dll+0x2d5db4]
V  [jvm.dll+0x2d53bc]
V  [jvm.dll+0x318d1b]
V  [jvm.dll+0x7d44cb]
V  [jvm.dll+0x7d5204]
V  [jvm.dll+0x7d571c]
V  [jvm.dll+0x7d5af4]
V  [jvm.dll+0x7d5bc0]
V  [jvm.dll+0x77e7ea]
V  [jvm.dll+0x66e715]
C  [ucrtbase.dll+0x37b0]
C  [KERNEL32.DLL+0x2e8d7]
C  [ntdll.dll+0x3c34c]

VM_Operation (0x000000aced6f4c90): G1CollectForAllocation, mode: safepoint, requested by thread 0x00000234e15d46f0


---------------  P R O C E S S  ---------------

Threads class SMR info:
_java_thread_list=0x00000234e1f8a4c0, length=36, elements={
0x00000234d9b359a0, 0x00000234d9b36550, 0x00000234d9b3f380, 0x00000234d9b41c50,
0x00000234d9b42510, 0x00000234d9b44de0, 0x00000234d9b45750, 0x00000234d9b4c520,
0x00000234da828380, 0x00000234dadd0410, 0x00000234dadd08e0, 0x00000234daf013d0,
0x00000234db0f0480, 0x00000234dcb79830, 0x00000234db142850, 0x00000234de2d8870,
0x00000234de2d7a00, 0x00000234de2d7ed0, 0x00000234de2d83a0, 0x00000234e15d4220,
0x00000234e15d33b0, 0x00000234e15d3d50, 0x00000234e15d4bc0, 0x00000234e15d3880,
0x00000234e15d5090, 0x00000234e15d5560, 0x00000234e15d46f0, 0x00000234e15d5a30,
0x00000234e15d2070, 0x00000234e15d5f00, 0x00000234e15d2540, 0x00000234e15d63d0,
0x00000234e15d2a10, 0x00000234e15d68a0, 0x00000234e15d2ee0, 0x00000234e15d8a50
}

Java Threads: ( => current thread )
  0x00000234d9b359a0 JavaThread "Reference Handler" daemon [_thread_blocked, id=5876, stack(0x000000aceb200000,0x000000aceb300000)]
  0x00000234d9b36550 JavaThread "Finalizer" daemon [_thread_blocked, id=18260, stack(0x000000aceb300000,0x000000aceb400000)]
  0x00000234d9b3f380 JavaThread "Signal Dispatcher" daemon [_thread_blocked, id=6356, stack(0x000000aceb400000,0x000000aceb500000)]
  0x00000234d9b41c50 JavaThread "Attach Listener" daemon [_thread_blocked, id=17688, stack(0x000000aceb500000,0x000000aceb600000)]
  0x00000234d9b42510 JavaThread "Service Thread" daemon [_thread_blocked, id=4724, stack(0x000000aceb600000,0x000000aceb700000)]
  0x00000234d9b44de0 JavaThread "Monitor Deflation Thread" daemon [_thread_blocked, id=9092, stack(0x000000aceb700000,0x000000aceb800000)]
  0x00000234d9b45750 JavaThread "C1 CompilerThread0" daemon [_thread_blocked, id=11260, stack(0x000000aceb800000,0x000000aceb900000)]
  0x00000234d9b4c520 JavaThread "Sweeper thread" daemon [_thread_blocked, id=17884, stack(0x000000aceb900000,0x000000aceba00000)]
  0x00000234da828380 JavaThread "Common-Cleaner" daemon [_thread_blocked, id=1992, stack(0x000000acebb00000,0x000000acebc00000)]
  0x00000234dadd0410 JavaThread "Monitor Ctrl-Break" daemon [_thread_in_native, id=14792, stack(0x000000acebc00000,0x000000acebd00000)]
  0x00000234dadd08e0 JavaThread "Notification Thread" daemon [_thread_blocked, id=19028, stack(0x000000acebd00000,0x000000acebe00000)]
  0x00000234daf013d0 JavaThread "RMI TCP Accept-0" daemon [_thread_in_native, id=712, stack(0x000000acec200000,0x000000acec300000)]
  0x00000234db0f0480 JavaThread "lettuce-timer-3-1" daemon [_thread_blocked, id=13624, stack(0x000000acec700000,0x000000acec800000)]
  0x00000234dcb79830 JavaThread "mysql-cj-abandoned-connection-cleanup" daemon [_thread_blocked, id=5988, stack(0x000000acec800000,0x000000acec900000)]
  0x00000234db142850 JavaThread "HikariPool-1:housekeeper" daemon [_thread_blocked, id=13840, stack(0x000000acec900000,0x000000aceca00000)]
  0x00000234de2d8870 JavaThread "Catalina-utility-1" [_thread_blocked, id=14548, stack(0x000000acea800000,0x000000acea900000)]
  0x00000234de2d7a00 JavaThread "Catalina-utility-2" [_thread_blocked, id=7612, stack(0x000000acea900000,0x000000aceaa00000)]
  0x00000234de2d7ed0 JavaThread "container-0" [_thread_blocked, id=12604, stack(0x000000aceaa00000,0x000000aceab00000)]
  0x00000234de2d83a0 JavaThread "File Watcher" daemon [_thread_blocked, id=16636, stack(0x000000acece00000,0x000000acecf00000)]
  0x00000234e15d4220 JavaThread "Live Reload Server" daemon [_thread_in_native, id=18272, stack(0x000000aced000000,0x000000aced100000)]
  0x00000234e15d33b0 JavaThread "MessageBroker-1" [_thread_blocked, id=18736, stack(0x000000acecf00000,0x000000aced000000)]
  0x00000234e15d3d50 JavaThread "http-nio-8080-exec-1" daemon [_thread_blocked, id=2240, stack(0x000000aced100000,0x000000aced200000)]
  0x00000234e15d4bc0 JavaThread "http-nio-8080-exec-2" daemon [_thread_blocked, id=5896, stack(0x000000aced200000,0x000000aced300000)]
  0x00000234e15d3880 JavaThread "http-nio-8080-exec-3" daemon [_thread_blocked, id=11108, stack(0x000000aced300000,0x000000aced400000)]
  0x00000234e15d5090 JavaThread "http-nio-8080-exec-4" daemon [_thread_blocked, id=8548, stack(0x000000aced400000,0x000000aced500000)]
  0x00000234e15d5560 JavaThread "http-nio-8080-exec-5" daemon [_thread_blocked, id=16860, stack(0x000000aced500000,0x000000aced600000)]
  0x00000234e15d46f0 JavaThread "http-nio-8080-exec-6" daemon [_thread_blocked, id=18620, stack(0x000000aced600000,0x000000aced700000)]
  0x00000234e15d5a30 JavaThread "http-nio-8080-exec-7" daemon [_thread_blocked, id=2340, stack(0x000000aced700000,0x000000aced800000)]
  0x00000234e15d2070 JavaThread "http-nio-8080-exec-8" daemon [_thread_blocked, id=10164, stack(0x000000aced800000,0x000000aced900000)]
  0x00000234e15d5f00 JavaThread "http-nio-8080-exec-9" daemon [_thread_blocked, id=8188, stack(0x000000aced900000,0x000000aceda00000)]
  0x00000234e15d2540 JavaThread "http-nio-8080-exec-10" daemon [_thread_blocked, id=19376, stack(0x000000aceda00000,0x000000acedb00000)]
  0x00000234e15d63d0 JavaThread "http-nio-8080-Poller" daemon [_thread_blocked, id=7864, stack(0x000000acedb00000,0x000000acedc00000)]
  0x00000234e15d2a10 JavaThread "http-nio-8080-Acceptor" daemon [_thread_in_native, id=11104, stack(0x000000acedc00000,0x000000acedd00000)]
  0x00000234e15d68a0 JavaThread "DestroyJavaVM" [_thread_blocked, id=12180, stack(0x000000aceab00000,0x000000aceac00000)]
  0x00000234e15d2ee0 JavaThread "MessageBroker-2" [_thread_blocked, id=2416, stack(0x000000acec400000,0x000000acec500000)]
  0x00000234e15d8a50 JavaThread "lettuce-nioEventLoop-4-1" daemon [_thread_in_native, id=10540, stack(0x000000acec500000,0x000000acec600000)]

Other Threads:
=>0x00000234cacf6b00 VMThread "VM Thread" [stack: 0x000000aceb100000,0x000000aceb200000] [id=18732]
  0x00000234dafd3ca0 WatcherThread [stack: 0x000000acec300000,0x000000acec400000] [id=19444]
  0x00000234cac7ab40 GCTaskThread "GC Thread#0" [stack: 0x000000aceac00000,0x000000acead00000] [id=17856]
  0x00000234daead3f0 GCTaskThread "GC Thread#1" [stack: 0x000000acebe00000,0x000000acebf00000] [id=5984]
  0x00000234daede0d0 GCTaskThread "GC Thread#2" [stack: 0x000000acebf00000,0x000000acec000000] [id=18004]
  0x00000234daedeb90 GCTaskThread "GC Thread#3" [stack: 0x000000acec000000,0x000000acec100000] [id=12072]
  0x00000234cac845d0 ConcurrentGCThread "G1 Main Marker" [stack: 0x000000acead00000,0x000000aceae00000] [id=14820]
  0x00000234cac84fe0 ConcurrentGCThread "G1 Conc#0" [stack: 0x000000aceae00000,0x000000aceaf00000] [id=15996]
  0x00000234cacc08d0 ConcurrentGCThread "G1 Refine#0" [stack: 0x000000aceaf00000,0x000000aceb000000] [id=14884]
  0x00000234daeb6c30 ConcurrentGCThread "G1 Refine#1" [stack: 0x000000acec100000,0x000000acec200000] [id=7484]
  0x00000234ded55370 ConcurrentGCThread "G1 Refine#2" [stack: 0x000000aceca00000,0x000000acecb00000] [id=16620]
  0x00000234ded56a70 ConcurrentGCThread "G1 Refine#3" [stack: 0x000000aceba00000,0x000000acebb00000] [id=13880]
  0x00000234cacc12f0 ConcurrentGCThread "G1 Service" [stack: 0x000000aceb000000,0x000000aceb100000] [id=5528]

Threads with active compile tasks:

VM state: at safepoint (normal execution)

VM Mutex/Monitor currently owned by a thread:  ([mutex/lock_event])
[0x00000234cac47f20] Threads_lock - owner thread: 0x00000234cacf6b00
[0x00000234cac46810] Heap_lock - owner thread: 0x00000234e15d46f0

Heap address: 0x00000000c2600000, size: 986 MB, Compressed Oops mode: 32-bit

CDS archive(s) mapped at: [0x0000000800000000-0x0000000800bc0000-0x0000000800bc0000), size 12320768, SharedBaseAddress: 0x0000000800000000, ArchiveRelocationMode: 0.
Compressed class space mapped at: 0x0000000800c00000-0x0000000840c00000, reserved size: 1073741824
Narrow klass base: 0x0000000800000000, Narrow klass shift: 0, Narrow klass range: 0x100000000

GC Precious Log:
 CPUs: 4 total, 4 available
 Memory: 3937M
 Large Page Support: Disabled
 NUMA Support: Disabled
 Compressed Oops: Enabled (32-bit)
 Heap Region Size: 1M
 Heap Min Capacity: 8M
 Heap Initial Capacity: 62M
 Heap Max Capacity: 986M
 Pre-touch: Disabled
 Parallel Workers: 4
 Concurrent Workers: 1
 Concurrent Refinement Workers: 4
 Periodic GC: Disabled

Heap:
 garbage-first heap   total 281600K, used 65316K [0x00000000c2600000, 0x0000000100000000)
  region size 1024K, 1 young (1024K), 1 survivors (1024K)
 Metaspace       used 105907K, committed 106688K, reserved 1146880K
  class space    used 15325K, committed 15680K, reserved 1048576K

Heap Regions: E=young(eden), S=young(survivor), O=old, HS=humongous(starts), HC=humongous(continues), CS=collection set, F=free, OA=open archive, CA=closed archive, TAMS=top-at-mark-start (previous, next)
|   0|0x00000000c2600000, 0x00000000c2700000, 0x00000000c2700000|100%|HS|  |TAMS 0x00000000c2700000, 0x00000000c2600000| Complete 
|   1|0x00000000c2700000, 0x00000000c2800000, 0x00000000c2800000|100%|HS|  |TAMS 0x00000000c2800000, 0x00000000c2700000| Complete 
|   2|0x00000000c2800000, 0x00000000c2900000, 0x00000000c2900000|100%| O|  |TAMS 0x00000000c2900000, 0x00000000c2800000| Untracked 
|   3|0x00000000c2900000, 0x00000000c2a00000, 0x00000000c2a00000|100%| O|  |TAMS 0x00000000c2a00000, 0x00000000c2900000| Untracked 
|   4|0x00000000c2a00000, 0x00000000c2b00000, 0x00000000c2b00000|100%| O|  |TAMS 0x00000000c2b00000, 0x00000000c2a00000| Untracked 
|   5|0x00000000c2b00000, 0x00000000c2c00000, 0x00000000c2c00000|100%| O|  |TAMS 0x00000000c2c00000, 0x00000000c2b00000| Untracked 
|   6|0x00000000c2c00000, 0x00000000c2d00000, 0x00000000c2d00000|100%| O|  |TAMS 0x00000000c2d00000, 0x00000000c2c00000| Untracked 
|   7|0x00000000c2d00000, 0x00000000c2e00000, 0x00000000c2e00000|100%| O|  |TAMS 0x00000000c2e00000, 0x00000000c2d00000| Untracked 
|   8|0x00000000c2e00000, 0x00000000c2f00000, 0x00000000c2f00000|100%| O|  |TAMS 0x00000000c2f00000, 0x00000000c2e00000| Untracked 
|   9|0x00000000c2f00000, 0x00000000c3000000, 0x00000000c3000000|100%| O|  |TAMS 0x00000000c3000000, 0x00000000c2f00000| Untracked 
|  10|0x00000000c3000000, 0x00000000c3100000, 0x00000000c3100000|100%| O|  |TAMS 0x00000000c3100000, 0x00000000c3000000| Untracked 
|  11|0x00000000c3100000, 0x00000000c3200000, 0x00000000c3200000|100%| O|  |TAMS 0x00000000c3200000, 0x00000000c3100000| Untracked 
|  12|0x00000000c3200000, 0x00000000c3300000, 0x00000000c3300000|100%| O|  |TAMS 0x00000000c3300000, 0x00000000c3200000| Untracked 
|  13|0x00000000c3300000, 0x00000000c3400000, 0x00000000c3400000|100%| O|  |TAMS 0x00000000c3400000, 0x00000000c3300000| Untracked 
|  14|0x00000000c3400000, 0x00000000c3500000, 0x00000000c3500000|100%| O|  |TAMS 0x00000000c3500000, 0x00000000c3400000| Untracked 
|  15|0x00000000c3500000, 0x00000000c3600000, 0x00000000c3600000|100%| O|  |TAMS 0x00000000c3600000, 0x00000000c3500000| Untracked 
|  16|0x00000000c3600000, 0x00000000c3700000, 0x00000000c3700000|100%| O|  |TAMS 0x00000000c3700000, 0x00000000c3600000| Untracked 
|  17|0x00000000c3700000, 0x00000000c3800000, 0x00000000c3800000|100%| O|  |TAMS 0x00000000c3800000, 0x00000000c3700000| Untracked 
|  18|0x00000000c3800000, 0x00000000c3900000, 0x00000000c3900000|100%| O|  |TAMS 0x00000000c3900000, 0x00000000c3800000| Untracked 
|  19|0x00000000c3900000, 0x00000000c3a00000, 0x00000000c3a00000|100%| O|  |TAMS 0x00000000c3a00000, 0x00000000c3900000| Untracked 
|  20|0x00000000c3a00000, 0x00000000c3b00000, 0x00000000c3b00000|100%| O|  |TAMS 0x00000000c3b00000, 0x00000000c3a00000| Untracked 
|  21|0x00000000c3b00000, 0x00000000c3c00000, 0x00000000c3c00000|100%| O|  |TAMS 0x00000000c3c00000, 0x00000000c3b00000| Untracked 
|  22|0x00000000c3c00000, 0x00000000c3d00000, 0x00000000c3d00000|100%| O|  |TAMS 0x00000000c3d00000, 0x00000000c3c00000| Untracked 
|  23|0x00000000c3d00000, 0x00000000c3e00000, 0x00000000c3e00000|100%| O|  |TAMS 0x00000000c3e00000, 0x00000000c3d00000| Untracked 
|  24|0x00000000c3e00000, 0x00000000c3f00000, 0x00000000c3f00000|100%| O|  |TAMS 0x00000000c3f00000, 0x00000000c3e00000| Untracked 
|  25|0x00000000c3f00000, 0x00000000c4000000, 0x00000000c4000000|100%| O|  |TAMS 0x00000000c4000000, 0x00000000c3f00000| Untracked 
|  26|0x00000000c4000000, 0x00000000c4100000, 0x00000000c4100000|100%| O|  |TAMS 0x00000000c4100000, 0x00000000c4000000| Untracked 
|  27|0x00000000c4100000, 0x00000000c4200000, 0x00000000c4200000|100%| O|  |TAMS 0x00000000c4200000, 0x00000000c4100000| Untracked 
|  28|0x00000000c4200000, 0x00000000c4300000, 0x00000000c4300000|100%| O|  |TAMS 0x00000000c4300000, 0x00000000c4200000| Untracked 
|  29|0x00000000c4300000, 0x00000000c4400000, 0x00000000c4400000|100%| O|  |TAMS 0x00000000c4400000, 0x00000000c4300000| Untracked 
|  30|0x00000000c4400000, 0x00000000c4500000, 0x00000000c4500000|100%| O|  |TAMS 0x00000000c4500000, 0x00000000c4400000| Untracked 
|  31|0x00000000c4500000, 0x00000000c4600000, 0x00000000c4600000|100%| O|  |TAMS 0x00000000c4600000, 0x00000000c4500000| Untracked 
|  32|0x00000000c4600000, 0x00000000c4700000, 0x00000000c4700000|100%| O|  |TAMS 0x00000000c4700000, 0x00000000c4600000| Untracked 
|  33|0x00000000c4700000, 0x00000000c4800000, 0x00000000c4800000|100%| O|  |TAMS 0x00000000c4800000, 0x00000000c4700000| Untracked 
|  34|0x00000000c4800000, 0x00000000c4900000, 0x00000000c4900000|100%| O|  |TAMS 0x00000000c4900000, 0x00000000c4800000| Untracked 
|  35|0x00000000c4900000, 0x00000000c49a3200, 0x00000000c4a00000| 63%| O|  |TAMS 0x00000000c4900000, 0x00000000c4900000| Untracked 
|  36|0x00000000c4a00000, 0x00000000c4b00000, 0x00000000c4b00000|100%| O|  |TAMS 0x00000000c4b00000, 0x00000000c4a00000| Untracked 
|  37|0x00000000c4b00000, 0x00000000c4c00000, 0x00000000c4c00000|100%| O|  |TAMS 0x00000000c4c00000, 0x00000000c4b00000| Untracked 
|  38|0x00000000c4c00000, 0x00000000c4d00000, 0x00000000c4d00000|100%| O|  |TAMS 0x00000000c4d00000, 0x00000000c4c00000| Untracked 
|  39|0x00000000c4d00000, 0x00000000c4e00000, 0x00000000c4e00000|100%| O|  |TAMS 0x00000000c4e00000, 0x00000000c4d00000| Untracked 
|  40|0x00000000c4e00000, 0x00000000c4f00000, 0x00000000c4f00000|100%| O|  |TAMS 0x00000000c4f00000, 0x00000000c4e00000| Untracked 
|  41|0x00000000c4f00000, 0x00000000c5000000, 0x00000000c5000000|100%| O|  |TAMS 0x00000000c5000000, 0x00000000c4f00000| Untracked 
|  42|0x00000000c5000000, 0x00000000c5100000, 0x00000000c5100000|100%| O|  |TAMS 0x00000000c50c4a00, 0x00000000c5000000| Untracked 
|  43|0x00000000c5100000, 0x00000000c5200000, 0x00000000c5200000|100%| O|  |TAMS 0x00000000c5200000, 0x00000000c5100000| Untracked 
|  44|0x00000000c5200000, 0x00000000c5300000, 0x00000000c5300000|100%| O|  |TAMS 0x00000000c5300000, 0x00000000c5200000| Complete 
|  45|0x00000000c5300000, 0x00000000c5400000, 0x00000000c5400000|100%| O|  |TAMS 0x00000000c5400000, 0x00000000c5300000| Untracked 
|  46|0x00000000c5400000, 0x00000000c5500000, 0x00000000c5500000|100%| O|  |TAMS 0x00000000c5500000, 0x00000000c5400000| Untracked 
|  47|0x00000000c5500000, 0x00000000c5600000, 0x00000000c5600000|100%| O|  |TAMS 0x00000000c5500000, 0x00000000c5500000| Untracked 
|  48|0x00000000c5600000, 0x00000000c5700000, 0x00000000c5700000|100%| O|  |TAMS 0x00000000c5700000, 0x00000000c5600000| Untracked 
|  49|0x00000000c5700000, 0x00000000c5800000, 0x00000000c5800000|100%| O|  |TAMS 0x00000000c5700000, 0x00000000c5700000| Untracked 
|  50|0x00000000c5800000, 0x00000000c5900000, 0x00000000c5900000|100%| O|  |TAMS 0x00000000c5900000, 0x00000000c5800000| Untracked 
|  51|0x00000000c5900000, 0x00000000c5a00000, 0x00000000c5a00000|100%| O|  |TAMS 0x00000000c5a00000, 0x00000000c5900000| Untracked 
|  52|0x00000000c5a00000, 0x00000000c5b00000, 0x00000000c5b00000|100%| O|  |TAMS 0x00000000c5a00000, 0x00000000c5a00000| Untracked 
|  53|0x00000000c5b00000, 0x00000000c5b00000, 0x00000000c5c00000|  0%| F|  |TAMS 0x00000000c5b00000, 0x00000000c5b00000| Untracked 
|  54|0x00000000c5c00000, 0x00000000c5d00000, 0x00000000c5d00000|100%| O|  |TAMS 0x00000000c5d00000, 0x00000000c5c00000| Untracked 
|  55|0x00000000c5d00000, 0x00000000c5e00000, 0x00000000c5e00000|100%| O|  |TAMS 0x00000000c5d00000, 0x00000000c5d00000| Untracked 
|  56|0x00000000c5e00000, 0x00000000c5f00000, 0x00000000c5f00000|100%| O|  |TAMS 0x00000000c5f00000, 0x00000000c5e00000| Untracked 
|  57|0x00000000c5f00000, 0x00000000c6000000, 0x00000000c6000000|100%| O|  |TAMS 0x00000000c6000000, 0x00000000c5f00000| Untracked 
|  58|0x00000000c6000000, 0x00000000c6000000, 0x00000000c6100000|  0%| F|  |TAMS 0x00000000c6000000, 0x00000000c6000000| Untracked 
|  59|0x00000000c6100000, 0x00000000c6200000, 0x00000000c6200000|100%| O|  |TAMS 0x00000000c6200000, 0x00000000c6100000| Untracked 
|  60|0x00000000c6200000, 0x00000000c6300000, 0x00000000c6300000|100%| O|  |TAMS 0x00000000c6200000, 0x00000000c6200000| Untracked 
|  61|0x00000000c6300000, 0x00000000c6300000, 0x00000000c6400000|  0%| F|  |TAMS 0x00000000c6300000, 0x00000000c6300000| Untracked 
|  62|0x00000000c6400000, 0x00000000c6500000, 0x00000000c6500000|100%| O|  |TAMS 0x00000000c6500000, 0x00000000c6400000| Untracked 
|  63|0x00000000c6500000, 0x00000000c6600000, 0x00000000c6600000|100%| O|  |TAMS 0x00000000c6600000, 0x00000000c6500000| Untracked 
|  64|0x00000000c6600000, 0x00000000c6600000, 0x00000000c6700000|  0%| F|  |TAMS 0x00000000c6600000, 0x00000000c6600000| Untracked 
|  65|0x00000000c6700000, 0x00000000c6700000, 0x00000000c6800000|  0%| F|  |TAMS 0x00000000c6700000, 0x00000000c6700000| Untracked 
|  66|0x00000000c6800000, 0x00000000c6800000, 0x00000000c6900000|  0%| F|  |TAMS 0x00000000c6800000, 0x00000000c6800000| Untracked 
|  67|0x00000000c6900000, 0x00000000c6a00000, 0x00000000c6a00000|100%| O|  |TAMS 0x00000000c6a00000, 0x00000000c6900000| Untracked 
|  68|0x00000000c6a00000, 0x00000000c6b00000, 0x00000000c6b00000|100%| O|  |TAMS 0x00000000c6b00000, 0x00000000c6a00000| Untracked 
|  69|0x00000000c6b00000, 0x00000000c6c00000, 0x00000000c6c00000|100%| O|  |TAMS 0x00000000c6c00000, 0x00000000c6b00000| Untracked 
|  70|0x00000000c6c00000, 0x00000000c6c00000, 0x00000000c6d00000|  0%| F|  |TAMS 0x00000000c6c00000, 0x00000000c6c00000| Untracked 
|  71|0x00000000c6d00000, 0x00000000c6d00000, 0x00000000c6e00000|  0%| F|  |TAMS 0x00000000c6d00000, 0x00000000c6d00000| Untracked 
|  72|0x00000000c6e00000, 0x00000000c6e00000, 0x00000000c6f00000|  0%| F|  |TAMS 0x00000000c6e00000, 0x00000000c6e00000| Untracked 
|  73|0x00000000c6f00000, 0x00000000c6f00000, 0x00000000c7000000|  0%| F|  |TAMS 0x00000000c6f00000, 0x00000000c6f00000| Untracked 
|  74|0x00000000c7000000, 0x00000000c7000000, 0x00000000c7100000|  0%| F|  |TAMS 0x00000000c7000000, 0x00000000c7000000| Untracked 
|  75|0x00000000c7100000, 0x00000000c7100000, 0x00000000c7200000|  0%| F|  |TAMS 0x00000000c7100000, 0x00000000c7100000| Untracked 
|  76|0x00000000c7200000, 0x00000000c7200000, 0x00000000c7300000|  0%| F|  |TAMS 0x00000000c7200000, 0x00000000c7200000| Untracked 
|  77|0x00000000c7300000, 0x00000000c7300000, 0x00000000c7400000|  0%| F|  |TAMS 0x00000000c7300000, 0x00000000c7300000| Untracked 
|  78|0x00000000c7400000, 0x00000000c7400000, 0x00000000c7500000|  0%| F|  |TAMS 0x00000000c7400000, 0x00000000c7400000| Untracked 
|  79|0x00000000c7500000, 0x00000000c7500000, 0x00000000c7600000|  0%| F|  |TAMS 0x00000000c7500000, 0x00000000c7500000| Untracked 
|  80|0x00000000c7600000, 0x00000000c7600000, 0x00000000c7700000|  0%| F|  |TAMS 0x00000000c7600000, 0x00000000c7600000| Untracked 
|  81|0x00000000c7700000, 0x00000000c7700000, 0x00000000c7800000|  0%| F|  |TAMS 0x00000000c7700000, 0x00000000c7700000| Untracked 
|  82|0x00000000c7800000, 0x00000000c7800000, 0x00000000c7900000|  0%| F|  |TAMS 0x00000000c7800000, 0x00000000c7800000| Untracked 
|  83|0x00000000c7900000, 0x00000000c7900000, 0x00000000c7a00000|  0%| F|  |TAMS 0x00000000c7900000, 0x00000000c7900000| Untracked 
|  84|0x00000000c7a00000, 0x00000000c7a00000, 0x00000000c7b00000|  0%| F|  |TAMS 0x00000000c7a00000, 0x00000000c7a00000| Untracked 
|  85|0x00000000c7b00000, 0x00000000c7b00000, 0x00000000c7c00000|  0%| F|  |TAMS 0x00000000c7b00000, 0x00000000c7b00000| Untracked 
|  86|0x00000000c7c00000, 0x00000000c7c00000, 0x00000000c7d00000|  0%| F|  |TAMS 0x00000000c7c00000, 0x00000000c7c00000| Untracked 
|  87|0x00000000c7d00000, 0x00000000c7d00000, 0x00000000c7e00000|  0%| F|  |TAMS 0x00000000c7d00000, 0x00000000c7d00000| Untracked 
|  88|0x00000000c7e00000, 0x00000000c7e00000, 0x00000000c7f00000|  0%| F|  |TAMS 0x00000000c7e00000, 0x00000000c7e00000| Untracked 
|  89|0x00000000c7f00000, 0x00000000c7f00000, 0x00000000c8000000|  0%| F|  |TAMS 0x00000000c7f00000, 0x00000000c7f00000| Untracked 
|  90|0x00000000c8000000, 0x00000000c8000000, 0x00000000c8100000|  0%| F|  |TAMS 0x00000000c8000000, 0x00000000c8000000| Untracked 
|  91|0x00000000c8100000, 0x00000000c8100000, 0x00000000c8200000|  0%| F|  |TAMS 0x00000000c8100000, 0x00000000c8100000| Untracked 
|  92|0x00000000c8200000, 0x00000000c8200000, 0x00000000c8300000|  0%| F|  |TAMS 0x00000000c8200000, 0x00000000c8200000| Untracked 
|  93|0x00000000c8300000, 0x00000000c8300000, 0x00000000c8400000|  0%| F|  |TAMS 0x00000000c8300000, 0x00000000c8300000| Untracked 
|  94|0x00000000c8400000, 0x00000000c8400000, 0x00000000c8500000|  0%| F|  |TAMS 0x00000000c8400000, 0x00000000c8400000| Untracked 
|  95|0x00000000c8500000, 0x00000000c8500000, 0x00000000c8600000|  0%| F|  |TAMS 0x00000000c8500000, 0x00000000c8500000| Untracked 
|  96|0x00000000c8600000, 0x00000000c8600000, 0x00000000c8700000|  0%| F|  |TAMS 0x00000000c8600000, 0x00000000c8600000| Untracked 
|  97|0x00000000c8700000, 0x00000000c8700000, 0x00000000c8800000|  0%| F|  |TAMS 0x00000000c8700000, 0x00000000c8700000| Untracked 
|  98|0x00000000c8800000, 0x00000000c8800000, 0x00000000c8900000|  0%| F|  |TAMS 0x00000000c8800000, 0x00000000c8800000| Untracked 
|  99|0x00000000c8900000, 0x00000000c8900000, 0x00000000c8a00000|  0%| F|  |TAMS 0x00000000c8900000, 0x00000000c8900000| Untracked 
| 100|0x00000000c8a00000, 0x00000000c8a00000, 0x00000000c8b00000|  0%| F|  |TAMS 0x00000000c8a00000, 0x00000000c8a00000| Untracked 
| 101|0x00000000c8b00000, 0x00000000c8b00000, 0x00000000c8c00000|  0%| F|  |TAMS 0x00000000c8b00000, 0x00000000c8b00000| Untracked 
| 102|0x00000000c8c00000, 0x00000000c8c00000, 0x00000000c8d00000|  0%| F|  |TAMS 0x00000000c8c00000, 0x00000000c8c00000| Untracked 
| 103|0x00000000c8d00000, 0x00000000c8d00000, 0x00000000c8e00000|  0%| F|  |TAMS 0x00000000c8d00000, 0x00000000c8d00000| Untracked 
| 104|0x00000000c8e00000, 0x00000000c8e00000, 0x00000000c8f00000|  0%| F|  |TAMS 0x00000000c8e00000, 0x00000000c8e00000| Untracked 
| 105|0x00000000c8f00000, 0x00000000c8f00000, 0x00000000c9000000|  0%| F|  |TAMS 0x00000000c8f00000, 0x00000000c8f00000| Untracked 
| 106|0x00000000c9000000, 0x00000000c9000000, 0x00000000c9100000|  0%| F|  |TAMS 0x00000000c9000000, 0x00000000c9000000| Untracked 
| 107|0x00000000c9100000, 0x00000000c9100000, 0x00000000c9200000|  0%| F|  |TAMS 0x00000000c9100000, 0x00000000c9100000| Untracked 
| 108|0x00000000c9200000, 0x00000000c9200000, 0x00000000c9300000|  0%| F|  |TAMS 0x00000000c9200000, 0x00000000c9200000| Untracked 
| 109|0x00000000c9300000, 0x00000000c9300000, 0x00000000c9400000|  0%| F|  |TAMS 0x00000000c9300000, 0x00000000c9300000| Untracked 
| 110|0x00000000c9400000, 0x00000000c9400000, 0x00000000c9500000|  0%| F|  |TAMS 0x00000000c9400000, 0x00000000c9400000| Untracked 
| 111|0x00000000c9500000, 0x00000000c9500000, 0x00000000c9600000|  0%| F|  |TAMS 0x00000000c9500000, 0x00000000c9500000| Untracked 
| 112|0x00000000c9600000, 0x00000000c9600000, 0x00000000c9700000|  0%| F|  |TAMS 0x00000000c9600000, 0x00000000c9600000| Untracked 
| 113|0x00000000c9700000, 0x00000000c9700000, 0x00000000c9800000|  0%| F|  |TAMS 0x00000000c9700000, 0x00000000c9700000| Untracked 
| 114|0x00000000c9800000, 0x00000000c9800000, 0x00000000c9900000|  0%| F|  |TAMS 0x00000000c9800000, 0x00000000c9800000| Untracked 
| 115|0x00000000c9900000, 0x00000000c9900000, 0x00000000c9a00000|  0%| F|  |TAMS 0x00000000c9900000, 0x00000000c9900000| Untracked 
| 116|0x00000000c9a00000, 0x00000000c9a00000, 0x00000000c9b00000|  0%| F|  |TAMS 0x00000000c9a00000, 0x00000000c9a00000| Untracked 
| 117|0x00000000c9b00000, 0x00000000c9b00000, 0x00000000c9c00000|  0%| F|  |TAMS 0x00000000c9b00000, 0x00000000c9b00000| Untracked 
| 118|0x00000000c9c00000, 0x00000000c9c00000, 0x00000000c9d00000|  0%| F|  |TAMS 0x00000000c9c00000, 0x00000000c9c00000| Untracked 
| 119|0x00000000c9d00000, 0x00000000c9d00000, 0x00000000c9e00000|  0%| F|  |TAMS 0x00000000c9d00000, 0x00000000c9d00000| Untracked 
| 120|0x00000000c9e00000, 0x00000000c9e00000, 0x00000000c9f00000|  0%| F|  |TAMS 0x00000000c9e00000, 0x00000000c9e00000| Untracked 
| 121|0x00000000c9f00000, 0x00000000c9f00000, 0x00000000ca000000|  0%| F|  |TAMS 0x00000000c9f00000, 0x00000000c9f00000| Untracked 
| 122|0x00000000ca000000, 0x00000000ca000000, 0x00000000ca100000|  0%| F|  |TAMS 0x00000000ca000000, 0x00000000ca000000| Untracked 
| 123|0x00000000ca100000, 0x00000000ca100000, 0x00000000ca200000|  0%| F|  |TAMS 0x00000000ca100000, 0x00000000ca100000| Untracked 
| 124|0x00000000ca200000, 0x00000000ca200000, 0x00000000ca300000|  0%| F|  |TAMS 0x00000000ca200000, 0x00000000ca200000| Untracked 
| 125|0x00000000ca300000, 0x00000000ca300000, 0x00000000ca400000|  0%| F|  |TAMS 0x00000000ca300000, 0x00000000ca300000| Untracked 
| 126|0x00000000ca400000, 0x00000000ca400000, 0x00000000ca500000|  0%| F|  |TAMS 0x00000000ca400000, 0x00000000ca400000| Untracked 
| 127|0x00000000ca500000, 0x00000000ca500000, 0x00000000ca600000|  0%| F|  |TAMS 0x00000000ca500000, 0x00000000ca500000| Untracked 
| 128|0x00000000ca600000, 0x00000000ca600000, 0x00000000ca700000|  0%| F|  |TAMS 0x00000000ca600000, 0x00000000ca600000| Untracked 
| 129|0x00000000ca700000, 0x00000000ca700000, 0x00000000ca800000|  0%| F|  |TAMS 0x00000000ca700000, 0x00000000ca700000| Untracked 
| 130|0x00000000ca800000, 0x00000000ca800000, 0x00000000ca900000|  0%| F|  |TAMS 0x00000000ca800000, 0x00000000ca800000| Untracked 
| 131|0x00000000ca900000, 0x00000000ca900000, 0x00000000caa00000|  0%| F|  |TAMS 0x00000000ca900000, 0x00000000ca900000| Untracked 
| 132|0x00000000caa00000, 0x00000000caa00000, 0x00000000cab00000|  0%| F|  |TAMS 0x00000000caa00000, 0x00000000caa00000| Untracked 
| 133|0x00000000cab00000, 0x00000000cab00000, 0x00000000cac00000|  0%| F|  |TAMS 0x00000000cab00000, 0x00000000cab00000| Untracked 
| 134|0x00000000cac00000, 0x00000000cac00000, 0x00000000cad00000|  0%| F|  |TAMS 0x00000000cac00000, 0x00000000cac00000| Untracked 
| 135|0x00000000cad00000, 0x00000000cad00000, 0x00000000cae00000|  0%| F|  |TAMS 0x00000000cad00000, 0x00000000cad00000| Untracked 
| 136|0x00000000cae00000, 0x00000000cae00000, 0x00000000caf00000|  0%| F|  |TAMS 0x00000000cae00000, 0x00000000cae00000| Untracked 
| 137|0x00000000caf00000, 0x00000000caf00000, 0x00000000cb000000|  0%| F|  |TAMS 0x00000000caf00000, 0x00000000caf00000| Untracked 
| 138|0x00000000cb000000, 0x00000000cb000000, 0x00000000cb100000|  0%| F|  |TAMS 0x00000000cb000000, 0x00000000cb000000| Untracked 
| 139|0x00000000cb100000, 0x00000000cb100000, 0x00000000cb200000|  0%| F|  |TAMS 0x00000000cb100000, 0x00000000cb100000| Untracked 
| 140|0x00000000cb200000, 0x00000000cb200000, 0x00000000cb300000|  0%| F|  |TAMS 0x00000000cb200000, 0x00000000cb200000| Untracked 
| 141|0x00000000cb300000, 0x00000000cb300000, 0x00000000cb400000|  0%| F|  |TAMS 0x00000000cb300000, 0x00000000cb300000| Untracked 
| 142|0x00000000cb400000, 0x00000000cb400000, 0x00000000cb500000|  0%| F|  |TAMS 0x00000000cb400000, 0x00000000cb400000| Untracked 
| 143|0x00000000cb500000, 0x00000000cb500000, 0x00000000cb600000|  0%| F|  |TAMS 0x00000000cb500000, 0x00000000cb500000| Untracked 
| 144|0x00000000cb600000, 0x00000000cb600000, 0x00000000cb700000|  0%| F|  |TAMS 0x00000000cb600000, 0x00000000cb600000| Untracked 
| 145|0x00000000cb700000, 0x00000000cb700000, 0x00000000cb800000|  0%| F|  |TAMS 0x00000000cb700000, 0x00000000cb700000| Untracked 
| 146|0x00000000cb800000, 0x00000000cb800000, 0x00000000cb900000|  0%| F|  |TAMS 0x00000000cb800000, 0x00000000cb800000| Untracked 
| 147|0x00000000cb900000, 0x00000000cb900000, 0x00000000cba00000|  0%| F|  |TAMS 0x00000000cb900000, 0x00000000cb900000| Untracked 
| 148|0x00000000cba00000, 0x00000000cba00000, 0x00000000cbb00000|  0%| F|  |TAMS 0x00000000cba00000, 0x00000000cba00000| Untracked 
| 149|0x00000000cbb00000, 0x00000000cbb00000, 0x00000000cbc00000|  0%| F|  |TAMS 0x00000000cbb00000, 0x00000000cbb00000| Untracked 
| 150|0x00000000cbc00000, 0x00000000cbc00000, 0x00000000cbd00000|  0%| F|  |TAMS 0x00000000cbc00000, 0x00000000cbc00000| Untracked 
| 151|0x00000000cbd00000, 0x00000000cbd00000, 0x00000000cbe00000|  0%| F|  |TAMS 0x00000000cbd00000, 0x00000000cbd00000| Untracked 
| 152|0x00000000cbe00000, 0x00000000cbe00000, 0x00000000cbf00000|  0%| F|  |TAMS 0x00000000cbe00000, 0x00000000cbe00000| Untracked 
| 153|0x00000000cbf00000, 0x00000000cbf00000, 0x00000000cc000000|  0%| F|  |TAMS 0x00000000cbf00000, 0x00000000cbf00000| Untracked 
| 154|0x00000000cc000000, 0x00000000cc000000, 0x00000000cc100000|  0%| F|  |TAMS 0x00000000cc000000, 0x00000000cc000000| Untracked 
| 155|0x00000000cc100000, 0x00000000cc100000, 0x00000000cc200000|  0%| F|  |TAMS 0x00000000cc100000, 0x00000000cc100000| Untracked 
| 156|0x00000000cc200000, 0x00000000cc200000, 0x00000000cc300000|  0%| F|  |TAMS 0x00000000cc200000, 0x00000000cc200000| Untracked 
| 157|0x00000000cc300000, 0x00000000cc300000, 0x00000000cc400000|  0%| F|  |TAMS 0x00000000cc300000, 0x00000000cc300000| Untracked 
| 158|0x00000000cc400000, 0x00000000cc400000, 0x00000000cc500000|  0%| F|  |TAMS 0x00000000cc400000, 0x00000000cc400000| Untracked 
| 159|0x00000000cc500000, 0x00000000cc500000, 0x00000000cc600000|  0%| F|  |TAMS 0x00000000cc500000, 0x00000000cc500000| Untracked 
| 160|0x00000000cc600000, 0x00000000cc600000, 0x00000000cc700000|  0%| F|  |TAMS 0x00000000cc600000, 0x00000000cc600000| Untracked 
| 161|0x00000000cc700000, 0x00000000cc700000, 0x00000000cc800000|  0%| F|  |TAMS 0x00000000cc700000, 0x00000000cc700000| Untracked 
| 162|0x00000000cc800000, 0x00000000cc800000, 0x00000000cc900000|  0%| F|  |TAMS 0x00000000cc800000, 0x00000000cc800000| Untracked 
| 163|0x00000000cc900000, 0x00000000cc900000, 0x00000000cca00000|  0%| F|  |TAMS 0x00000000cc900000, 0x00000000cc900000| Untracked 
| 164|0x00000000cca00000, 0x00000000cca00000, 0x00000000ccb00000|  0%| F|  |TAMS 0x00000000cca00000, 0x00000000cca00000| Untracked 
| 165|0x00000000ccb00000, 0x00000000ccb00000, 0x00000000ccc00000|  0%| F|  |TAMS 0x00000000ccb00000, 0x00000000ccb00000| Untracked 
| 166|0x00000000ccc00000, 0x00000000ccc00000, 0x00000000ccd00000|  0%| F|  |TAMS 0x00000000ccc00000, 0x00000000ccc00000| Untracked 
| 167|0x00000000ccd00000, 0x00000000ccd00000, 0x00000000cce00000|  0%| F|  |TAMS 0x00000000ccd00000, 0x00000000ccd00000| Untracked 
| 168|0x00000000cce00000, 0x00000000cce00000, 0x00000000ccf00000|  0%| F|  |TAMS 0x00000000cce00000, 0x00000000cce00000| Untracked 
| 169|0x00000000ccf00000, 0x00000000ccf00000, 0x00000000cd000000|  0%| F|  |TAMS 0x00000000ccf00000, 0x00000000ccf00000| Untracked 
| 170|0x00000000cd000000, 0x00000000cd000000, 0x00000000cd100000|  0%| F|  |TAMS 0x00000000cd000000, 0x00000000cd000000| Untracked 
| 171|0x00000000cd100000, 0x00000000cd100000, 0x00000000cd200000|  0%| F|  |TAMS 0x00000000cd100000, 0x00000000cd100000| Untracked 
| 172|0x00000000cd200000, 0x00000000cd200000, 0x00000000cd300000|  0%| F|  |TAMS 0x00000000cd200000, 0x00000000cd200000| Untracked 
| 173|0x00000000cd300000, 0x00000000cd300000, 0x00000000cd400000|  0%| F|  |TAMS 0x00000000cd300000, 0x00000000cd300000| Untracked 
| 174|0x00000000cd400000, 0x00000000cd400000, 0x00000000cd500000|  0%| F|  |TAMS 0x00000000cd400000, 0x00000000cd400000| Untracked 
| 175|0x00000000cd500000, 0x00000000cd500000, 0x00000000cd600000|  0%| F|  |TAMS 0x00000000cd500000, 0x00000000cd500000| Untracked 
| 176|0x00000000cd600000, 0x00000000cd600000, 0x00000000cd700000|  0%| F|  |TAMS 0x00000000cd600000, 0x00000000cd600000| Untracked 
| 177|0x00000000cd700000, 0x00000000cd700000, 0x00000000cd800000|  0%| F|  |TAMS 0x00000000cd700000, 0x00000000cd700000| Untracked 
| 178|0x00000000cd800000, 0x00000000cd800000, 0x00000000cd900000|  0%| F|  |TAMS 0x00000000cd800000, 0x00000000cd800000| Untracked 
| 179|0x00000000cd900000, 0x00000000cd900000, 0x00000000cda00000|  0%| F|  |TAMS 0x00000000cd900000, 0x00000000cd900000| Untracked 
| 180|0x00000000cda00000, 0x00000000cda00000, 0x00000000cdb00000|  0%| F|  |TAMS 0x00000000cda00000, 0x00000000cda00000| Untracked 
| 181|0x00000000cdb00000, 0x00000000cdb00000, 0x00000000cdc00000|  0%| F|  |TAMS 0x00000000cdb00000, 0x00000000cdb00000| Untracked 
| 182|0x00000000cdc00000, 0x00000000cdc00000, 0x00000000cdd00000|  0%| F|  |TAMS 0x00000000cdc00000, 0x00000000cdc00000| Untracked 
| 183|0x00000000cdd00000, 0x00000000cdd00000, 0x00000000cde00000|  0%| F|  |TAMS 0x00000000cdd00000, 0x00000000cdd00000| Untracked 
| 184|0x00000000cde00000, 0x00000000cde00000, 0x00000000cdf00000|  0%| F|  |TAMS 0x00000000cde00000, 0x00000000cde00000| Untracked 
| 185|0x00000000cdf00000, 0x00000000cdf00000, 0x00000000ce000000|  0%| F|  |TAMS 0x00000000cdf00000, 0x00000000cdf00000| Untracked 
| 186|0x00000000ce000000, 0x00000000ce000000, 0x00000000ce100000|  0%| F|  |TAMS 0x00000000ce000000, 0x00000000ce000000| Untracked 
| 187|0x00000000ce100000, 0x00000000ce100000, 0x00000000ce200000|  0%| F|  |TAMS 0x00000000ce100000, 0x00000000ce100000| Untracked 
| 188|0x00000000ce200000, 0x00000000ce200000, 0x00000000ce300000|  0%| F|  |TAMS 0x00000000ce200000, 0x00000000ce200000| Untracked 
| 189|0x00000000ce300000, 0x00000000ce300000, 0x00000000ce400000|  0%| F|  |TAMS 0x00000000ce300000, 0x00000000ce300000| Untracked 
| 190|0x00000000ce400000, 0x00000000ce400000, 0x00000000ce500000|  0%| F|  |TAMS 0x00000000ce400000, 0x00000000ce400000| Untracked 
| 191|0x00000000ce500000, 0x00000000ce500000, 0x00000000ce600000|  0%| F|  |TAMS 0x00000000ce500000, 0x00000000ce500000| Untracked 
| 192|0x00000000ce600000, 0x00000000ce600000, 0x00000000ce700000|  0%| F|  |TAMS 0x00000000ce600000, 0x00000000ce600000| Untracked 
| 193|0x00000000ce700000, 0x00000000ce700000, 0x00000000ce800000|  0%| F|  |TAMS 0x00000000ce700000, 0x00000000ce700000| Untracked 
| 194|0x00000000ce800000, 0x00000000ce800000, 0x00000000ce900000|  0%| F|  |TAMS 0x00000000ce800000, 0x00000000ce800000| Untracked 
| 195|0x00000000ce900000, 0x00000000ce900000, 0x00000000cea00000|  0%| F|  |TAMS 0x00000000ce900000, 0x00000000ce900000| Untracked 
| 196|0x00000000cea00000, 0x00000000cea00000, 0x00000000ceb00000|  0%| F|  |TAMS 0x00000000cea00000, 0x00000000cea00000| Untracked 
| 197|0x00000000ceb00000, 0x00000000ceb00000, 0x00000000cec00000|  0%| F|  |TAMS 0x00000000ceb00000, 0x00000000ceb00000| Untracked 
| 198|0x00000000cec00000, 0x00000000cec00000, 0x00000000ced00000|  0%| F|  |TAMS 0x00000000cec00000, 0x00000000cec00000| Untracked 
| 199|0x00000000ced00000, 0x00000000ced00000, 0x00000000cee00000|  0%| F|  |TAMS 0x00000000ced00000, 0x00000000ced00000| Untracked 
| 200|0x00000000cee00000, 0x00000000cee00000, 0x00000000cef00000|  0%| F|  |TAMS 0x00000000cee00000, 0x00000000cee00000| Untracked 
| 201|0x00000000cef00000, 0x00000000cef00000, 0x00000000cf000000|  0%| F|  |TAMS 0x00000000cef00000, 0x00000000cef00000| Untracked 
| 202|0x00000000cf000000, 0x00000000cf000000, 0x00000000cf100000|  0%| F|  |TAMS 0x00000000cf000000, 0x00000000cf000000| Untracked 
| 203|0x00000000cf100000, 0x00000000cf100000, 0x00000000cf200000|  0%| F|  |TAMS 0x00000000cf100000, 0x00000000cf100000| Untracked 
| 204|0x00000000cf200000, 0x00000000cf200000, 0x00000000cf300000|  0%| F|  |TAMS 0x00000000cf200000, 0x00000000cf200000| Untracked 
| 205|0x00000000cf300000, 0x00000000cf300000, 0x00000000cf400000|  0%| F|  |TAMS 0x00000000cf300000, 0x00000000cf300000| Untracked 
| 206|0x00000000cf400000, 0x00000000cf400000, 0x00000000cf500000|  0%| F|  |TAMS 0x00000000cf400000, 0x00000000cf400000| Untracked 
| 207|0x00000000cf500000, 0x00000000cf500000, 0x00000000cf600000|  0%| F|  |TAMS 0x00000000cf500000, 0x00000000cf500000| Untracked 
| 208|0x00000000cf600000, 0x00000000cf600000, 0x00000000cf700000|  0%| F|  |TAMS 0x00000000cf600000, 0x00000000cf600000| Untracked 
| 209|0x00000000cf700000, 0x00000000cf700000, 0x00000000cf800000|  0%| F|  |TAMS 0x00000000cf700000, 0x00000000cf700000| Untracked 
| 210|0x00000000cf800000, 0x00000000cf800000, 0x00000000cf900000|  0%| F|  |TAMS 0x00000000cf800000, 0x00000000cf800000| Untracked 
| 211|0x00000000cf900000, 0x00000000cf900000, 0x00000000cfa00000|  0%| F|  |TAMS 0x00000000cf900000, 0x00000000cf900000| Untracked 
| 212|0x00000000cfa00000, 0x00000000cfa00000, 0x00000000cfb00000|  0%| F|  |TAMS 0x00000000cfa00000, 0x00000000cfa00000| Untracked 
| 213|0x00000000cfb00000, 0x00000000cfb00000, 0x00000000cfc00000|  0%| F|  |TAMS 0x00000000cfb00000, 0x00000000cfb00000| Untracked 
| 214|0x00000000cfc00000, 0x00000000cfc00000, 0x00000000cfd00000|  0%| F|  |TAMS 0x00000000cfc00000, 0x00000000cfc00000| Untracked 
| 215|0x00000000cfd00000, 0x00000000cfd00000, 0x00000000cfe00000|  0%| F|  |TAMS 0x00000000cfd00000, 0x00000000cfd00000| Untracked 
| 216|0x00000000cfe00000, 0x00000000cfe00000, 0x00000000cff00000|  0%| F|  |TAMS 0x00000000cfe00000, 0x00000000cfe00000| Untracked 
| 217|0x00000000cff00000, 0x00000000cff00000, 0x00000000d0000000|  0%| F|  |TAMS 0x00000000cff00000, 0x00000000cff00000| Untracked 
| 218|0x00000000d0000000, 0x00000000d0000000, 0x00000000d0100000|  0%| F|  |TAMS 0x00000000d0000000, 0x00000000d0000000| Untracked 
| 219|0x00000000d0100000, 0x00000000d0100000, 0x00000000d0200000|  0%| F|  |TAMS 0x00000000d0100000, 0x00000000d0100000| Untracked 
| 220|0x00000000d0200000, 0x00000000d0200000, 0x00000000d0300000|  0%| F|  |TAMS 0x00000000d0200000, 0x00000000d0200000| Untracked 
| 221|0x00000000d0300000, 0x00000000d0300000, 0x00000000d0400000|  0%| F|  |TAMS 0x00000000d0300000, 0x00000000d0300000| Untracked 
| 222|0x00000000d0400000, 0x00000000d0426088, 0x00000000d0500000| 14%| S|CS|TAMS 0x00000000d0400000, 0x00000000d0400000| Complete 
| 223|0x00000000d0500000, 0x00000000d0500000, 0x00000000d0600000|  0%| F|  |TAMS 0x00000000d0500000, 0x00000000d0500000| Untracked 
| 224|0x00000000d0600000, 0x00000000d0600000, 0x00000000d0700000|  0%| F|  |TAMS 0x00000000d0600000, 0x00000000d0600000| Untracked 
| 225|0x00000000d0700000, 0x00000000d0700000, 0x00000000d0800000|  0%| F|  |TAMS 0x00000000d0700000, 0x00000000d0700000| Untracked 
| 226|0x00000000d0800000, 0x00000000d0800000, 0x00000000d0900000|  0%| F|  |TAMS 0x00000000d0800000, 0x00000000d0800000| Untracked 
| 227|0x00000000d0900000, 0x00000000d0900000, 0x00000000d0a00000|  0%| F|  |TAMS 0x00000000d0900000, 0x00000000d0900000| Untracked 
| 228|0x00000000d0a00000, 0x00000000d0a00000, 0x00000000d0b00000|  0%| F|  |TAMS 0x00000000d0a00000, 0x00000000d0a00000| Untracked 
| 229|0x00000000d0b00000, 0x00000000d0b00000, 0x00000000d0c00000|  0%| F|  |TAMS 0x00000000d0b00000, 0x00000000d0b00000| Untracked 
| 230|0x00000000d0c00000, 0x00000000d0c00000, 0x00000000d0d00000|  0%| F|  |TAMS 0x00000000d0c00000, 0x00000000d0c00000| Untracked 
| 231|0x00000000d0d00000, 0x00000000d0d00000, 0x00000000d0e00000|  0%| F|  |TAMS 0x00000000d0d00000, 0x00000000d0d00000| Untracked 
| 232|0x00000000d0e00000, 0x00000000d0e00000, 0x00000000d0f00000|  0%| F|  |TAMS 0x00000000d0e00000, 0x00000000d0e00000| Untracked 
| 233|0x00000000d0f00000, 0x00000000d0f00000, 0x00000000d1000000|  0%| F|  |TAMS 0x00000000d0f00000, 0x00000000d0f00000| Untracked 
| 234|0x00000000d1000000, 0x00000000d1000000, 0x00000000d1100000|  0%| F|  |TAMS 0x00000000d1000000, 0x00000000d1000000| Untracked 
| 235|0x00000000d1100000, 0x00000000d1100000, 0x00000000d1200000|  0%| F|  |TAMS 0x00000000d1100000, 0x00000000d1100000| Untracked 
| 236|0x00000000d1200000, 0x00000000d1200000, 0x00000000d1300000|  0%| F|  |TAMS 0x00000000d1200000, 0x00000000d1200000| Untracked 
| 237|0x00000000d1300000, 0x00000000d1300000, 0x00000000d1400000|  0%| F|  |TAMS 0x00000000d1300000, 0x00000000d1300000| Untracked 
| 238|0x00000000d1400000, 0x00000000d1400000, 0x00000000d1500000|  0%| F|  |TAMS 0x00000000d1400000, 0x00000000d1400000| Untracked 
| 239|0x00000000d1500000, 0x00000000d1500000, 0x00000000d1600000|  0%| F|  |TAMS 0x00000000d1500000, 0x00000000d1500000| Untracked 
| 240|0x00000000d1600000, 0x00000000d1600000, 0x00000000d1700000|  0%| F|  |TAMS 0x00000000d1600000, 0x00000000d1600000| Untracked 
| 241|0x00000000d1700000, 0x00000000d1700000, 0x00000000d1800000|  0%| F|  |TAMS 0x00000000d1700000, 0x00000000d1700000| Untracked 
| 242|0x00000000d1800000, 0x00000000d1800000, 0x00000000d1900000|  0%| F|  |TAMS 0x00000000d1800000, 0x00000000d1800000| Untracked 
| 243|0x00000000d1900000, 0x00000000d1900000, 0x00000000d1a00000|  0%| F|  |TAMS 0x00000000d1900000, 0x00000000d1900000| Untracked 
| 244|0x00000000d1a00000, 0x00000000d1a00000, 0x00000000d1b00000|  0%| F|  |TAMS 0x00000000d1a00000, 0x00000000d1a00000| Untracked 
| 245|0x00000000d1b00000, 0x00000000d1b00000, 0x00000000d1c00000|  0%| F|  |TAMS 0x00000000d1b00000, 0x00000000d1b00000| Untracked 
| 246|0x00000000d1c00000, 0x00000000d1c00000, 0x00000000d1d00000|  0%| F|  |TAMS 0x00000000d1c00000, 0x00000000d1c00000| Untracked 
| 247|0x00000000d1d00000, 0x00000000d1d00000, 0x00000000d1e00000|  0%| F|  |TAMS 0x00000000d1d00000, 0x00000000d1d00000| Untracked 
| 248|0x00000000d1e00000, 0x00000000d1e00000, 0x00000000d1f00000|  0%| F|  |TAMS 0x00000000d1e00000, 0x00000000d1e00000| Untracked 
| 249|0x00000000d1f00000, 0x00000000d1f00000, 0x00000000d2000000|  0%| F|  |TAMS 0x00000000d1f00000, 0x00000000d1f00000| Untracked 
| 250|0x00000000d2000000, 0x00000000d2000000, 0x00000000d2100000|  0%| F|  |TAMS 0x00000000d2000000, 0x00000000d2000000| Untracked 
| 251|0x00000000d2100000, 0x00000000d2100000, 0x00000000d2200000|  0%| F|  |TAMS 0x00000000d2100000, 0x00000000d2100000| Untracked 
| 252|0x00000000d2200000, 0x00000000d2200000, 0x00000000d2300000|  0%| F|  |TAMS 0x00000000d2200000, 0x00000000d2200000| Untracked 
| 253|0x00000000d2300000, 0x00000000d2300000, 0x00000000d2400000|  0%| F|  |TAMS 0x00000000d2300000, 0x00000000d2300000| Untracked 
| 254|0x00000000d2400000, 0x00000000d2400000, 0x00000000d2500000|  0%| F|  |TAMS 0x00000000d2400000, 0x00000000d2400000| Untracked 
| 255|0x00000000d2500000, 0x00000000d2500000, 0x00000000d2600000|  0%| F|  |TAMS 0x00000000d2500000, 0x00000000d2500000| Untracked 
| 256|0x00000000d2600000, 0x00000000d2600000, 0x00000000d2700000|  0%| F|  |TAMS 0x00000000d2600000, 0x00000000d2600000| Untracked 
| 257|0x00000000d2700000, 0x00000000d2700000, 0x00000000d2800000|  0%| F|  |TAMS 0x00000000d2700000, 0x00000000d2700000| Untracked 
| 258|0x00000000d2800000, 0x00000000d2800000, 0x00000000d2900000|  0%| F|  |TAMS 0x00000000d2800000, 0x00000000d2800000| Untracked 
| 259|0x00000000d2900000, 0x00000000d2900000, 0x00000000d2a00000|  0%| F|  |TAMS 0x00000000d2900000, 0x00000000d2900000| Untracked 
| 260|0x00000000d2a00000, 0x00000000d2a00000, 0x00000000d2b00000|  0%| F|  |TAMS 0x00000000d2a00000, 0x00000000d2a00000| Untracked 
| 261|0x00000000d2b00000, 0x00000000d2b00000, 0x00000000d2c00000|  0%| F|  |TAMS 0x00000000d2b00000, 0x00000000d2b00000| Untracked 
| 262|0x00000000d2c00000, 0x00000000d2c00000, 0x00000000d2d00000|  0%| F|  |TAMS 0x00000000d2c00000, 0x00000000d2c00000| Untracked 
| 263|0x00000000d2d00000, 0x00000000d2d00000, 0x00000000d2e00000|  0%| F|  |TAMS 0x00000000d2d00000, 0x00000000d2d00000| Untracked 
| 264|0x00000000d2e00000, 0x00000000d2e00000, 0x00000000d2f00000|  0%| F|  |TAMS 0x00000000d2e00000, 0x00000000d2e00000| Untracked 
| 265|0x00000000d2f00000, 0x00000000d2f00000, 0x00000000d3000000|  0%| F|  |TAMS 0x00000000d2f00000, 0x00000000d2f00000| Untracked 
| 266|0x00000000d3000000, 0x00000000d3000000, 0x00000000d3100000|  0%| F|  |TAMS 0x00000000d3000000, 0x00000000d3000000| Untracked 
| 267|0x00000000d3100000, 0x00000000d3100000, 0x00000000d3200000|  0%| F|  |TAMS 0x00000000d3100000, 0x00000000d3100000| Untracked 
| 268|0x00000000d3200000, 0x00000000d3200000, 0x00000000d3300000|  0%| F|  |TAMS 0x00000000d3200000, 0x00000000d3200000| Untracked 
| 269|0x00000000d3300000, 0x00000000d3300000, 0x00000000d3400000|  0%| F|  |TAMS 0x00000000d3300000, 0x00000000d3300000| Untracked 
| 270|0x00000000d3400000, 0x00000000d3400000, 0x00000000d3500000|  0%| F|  |TAMS 0x00000000d3400000, 0x00000000d3400000| Untracked 
| 271|0x00000000d3500000, 0x00000000d3500000, 0x00000000d3600000|  0%| F|  |TAMS 0x00000000d3500000, 0x00000000d3500000| Untracked 
| 272|0x00000000d3600000, 0x00000000d3600000, 0x00000000d3700000|  0%| F|  |TAMS 0x00000000d3600000, 0x00000000d3600000| Untracked 
| 273|0x00000000d3700000, 0x00000000d3700000, 0x00000000d3800000|  0%| F|  |TAMS 0x00000000d3700000, 0x00000000d3700000| Untracked 
| 274|0x00000000d3800000, 0x00000000d3800000, 0x00000000d3900000|  0%| F|  |TAMS 0x00000000d3800000, 0x00000000d3800000| Untracked 

Card table byte_map: [0x00000234d5420000,0x00000234d5610000] _byte_map_base: 0x00000234d4e0d000

Marking Bits (Prev, Next): (CMBitMap*) 0x00000234cac7c1a0, (CMBitMap*) 0x00000234cac7c160
 Prev Bits: [0x00000234d6770000, 0x00000234d76d8000)
 Next Bits: [0x00000234d5800000, 0x00000234d6768000)

Polling page: 0x00000234c8c40000

Metaspace:

Usage:
  Non-class:     88.46 MB used.
      Class:     14.97 MB used.
       Both:    103.42 MB used.

Virtual space:
  Non-class space:       96.00 MB reserved,      88.88 MB ( 93%) committed,  12 nodes.
      Class space:        1.00 GB reserved,      15.31 MB (  1%) committed,  1 nodes.
             Both:        1.09 GB reserved,     104.19 MB (  9%) committed. 

Chunk freelists:
   Non-Class:  2.92 MB
       Class:  761.00 KB
        Both:  3.66 MB

MaxMetaspaceSize: unlimited
CompressedClassSpaceSize: 1.00 GB
Initial GC threshold: 21.00 MB
Current GC threshold: 172.81 MB
CDS: on
MetaspaceReclaimPolicy: balanced
 - commit_granule_bytes: 65536.
 - commit_granule_words: 8192.
 - virtual_space_node_default_size: 1048576.
 - enlarge_chunks_in_place: 1.
 - new_chunks_are_fully_committed: 0.
 - uncommit_free_chunks: 1.
 - use_allocation_guard: 0.
 - handle_deallocations: 1.


Internal statistics:

num_allocs_failed_limit: 9.
num_arena_births: 1502.
num_arena_deaths: 436.
num_vsnodes_births: 13.
num_vsnodes_deaths: 0.
num_space_committed: 1667.
num_space_uncommitted: 0.
num_chunks_returned_to_freelist: 504.
num_chunks_taken_from_freelist: 5574.
num_chunk_merges: 167.
num_chunk_splits: 3864.
num_chunks_enlarged: 2938.
num_purges: 6.
num_inconsistent_stats: 0.

CodeCache: size=49152Kb used=20215Kb max_used=20215Kb free=28936Kb
 bounds [0x00000234d2420000, 0x00000234d37e0000, 0x00000234d5420000]
 total_blobs=12717 nmethods=11921 adapters=723
 compilation: enabled
              stopped_count=0, restarted_count=0
 full_count=0

Compilation events (20 events):
Event: 1473.809 Thread 0x00000234d9b45750 12133       1       org.springframework.data.mapping.model.ClassGeneratingPropertyAccessorFactory$PropertyAccessorClassGenerator::generateMethodHandle (97 bytes)
Event: 1473.813 Thread 0x00000234d9b45750 nmethod 12133 0x00000234d37db390 code [0x00000234d37db5c0, 0x00000234d37dbac8]
Event: 1473.873 Thread 0x00000234d9b45750 12134       1       org.springframework.data.mapping.model.BytecodeUtil::isDefault (27 bytes)
Event: 1473.874 Thread 0x00000234d9b45750 nmethod 12134 0x00000234d37dbd90 code [0x00000234d37dbf20, 0x00000234d37dc058]
Event: 1474.041 Thread 0x00000234d9b45750 12135       1       org.springframework.data.mapping.model.ClassGeneratingPropertyAccessorFactory$PropertyStackAddress::compareTo (9 bytes)
Event: 1474.042 Thread 0x00000234d9b45750 nmethod 12135 0x00000234d37dc110 code [0x00000234d37dc2a0, 0x00000234d37dc3f8]
Event: 1474.042 Thread 0x00000234d9b45750 12136       1       org.springframework.data.mapping.model.ClassGeneratingPropertyAccessorFactory$PropertyStackAddress::compareTo (12 bytes)
Event: 1474.042 Thread 0x00000234d9b45750 nmethod 12136 0x00000234d37dc510 code [0x00000234d37dc6a0, 0x00000234d37dc7b8]
Event: 1474.402 Thread 0x00000234d9b45750 12138       1       java.lang.invoke.DirectMethodHandle::make (21 bytes)
Event: 1474.403 Thread 0x00000234d9b45750 nmethod 12138 0x00000234d37dcc90 code [0x00000234d37dce20, 0x00000234d37dcf08]
Event: 1474.825 Thread 0x00000234d9b45750 12139       1       java.lang.invoke.LambdaForm::<init> (13 bytes)
Event: 1474.855 Thread 0x00000234d9b45750 nmethod 12139 0x00000234d37dcf90 code [0x00000234d37dd120, 0x00000234d37dd228]
Event: 1475.667 Thread 0x00000234d9b45750 12140       1       org.hibernate.internal.JdbcSessionContextImpl::settings (10 bytes)
Event: 1475.693 Thread 0x00000234d9b45750 nmethod 12140 0x00000234d37dd290 code [0x00000234d37dd420, 0x00000234d37dd538]
Event: 1475.703 Thread 0x00000234d9b45750 12141       1       org.hibernate.type.AbstractStandardBasicType::getJdbcValueBinder (5 bytes)
Event: 1475.703 Thread 0x00000234d9b45750 nmethod 12141 0x00000234d37dd610 code [0x00000234d37dd7a0, 0x00000234d37dd878]
Event: 1476.081 Thread 0x00000234d9b45750 12142       1       org.hibernate.sql.results.jdbc.internal.JdbcValuesSourceProcessingStateStandardImpl::getExecutionContext (5 bytes)
Event: 1476.082 Thread 0x00000234d9b45750 nmethod 12142 0x00000234d37dd910 code [0x00000234d37ddaa0, 0x00000234d37ddb78]
Event: 1479.331 Thread 0x00000234d9b45750 12143       1       org.apache.tomcat.util.net.NioEndpoint$NioSocketWrapper::interestOps (5 bytes)
Event: 1479.332 Thread 0x00000234d9b45750 nmethod 12143 0x00000234d37ddc10 code [0x00000234d37ddda0, 0x00000234d37dde78]

GC Heap History (20 events):
Event: 752.279 GC heap after
{Heap after GC invocations=63 (full 0):
 garbage-first heap   total 239616K, used 63580K [0x00000000c2600000, 0x0000000100000000)
  region size 1024K, 1 young (1024K), 1 survivors (1024K)
 Metaspace       used 92005K, committed 92672K, reserved 1130496K
  class space    used 13596K, committed 13888K, reserved 1048576K
}
Event: 752.397 GC heap before
{Heap before GC invocations=63 (full 0):
 garbage-first heap   total 239616K, used 72796K [0x00000000c2600000, 0x0000000100000000)
  region size 1024K, 11 young (11264K), 1 survivors (1024K)
 Metaspace       used 92005K, committed 92672K, reserved 1130496K
  class space    used 13596K, committed 13888K, reserved 1048576K
}
Event: 752.443 GC heap after
{Heap after GC invocations=64 (full 0):
 garbage-first heap   total 239616K, used 62432K [0x00000000c2600000, 0x0000000100000000)
  region size 1024K, 1 young (1024K), 1 survivors (1024K)
 Metaspace       used 92005K, committed 92672K, reserved 1130496K
  class space    used 13596K, committed 13888K, reserved 1048576K
}
Event: 752.874 GC heap before
{Heap before GC invocations=64 (full 0):
 garbage-first heap   total 239616K, used 90080K [0x00000000c2600000, 0x0000000100000000)
  region size 1024K, 29 young (29696K), 1 survivors (1024K)
 Metaspace       used 92005K, committed 92672K, reserved 1130496K
  class space    used 13596K, committed 13888K, reserved 1048576K
}
Event: 752.927 GC heap after
{Heap after GC invocations=65 (full 0):
 garbage-first heap   total 239616K, used 62530K [0x00000000c2600000, 0x0000000100000000)
  region size 1024K, 1 young (1024K), 1 survivors (1024K)
 Metaspace       used 92005K, committed 92672K, reserved 1130496K
  class space    used 13596K, committed 13888K, reserved 1048576K
}
Event: 754.386 GC heap before
{Heap before GC invocations=65 (full 0):
 garbage-first heap   total 239616K, used 114754K [0x00000000c2600000, 0x0000000100000000)
  region size 1024K, 53 young (54272K), 1 survivors (1024K)
 Metaspace       used 92005K, committed 92672K, reserved 1130496K
  class space    used 13596K, committed 13888K, reserved 1048576K
}
Event: 754.392 GC heap after
{Heap after GC invocations=66 (full 0):
 garbage-first heap   total 239616K, used 62521K [0x00000000c2600000, 0x0000000100000000)
  region size 1024K, 1 young (1024K), 1 survivors (1024K)
 Metaspace       used 92005K, committed 92672K, reserved 1130496K
  class space    used 13596K, committed 13888K, reserved 1048576K
}
Event: 887.392 GC heap before
{Heap before GC invocations=67 (full 0):
 garbage-first heap   total 239616K, used 132153K [0x00000000c2600000, 0x0000000100000000)
  region size 1024K, 70 young (71680K), 1 survivors (1024K)
 Metaspace       used 94977K, committed 95744K, reserved 1138688K
  class space    used 14023K, committed 14400K, reserved 1048576K
}
Event: 887.595 GC heap after
{Heap after GC invocations=68 (full 0):
 garbage-first heap   total 239616K, used 63706K [0x00000000c2600000, 0x0000000100000000)
  region size 1024K, 3 young (3072K), 3 survivors (3072K)
 Metaspace       used 94977K, committed 95744K, reserved 1138688K
  class space    used 14023K, committed 14400K, reserved 1048576K
}
Event: 922.333 GC heap before
{Heap before GC invocations=68 (full 0):
 garbage-first heap   total 239616K, used 71898K [0x00000000c2600000, 0x0000000100000000)
  region size 1024K, 11 young (11264K), 3 survivors (3072K)
 Metaspace       used 94977K, committed 95744K, reserved 1138688K
  class space    used 14023K, committed 14400K, reserved 1048576K
}
Event: 922.569 GC heap after
{Heap after GC invocations=69 (full 0):
 garbage-first heap   total 239616K, used 62906K [0x00000000c2600000, 0x0000000100000000)
  region size 1024K, 1 young (1024K), 1 survivors (1024K)
 Metaspace       used 94977K, committed 95744K, reserved 1138688K
  class space    used 14023K, committed 14400K, reserved 1048576K
}
Event: 968.682 GC heap before
{Heap before GC invocations=69 (full 0):
 garbage-first heap   total 239616K, used 73146K [0x00000000c2600000, 0x0000000100000000)
  region size 1024K, 11 young (11264K), 1 survivors (1024K)
 Metaspace       used 95013K, committed 95808K, reserved 1138688K
  class space    used 14028K, committed 14400K, reserved 1048576K
}
Event: 968.809 GC heap after
{Heap after GC invocations=70 (full 0):
 garbage-first heap   total 239616K, used 62396K [0x00000000c2600000, 0x0000000100000000)
  region size 1024K, 1 young (1024K), 1 survivors (1024K)
 Metaspace       used 95013K, committed 95808K, reserved 1138688K
  class space    used 14028K, committed 14400K, reserved 1048576K
}
Event: 1459.526 GC heap before
{Heap before GC invocations=70 (full 0):
 garbage-first heap   total 239616K, used 171964K [0x00000000c2600000, 0x0000000100000000)
  region size 1024K, 109 young (111616K), 1 survivors (1024K)
 Metaspace       used 102718K, committed 103488K, reserved 1138688K
  class space    used 14927K, committed 15296K, reserved 1048576K
}
Event: 1459.621 GC heap after
{Heap after GC invocations=71 (full 0):
 garbage-first heap   total 239616K, used 65040K [0x00000000c2600000, 0x0000000100000000)
  region size 1024K, 3 young (3072K), 3 survivors (3072K)
 Metaspace       used 102718K, committed 103488K, reserved 1138688K
  class space    used 14927K, committed 15296K, reserved 1048576K
}
Event: 1488.494 GC heap before
{Heap before GC invocations=72 (full 0):
 garbage-first heap   total 239616K, used 153104K [0x00000000c2600000, 0x0000000100000000)
  region size 1024K, 90 young (92160K), 3 survivors (3072K)
 Metaspace       used 105906K, committed 106688K, reserved 1146880K
  class space    used 15325K, committed 15680K, reserved 1048576K
}
Event: 1488.640 GC heap after
{Heap after GC invocations=73 (full 0):
 garbage-first heap   total 239616K, used 66718K [0x00000000c2600000, 0x0000000100000000)
  region size 1024K, 5 young (5120K), 5 survivors (5120K)
 Metaspace       used 105906K, committed 106688K, reserved 1146880K
  class space    used 15325K, committed 15680K, reserved 1048576K
}
Event: 1489.387 GC heap before
{Heap before GC invocations=73 (full 0):
 garbage-first heap   total 239616K, used 71838K [0x00000000c2600000, 0x0000000100000000)
  region size 1024K, 11 young (11264K), 5 survivors (5120K)
 Metaspace       used 105907K, committed 106688K, reserved 1146880K
  class space    used 15325K, committed 15680K, reserved 1048576K
}
Event: 1490.439 GC heap after
{Heap after GC invocations=74 (full 0):
 garbage-first heap   total 239616K, used 66017K [0x00000000c2600000, 0x0000000100000000)
  region size 1024K, 1 young (1024K), 1 survivors (1024K)
 Metaspace       used 105907K, committed 106688K, reserved 1146880K
  class space    used 15325K, committed 15680K, reserved 1048576K
}
Event: 1490.671 GC heap before
{Heap before GC invocations=74 (full 0):
 garbage-first heap   total 239616K, used 75233K [0x00000000c2600000, 0x0000000100000000)
  region size 1024K, 11 young (11264K), 1 survivors (1024K)
 Metaspace       used 105907K, committed 106688K, reserved 1146880K
  class space    used 15325K, committed 15680K, reserved 1048576K
}

Deoptimization events (20 events):
Event: 23.973 Thread 0x00000234db31eac0 DEOPT PACKING pc=0x00000234d2c61cb4 sp=0x000000acec5fb3c0
Event: 23.973 Thread 0x00000234db31eac0 DEOPT UNPACKING pc=0x00000234d2472b24 sp=0x000000acec5fa948 mode 0
Event: 23.973 Thread 0x00000234db31eac0 DEOPT PACKING pc=0x00000234d2bc3b6c sp=0x000000acec5fb5a0
Event: 23.973 Thread 0x00000234db31eac0 DEOPT UNPACKING pc=0x00000234d2472b24 sp=0x000000acec5faa60 mode 0
Event: 26.242 Thread 0x00000234db31eac0 DEOPT PACKING pc=0x00000234d2d5da9d sp=0x000000acec5fcb60
Event: 26.242 Thread 0x00000234db31eac0 DEOPT UNPACKING pc=0x00000234d2472b24 sp=0x000000acec5fc0c8 mode 3
Event: 28.556 Thread 0x00000234db0f0480 DEOPT PACKING pc=0x00000234d27e8801 sp=0x000000acec7ff580
Event: 28.556 Thread 0x00000234db0f0480 DEOPT UNPACKING pc=0x00000234d2472b24 sp=0x000000acec7fea18 mode 3
Event: 44.630 Thread 0x00000234db31eac0 DEOPT PACKING pc=0x00000234d2fe0384 sp=0x000000acec5f8c10
Event: 44.631 Thread 0x00000234db31eac0 DEOPT UNPACKING pc=0x00000234d2472b24 sp=0x000000acec5f8188 mode 0
Event: 68.138 Thread 0x00000234db31eac0 DEOPT PACKING pc=0x00000234d31c7fcc sp=0x000000acec5fc390
Event: 68.138 Thread 0x00000234db31eac0 DEOPT UNPACKING pc=0x00000234d2472b24 sp=0x000000acec5fb828 mode 3
Event: 72.030 Thread 0x00000234de2d8870 DEOPT PACKING pc=0x00000234d27da797 sp=0x000000acea8fec90
Event: 72.031 Thread 0x00000234de2d8870 DEOPT UNPACKING pc=0x00000234d2472b24 sp=0x000000acea8fe0e8 mode 3
Event: 75.053 Thread 0x00000234db31eac0 DEOPT PACKING pc=0x00000234d330702c sp=0x000000acec5fd510
Event: 75.053 Thread 0x00000234db31eac0 DEOPT UNPACKING pc=0x00000234d2472b24 sp=0x000000acec5fcbf0 mode 3
Event: 682.571 Thread 0x00000234e15d2540 DEOPT PACKING pc=0x00000234d3683500 sp=0x000000acedaf7be0
Event: 682.573 Thread 0x00000234e15d2540 DEOPT UNPACKING pc=0x00000234d2472b24 sp=0x000000acedaf70a8 mode 3
Event: 687.170 Thread 0x00000234e15d2540 DEOPT PACKING pc=0x00000234d36987d4 sp=0x000000acedae8e20
Event: 687.184 Thread 0x00000234e15d2540 DEOPT UNPACKING pc=0x00000234d2472b24 sp=0x000000acedae8398 mode 0

Classes unloaded (20 events):
Event: 1460.794 Thread 0x00000234cacf6b00 Unloading class 0x000000080198e400 'java/lang/invoke/LambdaForm$MH+0x000000080198e400'
Event: 1460.794 Thread 0x00000234cacf6b00 Unloading class 0x000000080198e000 'java/lang/invoke/LambdaForm$MH+0x000000080198e000'
Event: 1460.794 Thread 0x00000234cacf6b00 Unloading class 0x000000080198dc00 'java/lang/invoke/LambdaForm$MH+0x000000080198dc00'
Event: 1460.794 Thread 0x00000234cacf6b00 Unloading class 0x000000080198d800 'java/lang/invoke/LambdaForm$MH+0x000000080198d800'
Event: 1460.794 Thread 0x00000234cacf6b00 Unloading class 0x000000080198d400 'java/lang/invoke/LambdaForm$MH+0x000000080198d400'
Event: 1460.795 Thread 0x00000234cacf6b00 Unloading class 0x0000000801985400 'jdk/internal/reflect/GeneratedMethodAccessor101'
Event: 1460.795 Thread 0x00000234cacf6b00 Unloading class 0x0000000801984800 'jdk/internal/reflect/GeneratedMethodAccessor100'
Event: 1460.796 Thread 0x00000234cacf6b00 Unloading class 0x00000008017a0800 'java/lang/invoke/LambdaForm$MH+0x00000008017a0800'
Event: 1460.796 Thread 0x00000234cacf6b00 Unloading class 0x00000008017a2800 'java/lang/invoke/LambdaForm$MH+0x00000008017a2800'
Event: 1460.797 Thread 0x00000234cacf6b00 Unloading class 0x00000008017b8c00 'java/lang/invoke/LambdaForm$MH+0x00000008017b8c00'
Event: 1460.797 Thread 0x00000234cacf6b00 Unloading class 0x00000008017b9800 'java/lang/invoke/LambdaForm$MH+0x00000008017b9800'
Event: 1460.797 Thread 0x00000234cacf6b00 Unloading class 0x00000008017ba000 'java/lang/invoke/LambdaForm$MH+0x00000008017ba000'
Event: 1460.798 Thread 0x00000234cacf6b00 Unloading class 0x00000008018b9000 'java/lang/invoke/LambdaForm$MH+0x00000008018b9000'
Event: 1460.798 Thread 0x00000234cacf6b00 Unloading class 0x0000000800c07c00 'java/lang/invoke/LambdaForm$MH+0x0000000800c07c00'
Event: 1460.798 Thread 0x00000234cacf6b00 Unloading class 0x0000000800c07800 'java/lang/invoke/LambdaForm$MH+0x0000000800c07800'
Event: 1460.798 Thread 0x00000234cacf6b00 Unloading class 0x0000000800c07400 'java/lang/invoke/LambdaForm$MH+0x0000000800c07400'
Event: 1460.798 Thread 0x00000234cacf6b00 Unloading class 0x0000000800c07000 'java/lang/invoke/LambdaForm$MH+0x0000000800c07000'
Event: 1460.799 Thread 0x00000234cacf6b00 Unloading class 0x0000000800c06c00 'java/lang/invoke/LambdaForm$MH+0x0000000800c06c00'
Event: 1460.799 Thread 0x00000234cacf6b00 Unloading class 0x0000000800c06800 'java/lang/invoke/LambdaForm$MH+0x0000000800c06800'
Event: 1460.799 Thread 0x00000234cacf6b00 Unloading class 0x0000000800c02800 'java/lang/invoke/LambdaForm$MH+0x0000000800c02800'

Classes redefined (0 events):
No events

Internal exceptions (20 events):
Event: 1432.620 Thread 0x00000234e15d4bc0 Exception <a 'java/lang/NoSuchMethodError'{0x00000000cc68eae0}: 'java.lang.Object java.lang.invoke.Invokers$Holder.linkToTargetMethod(java.lang.Object, java.lang.Object, long, java.lang.Object, java.lang.Object)'> (0x00000000cc68eae0) 
thrown [c:\sb\prod\1715191057\workspace\open\src\hotspot\share\interpreter\linkResolver.cpp, line 766]
Event: 1440.402 Thread 0x00000234e15d4bc0 Exception <a 'java/lang/NoSuchMethodError'{0x00000000cc24fa90}: 'long java.lang.invoke.DirectMethodHandle$Holder.invokeStatic(java.lang.Object, java.lang.Object)'> (0x00000000cc24fa90) 
thrown [c:\sb\prod\1715191057\workspace\open\src\hotspot\share\interpreter\linkResolver.cpp, line 766]
Event: 1451.204 Thread 0x00000234e15d4bc0 Exception <a 'java/lang/ClassNotFoundException'{0x00000000cb25cff8}: jdk/jfr/internal/handlers/EventHandler22659_1756567887285-17624> (0x00000000cb25cff8) 
thrown [c:\sb\prod\1715191057\workspace\open\src\hotspot\share\classfile\systemDictionary.cpp, line 256]
Event: 1451.249 Thread 0x00000234e15d4bc0 Exception <a 'java/lang/ClassNotFoundException'{0x00000000cb2787d8}: jdk/jfr/internal/handlers/EventHandler22786_1756567887285-17624> (0x00000000cb2787d8) 
thrown [c:\sb\prod\1715191057\workspace\open\src\hotspot\share\classfile\systemDictionary.cpp, line 256]
Event: 1453.844 Thread 0x00000234e15d8a50 Exception <a 'java/lang/NoSuchMethodError'{0x00000000cad19ac8}: 'java.lang.Object java.lang.invoke.DirectMethodHandle$Holder.invokeStaticInit(java.lang.Object, java.lang.Object, java.lang.Object, java.lang.Object, java.lang.Object, java.lang.Object)'> (0x00000000cad19ac8) 
thrown [c:\sb\prod\1715191057\workspace\open\src\hotspot\share\interpreter\linkResolver.cpp, line 766]
Event: 1453.912 Thread 0x00000234e15d8a50 Exception <a 'java/lang/ClassNotFoundException'{0x00000000cad86f58}: jdk/jfr/internal/handlers/EventHandler23041_1756567887285-17624> (0x00000000cad86f58) 
thrown [c:\sb\prod\1715191057\workspace\open\src\hotspot\share\classfile\systemDictionary.cpp, line 256]
Event: 1454.154 Thread 0x00000234e15d8a50 Exception <a 'java/lang/ClassNotFoundException'{0x00000000cacc1328}: jdk/jfr/internal/handlers/EventHandler23121_1756567887285-17624> (0x00000000cacc1328) 
thrown [c:\sb\prod\1715191057\workspace\open\src\hotspot\share\classfile\systemDictionary.cpp, line 256]
Event: 1454.341 Thread 0x00000234e15d4bc0 Exception <a 'java/lang/NoSuchMethodError'{0x00000000caa9cc00}: 'java.lang.Object java.lang.invoke.DirectMethodHandle$Holder.invokeInterface(java.lang.Object, java.lang.Object, java.lang.Object, java.lang.Object, java.lang.Object)'> (0x00000000caa9cc00) 
thrown [c:\sb\prod\1715191057\workspace\open\src\hotspot\share\interpreter\linkResolver.cpp, line 766]
Event: 1454.403 Thread 0x00000234e15d4bc0 Exception <a 'java/lang/NoSuchMethodError'{0x00000000ca9093c0}: 'java.lang.Object java.lang.invoke.DirectMethodHandle$Holder.newInvokeSpecial(java.lang.Object, java.lang.Object, java.lang.Object, java.lang.Object, long)'> (0x00000000ca9093c0) 
thrown [c:\sb\prod\1715191057\workspace\open\src\hotspot\share\interpreter\linkResolver.cpp, line 766]
Event: 1454.675 Thread 0x00000234e15d4bc0 Exception <a 'java/io/FileNotFoundException'{0x00000000ca83e1d0}> (0x00000000ca83e1d0) 
thrown [c:\sb\prod\1715191057\workspace\open\src\hotspot\share\prims\jni.cpp, line 516]
Event: 1454.857 Thread 0x00000234e15d4bc0 Exception <a 'java/lang/NullPointerException'{0x00000000ca8da278}> (0x00000000ca8da278) 
thrown [c:\sb\prod\1715191057\workspace\open\src\hotspot\share\interpreter\linkResolver.cpp, line 1357]
Event: 1454.857 Thread 0x00000234e15d4bc0 Exception <a 'java/lang/NullPointerException'{0x00000000ca8db020}> (0x00000000ca8db020) 
thrown [c:\sb\prod\1715191057\workspace\open\src\hotspot\share\interpreter\linkResolver.cpp, line 1357]
Event: 1454.858 Thread 0x00000234e15d4bc0 Exception <a 'java/lang/NullPointerException'{0x00000000ca8dbdc8}> (0x00000000ca8dbdc8) 
thrown [c:\sb\prod\1715191057\workspace\open\src\hotspot\share\interpreter\linkResolver.cpp, line 1357]
Event: 1454.965 Thread 0x00000234e15d4bc0 Exception <a 'java/lang/NullPointerException'{0x00000000ca710b18}> (0x00000000ca710b18) 
thrown [c:\sb\prod\1715191057\workspace\open\src\hotspot\share\interpreter\linkResolver.cpp, line 1357]
Event: 1454.966 Thread 0x00000234e15d4bc0 Exception <a 'java/lang/NullPointerException'{0x00000000ca7118c0}> (0x00000000ca7118c0) 
thrown [c:\sb\prod\1715191057\workspace\open\src\hotspot\share\interpreter\linkResolver.cpp, line 1357]
Event: 1454.966 Thread 0x00000234e15d4bc0 Exception <a 'java/lang/NullPointerException'{0x00000000ca712668}> (0x00000000ca712668) 
thrown [c:\sb\prod\1715191057\workspace\open\src\hotspot\share\interpreter\linkResolver.cpp, line 1357]
Event: 1454.975 Thread 0x00000234e15d4bc0 Exception <a 'java/io/FileNotFoundException'{0x00000000ca722fd0}> (0x00000000ca722fd0) 
thrown [c:\sb\prod\1715191057\workspace\open\src\hotspot\share\prims\jni.cpp, line 516]
Event: 1457.058 Thread 0x00000234e15d4bc0 Exception <a 'java/io/IOException'{0x00000000ca64d758}> (0x00000000ca64d758) 
thrown [c:\sb\prod\1715191057\workspace\open\src\hotspot\share\prims\jni.cpp, line 516]
Event: 1469.007 Thread 0x00000234e15d80b0 Exception <a 'java/io/FileNotFoundException'{0x00000000d05b0c40}> (0x00000000d05b0c40) 
thrown [c:\sb\prod\1715191057\workspace\open\src\hotspot\share\prims\jni.cpp, line 516]
Event: 1469.034 Thread 0x00000234e15d80b0 Exception <a 'java/io/FileNotFoundException'{0x00000000d05bc330}> (0x00000000d05bc330) 
thrown [c:\sb\prod\1715191057\workspace\open\src\hotspot\share\prims\jni.cpp, line 516]

VM Operations (20 events):
Event: 1466.755 Executing VM operation: G1Concurrent done
Event: 1467.769 Executing VM operation: Cleanup
Event: 1468.393 Executing VM operation: Cleanup done
Event: 1469.396 Executing VM operation: Cleanup
Event: 1469.396 Executing VM operation: Cleanup done
Event: 1470.400 Executing VM operation: Cleanup
Event: 1471.109 Executing VM operation: Cleanup done
Event: 1472.110 Executing VM operation: Cleanup
Event: 1472.135 Executing VM operation: Cleanup done
Event: 1473.141 Executing VM operation: Cleanup
Event: 1473.255 Executing VM operation: Cleanup done
Event: 1474.262 Executing VM operation: Cleanup
Event: 1474.294 Executing VM operation: Cleanup done
Event: 1475.294 Executing VM operation: Cleanup
Event: 1475.304 Executing VM operation: Cleanup done
Event: 1488.487 Executing VM operation: G1CollectForAllocation
Event: 1488.641 Executing VM operation: G1CollectForAllocation done
Event: 1489.387 Executing VM operation: G1CollectForAllocation
Event: 1490.439 Executing VM operation: G1CollectForAllocation done
Event: 1490.671 Executing VM operation: G1CollectForAllocation

Events (20 events):
Event: 1470.066 loading class sun/security/ssl/SSLEngineOutputRecord$HandshakeFragment
Event: 1470.077 loading class sun/security/ssl/SSLEngineOutputRecord$HandshakeFragment done
Event: 1470.077 loading class sun/security/ssl/SSLEngineOutputRecord$HandshakeMemo
Event: 1470.077 loading class sun/security/ssl/SSLEngineOutputRecord$RecordMemo
Event: 1470.077 loading class sun/security/ssl/SSLEngineOutputRecord$RecordMemo done
Event: 1470.077 loading class sun/security/ssl/SSLEngineOutputRecord$HandshakeMemo done
Event: 1470.123 loading class sun/security/ssl/PreSharedKeyExtension$SHPreSharedKeySpec
Event: 1470.124 loading class sun/security/ssl/PreSharedKeyExtension$SHPreSharedKeySpec done
Event: 1471.312 loading class sun/security/ssl/Alert
Event: 1471.350 loading class sun/security/ssl/Alert done
Event: 1471.351 loading class sun/security/ssl/Alert$AlertConsumer
Event: 1471.366 loading class sun/security/ssl/Alert$AlertConsumer done
Event: 1471.366 loading class sun/security/ssl/Alert$Level
Event: 1471.366 loading class sun/security/ssl/Alert$Level done
Event: 1471.507 Thread 0x00000234e15d8580 Thread exited: 0x00000234e15d8580
Event: 1471.613 Thread 0x00000234e15d80b0 Thread exited: 0x00000234e15d80b0
Event: 1473.523 Thread 0x00000234e15d7be0 Thread exited: 0x00000234e15d7be0
Event: 1473.821 Thread 0x00000234e15d7710 Thread exited: 0x00000234e15d7710
Event: 1473.822 Thread 0x00000234e15d98c0 Thread exited: 0x00000234e15d98c0
Event: 1474.521 Thread 0x00000234e15d8f20 Thread exited: 0x00000234e15d8f20


Dynamic libraries:
0x00007ff6c6310000 - 0x00007ff6c631e000 	C:\Program Files\Java\jdk-17.0.0.1\bin\java.exe
0x00007ffa5f940000 - 0x00007ffa5fba8000 	C:\WINDOWS\SYSTEM32\ntdll.dll
0x00007ffa5e4d0000 - 0x00007ffa5e599000 	C:\WINDOWS\System32\KERNEL32.DLL
0x00007ffa5cb20000 - 0x00007ffa5cf0d000 	C:\WINDOWS\System32\KERNELBASE.dll
0x00007ffa5d150000 - 0x00007ffa5d29b000 	C:\WINDOWS\System32\ucrtbase.dll
0x00007ffa57980000 - 0x00007ffa57998000 	C:\Program Files\Java\jdk-17.0.0.1\bin\jli.dll
0x00007ffa5d810000 - 0x00007ffa5d9dc000 	C:\WINDOWS\System32\USER32.dll
0x00007ffa5cf10000 - 0x00007ffa5cf37000 	C:\WINDOWS\System32\win32u.dll
0x00007ffa5daf0000 - 0x00007ffa5db1b000 	C:\WINDOWS\System32\GDI32.dll
0x00007ffa5d5a0000 - 0x00007ffa5d6d7000 	C:\WINDOWS\System32\gdi32full.dll
0x00007ffa5cf40000 - 0x00007ffa5cfe3000 	C:\WINDOWS\System32\msvcp_win.dll
0x00007ffa47e10000 - 0x00007ffa480aa000 	C:\WINDOWS\WinSxS\amd64_microsoft.windows.common-controls_6595b64144ccf1df_6.0.26100.4484_none_3e0e6d4ce32ef3b3\COMCTL32.dll
0x00007ffa5ed90000 - 0x00007ffa5ee39000 	C:\WINDOWS\System32\msvcrt.dll
0x00007ffa57950000 - 0x00007ffa5796a000 	C:\Program Files\Java\jdk-17.0.0.1\bin\VCRUNTIME140.dll
0x00007ffa5d6e0000 - 0x00007ffa5d70f000 	C:\WINDOWS\System32\IMM32.DLL
0x00007ffa57890000 - 0x00007ffa5789c000 	C:\Program Files\Java\jdk-17.0.0.1\bin\vcruntime140_1.dll
0x00007ffa4bbf0000 - 0x00007ffa4bc7d000 	C:\Program Files\Java\jdk-17.0.0.1\bin\msvcp140.dll
0x00007ff9e7e00000 - 0x00007ff9e89c0000 	C:\Program Files\Java\jdk-17.0.0.1\bin\server\jvm.dll
0x00007ffa5e080000 - 0x00007ffa5e134000 	C:\WINDOWS\System32\ADVAPI32.dll
0x00007ffa5d9e0000 - 0x00007ffa5da86000 	C:\WINDOWS\System32\sechost.dll
0x00007ffa5f300000 - 0x00007ffa5f418000 	C:\WINDOWS\System32\RPCRT4.dll
0x00007ffa5e5a0000 - 0x00007ffa5e5a8000 	C:\WINDOWS\System32\PSAPI.DLL
0x00007ffa571c0000 - 0x00007ffa571ca000 	C:\WINDOWS\SYSTEM32\WSOCK32.dll
0x00007ffa5f590000 - 0x00007ffa5f604000 	C:\WINDOWS\System32\WS2_32.dll
0x00007ffa4fa70000 - 0x00007ffa4fa7b000 	C:\WINDOWS\SYSTEM32\VERSION.dll
0x00007ffa4af30000 - 0x00007ffa4af65000 	C:\WINDOWS\SYSTEM32\WINMM.dll
0x00007ffa5b800000 - 0x00007ffa5b81b000 	C:\WINDOWS\SYSTEM32\kernel.appcore.dll
0x00007ffa57430000 - 0x00007ffa5743a000 	C:\Program Files\Java\jdk-17.0.0.1\bin\jimage.dll
0x00007ffa5a150000 - 0x00007ffa5a391000 	C:\WINDOWS\SYSTEM32\DBGHELP.DLL
0x00007ffa5e140000 - 0x00007ffa5e4c6000 	C:\WINDOWS\System32\combase.dll
0x00007ffa5d720000 - 0x00007ffa5d800000 	C:\WINDOWS\System32\OLEAUT32.dll
0x00007ffa38b60000 - 0x00007ffa38ba3000 	C:\WINDOWS\SYSTEM32\dbgcore.DLL
0x00007ffa5cff0000 - 0x00007ffa5d089000 	C:\WINDOWS\System32\bcryptPrimitives.dll
0x00007ffa57420000 - 0x00007ffa5742e000 	C:\Program Files\Java\jdk-17.0.0.1\bin\instrument.dll
0x00007ffa4bb10000 - 0x00007ffa4bb35000 	C:\Program Files\Java\jdk-17.0.0.1\bin\java.dll
0x00007ffa1edd0000 - 0x00007ffa1eea6000 	C:\Program Files\Java\jdk-17.0.0.1\bin\svml.dll
0x00007ffa5e5d0000 - 0x00007ffa5ed1a000 	C:\WINDOWS\System32\SHELL32.dll
0x00007ffa5d2a0000 - 0x00007ffa5d414000 	C:\WINDOWS\System32\wintypes.dll
0x00007ffa5a6c0000 - 0x00007ffa5af1b000 	C:\WINDOWS\SYSTEM32\windows.storage.dll
0x00007ffa5f800000 - 0x00007ffa5f8f5000 	C:\WINDOWS\System32\SHCORE.dll
0x00007ffa5ed20000 - 0x00007ffa5ed8a000 	C:\WINDOWS\System32\shlwapi.dll
0x00007ffa5c9a0000 - 0x00007ffa5c9cf000 	C:\WINDOWS\SYSTEM32\profapi.dll
0x00007ffa4ba90000 - 0x00007ffa4baa8000 	C:\Program Files\Java\jdk-17.0.0.1\bin\zip.dll
0x00007ffa4ba70000 - 0x00007ffa4ba89000 	C:\Program Files\Java\jdk-17.0.0.1\bin\net.dll
0x00007ffa4f470000 - 0x00007ffa4f58e000 	C:\WINDOWS\SYSTEM32\WINHTTP.dll
0x00007ffa5bd60000 - 0x00007ffa5bdca000 	C:\WINDOWS\system32\mswsock.dll
0x00007ffa4ba50000 - 0x00007ffa4ba65000 	C:\Program Files\Java\jdk-17.0.0.1\bin\nio.dll
0x00007ffa5b300000 - 0x00007ffa5b426000 	C:\WINDOWS\SYSTEM32\DNSAPI.dll
0x00007ffa5b2c0000 - 0x00007ffa5b2f3000 	C:\WINDOWS\SYSTEM32\IPHLPAPI.DLL
0x00007ffa5dcb0000 - 0x00007ffa5dcba000 	C:\WINDOWS\System32\NSI.dll
0x00007ffa4c9a0000 - 0x00007ffa4c9ab000 	C:\Windows\System32\rasadhlp.dll
0x00007ffa4e460000 - 0x00007ffa4e4e6000 	C:\WINDOWS\System32\fwpuclnt.dll
0x00007ffa57410000 - 0x00007ffa57419000 	C:\Program Files\Java\jdk-17.0.0.1\bin\management.dll
0x00007ffa50830000 - 0x00007ffa5083b000 	C:\Program Files\Java\jdk-17.0.0.1\bin\management_ext.dll
0x00007ffa5c140000 - 0x00007ffa5c15b000 	C:\WINDOWS\SYSTEM32\CRYPTSP.dll
0x00007ffa5b760000 - 0x00007ffa5b79a000 	C:\WINDOWS\system32\rsaenh.dll
0x00007ffa5be00000 - 0x00007ffa5be2b000 	C:\WINDOWS\SYSTEM32\USERENV.dll
0x00007ffa5c970000 - 0x00007ffa5c996000 	C:\WINDOWS\SYSTEM32\bcrypt.dll
0x00007ffa5bfa0000 - 0x00007ffa5bfac000 	C:\WINDOWS\SYSTEM32\CRYPTBASE.dll
0x00007ffa4f8e0000 - 0x00007ffa4f8ff000 	C:\WINDOWS\SYSTEM32\dhcpcsvc6.DLL
0x00007ffa4ed30000 - 0x00007ffa4ed55000 	C:\WINDOWS\SYSTEM32\dhcpcsvc.DLL
0x00007ffa30df0000 - 0x00007ffa30e08000 	C:\WINDOWS\system32\napinsp.dll
0x00007ffa30dd0000 - 0x00007ffa30de2000 	C:\WINDOWS\System32\winrnr.dll
0x00007ffa30d90000 - 0x00007ffa30dc0000 	C:\WINDOWS\system32\nlansp_c.dll
0x00007ffa30d60000 - 0x00007ffa30d80000 	C:\WINDOWS\system32\wshbth.dll
0x00007ffa505d0000 - 0x00007ffa505de000 	C:\Program Files\Java\jdk-17.0.0.1\bin\sunmscapi.dll
0x00007ffa5d420000 - 0x00007ffa5d597000 	C:\WINDOWS\System32\CRYPT32.dll
0x00007ffa5c290000 - 0x00007ffa5c2c0000 	C:\WINDOWS\SYSTEM32\ncrypt.dll
0x00007ffa5c240000 - 0x00007ffa5c27f000 	C:\WINDOWS\SYSTEM32\NTASN1.dll
0x00007ffa4ece0000 - 0x00007ffa4ecf0000 	C:\Program Files\Java\jdk-17.0.0.1\bin\verify.dll
0x00007ff9ddf20000 - 0x00007ff9ddf28000 	C:\WINDOWS\system32\wshunix.dll

dbghelp: loaded successfully - version: 4.0.5 - missing functions: none
symbol engine: initialized successfully - sym options: 0x614 - pdb path: .;C:\Program Files\Java\jdk-17.0.0.1\bin;C:\WINDOWS\SYSTEM32;C:\WINDOWS\WinSxS\amd64_microsoft.windows.common-controls_6595b64144ccf1df_6.0.26100.4484_none_3e0e6d4ce32ef3b3;C:\Program Files\Java\jdk-17.0.0.1\bin\server

VM Arguments:
jvm_args: -XX:TieredStopAtLevel=1 -Dspring.output.ansi.enabled=always -Dcom.sun.management.jmxremote -Dspring.jmx.enabled=true -Dspring.liveBeansView.mbeanDomain -Dspring.application.admin.enabled=true -Dmanagement.endpoints.jmx.exposure.include=* -javaagent:C:\Program Files\JetBrains\IntelliJ IDEA 2025.1.3\lib\idea_rt.jar=60021 -Dfile.encoding=UTF-8 
java_command: org._java_proj.gym_management_system.GymManagementSystemApplication
java_class_path (initial): C:\Users\Lenovo\Desktop\newproject\gym_management_system\target\classes;C:\Users\Lenovo\.m2\repository\org\springframework\boot\spring-boot-starter-mail\3.5.3\spring-boot-starter-mail-3.5.3.jar;C:\Users\Lenovo\.m2\repository\org\springframework\boot\spring-boot-starter\3.5.3\spring-boot-starter-3.5.3.jar;C:\Users\Lenovo\.m2\repository\org\springframework\boot\spring-boot-starter-logging\3.5.3\spring-boot-starter-logging-3.5.3.jar;C:\Users\Lenovo\.m2\repository\ch\qos\logback\logback-classic\1.5.18\logback-classic-1.5.18.jar;C:\Users\Lenovo\.m2\repository\ch\qos\logback\logback-core\1.5.18\logback-core-1.5.18.jar;C:\Users\Lenovo\.m2\repository\org\apache\logging\log4j\log4j-to-slf4j\2.24.3\log4j-to-slf4j-2.24.3.jar;C:\Users\Lenovo\.m2\repository\org\apache\logging\log4j\log4j-api\2.24.3\log4j-api-2.24.3.jar;C:\Users\Lenovo\.m2\repository\org\slf4j\jul-to-slf4j\2.0.17\jul-to-slf4j-2.0.17.jar;C:\Users\Lenovo\.m2\repository\jakarta\annotation\jakarta.annotation-api\2.1.1\jakarta.annotation-api-2.1.1.jar;C:\Users\Lenovo\.m2\repository\org\yaml\snakeyaml\2.4\snakeyaml-2.4.jar;C:\Users\Lenovo\.m2\repository\org\springframework\spring-context-support\6.2.8\spring-context-support-6.2.8.jar;C:\Users\Lenovo\.m2\repository\org\springframework\spring-beans\6.2.8\spring-beans-6.2.8.jar;C:\Users\Lenovo\.m2\repository\org\springframework\spring-context\6.2.8\spring-context-6.2.8.jar;C:\Users\Lenovo\.m2\repository\org\eclipse\angus\jakarta.mail\2.0.3\jakarta.mail-2.0.3.jar;C:\Users\Lenovo\.m2\repository\jakarta\activation\jakarta.activation-api\2.1.3\jakarta.activation-api-2.1.3.jar;C:\Users\Lenovo\.m2\repository\org\eclipse\angus\angus-activation\2.0.2\angus-activation-2.0.2.jar;C:\Users\Lenovo\.m2\repository\org\springframework\boot\spring-boot-starter-security\3.5.3\spring-boot-starter-security-3.5.3.jar;C:\Users\Lenovo\.m2\repository\org\springframework\spring-aop\6.2.8\spring-aop-6.2.8.jar;C:\Users\Lenovo\.m2\repository\org\springframework\security\
Launcher Type: SUN_STANDARD

[Global flags]
     intx CICompilerCount                          = 3                                         {product} {ergonomic}
     uint ConcGCThreads                            = 1                                         {product} {ergonomic}
     uint G1ConcRefinementThreads                  = 4                                         {product} {ergonomic}
   size_t G1HeapRegionSize                         = 1048576                                   {product} {ergonomic}
    uintx GCDrainStackTargetSize                   = 64                                        {product} {ergonomic}
   size_t InitialHeapSize                          = 65011712                                  {product} {ergonomic}
     bool ManagementServer                         = true                                      {product} {command line}
   size_t MarkStackSize                            = 4194304                                   {product} {ergonomic}
   size_t MaxHeapSize                              = 1033895936                                {product} {ergonomic}
   size_t MaxNewSize                               = 619708416                                 {product} {ergonomic}
   size_t MinHeapDeltaBytes                        = 1048576                                   {product} {ergonomic}
   size_t MinHeapSize                              = 8388608                                   {product} {ergonomic}
    uintx NonProfiledCodeHeapSize                  = 0                                      {pd product} {ergonomic}
     bool ProfileInterpreter                       = false                                  {pd product} {command line}
    uintx ProfiledCodeHeapSize                     = 0                                      {pd product} {ergonomic}
   size_t SoftMaxHeapSize                          = 1033895936                             {manageable} {ergonomic}
     intx TieredStopAtLevel                        = 1                                         {product} {command line}
     bool UseCompressedClassPointers               = true                           {product lp64_product} {ergonomic}
     bool UseCompressedOops                        = true                           {product lp64_product} {ergonomic}
     bool UseG1GC                                  = true                                      {product} {ergonomic}
     bool UseLargePagesIndividualAllocation        = false                                  {pd product} {ergonomic}

Logging:
Log output configuration:
 #0: stdout all=warning uptime,level,tags
 #1: stderr all=off uptime,level,tags

Environment Variables:
PATH=C:\Program Files\Common Files\Oracle\Java\javapath;C:\Program Files\Microsoft MPI\Bin\;C:\WINDOWS\system32;C:\WINDOWS;C:\WINDOWS\System32\Wbem;C:\WINDOWS\System32\WindowsPowerShell\v1.0\;C:\WINDOWS\System32\OpenSSH\;C:\php 8-2-9;C:\ProgramData\ComposerSetup\bin;C:\Program Files\dotnet\;C:\Program Files\Microsoft SQL Server\Client SDK\ODBC\170\Tools\Binn\;C:\Program Files (x86)\Microsoft SQL Server\150\Tools\Binn\;C:\Program Files\Microsoft SQL Server\150\Tools\Binn\;C:\Program Files (x86)\Microsoft SQL Server\150\DTS\Binn\;C:\Program Files\Microsoft SQL Server\150\DTS\Binn\;C:\Program Files (x86)\Microsoft SQL Server\160\DTS\Binn\;C:\Users\Lenovo\Downloads\platform-tools-latest-windows\platform-tools;C:\Program Files\Java\jdk-23\bin;C:\Program Files\Cloudflare\Cloudflare WARP\;C:\Users\Lenovo\AppData\Local\Programs\Python\Python311\Scripts;C:\Users\Lenovo\AppData\Roaming\npm;C:\Program Files\swipl\bin;C:\Program Files\Apache\Maven\apache-maven-3.9.9\bin;C:\Program Files\Docker\Docker\resources\bin;C:\Program Files\nodejs\;C:\Program Files\nodejs;C:\Program Files\Java\jdk-17\bin;C:\Program Files\Java\jdk-21\bin;C:\Program Files\PowerShell\7\;C:\Program Files\Git\cmd;C:\Users\Lenovo\AppData\Local\Programs\Python\Python311\Scripts\;C:\Users\Lenovo\AppData\Local\Programs\Python\Python311\;C:\Users\Lenovo\AppData\Local\Microsoft\WindowsApps;C:\Users\Lenovo\AppData\Local\Programs\Microsoft VS Code\bin;C:\Users\Lenovo\AppData\Roaming\Composer\vendor\bin;C:\Users\Lenovo\.dotnet\tools;C:\Users\Lenovo\Downloads\platform-tools-latest-windows.zip\platform-tools;;C:\intelFPGA\18.1\modelsim_ase\win32aloem;C:\Users\Lenovo\AppData\Roaming\npm;C:\Program Files\JetBrains\IntelliJ IDEA Community Edition 2025.1.3\bin;;C:\Program Files\JetBrains\IntelliJ IDEA 2025.1.3\bin;
USERNAME=Lenovo
OS=Windows_NT
PROCESSOR_IDENTIFIER=Intel64 Family 6 Model 156 Stepping 0, GenuineIntel



---------------  S Y S T E M  ---------------

OS:
 Windows 10 , 64 bit Build 26100 (10.0.26100.4484)
OS uptime: 0 days 6:03 hours
Hyper-V role detected

CPU: total 4 (initial active 4) (4 cores per cpu, 1 threads per core) family 6 model 156 stepping 0 microcode 0x24000023, cx8, cmov, fxsr, mmx, 3dnowpref, sse, sse2, sse3, ssse3, sse4.1, sse4.2, popcnt, tsc, tscinvbit, aes, erms, clmul, sha, clflush, clflushopt, clwb, hv

Memory: 4k page, system-wide physical 3937M (388M free)
TotalPageFile size 16225M (AvailPageFile size 255M)
current process WorkingSet (physical memory assigned to process): 117M, peak: 350M
current process commit charge ("private bytes"): 534M, peak: 794M

vm_info: OpenJDK 64-Bit Server VM (17.0.0.1+2-3) for windows-amd64 JRE (17.0.0.1+2-3), built on May  8 2024 19:05:00 by "mach5one" with MS VC++ 16.8 (VS2019)

END.
