#
# There is insufficient memory for the Java Runtime Environment to continue.
# Native memory allocation (mmap) failed to map 344981504 bytes for G1 virtual space
# Possible reasons:
#   The system is out of physical RAM or swap space
#   The process is running with CompressedOops enabled, and the Java Heap may be blocking the growth of the native heap
# Possible solutions:
#   Reduce memory load on the system
#   Increase physical memory or swap space
#   Check if swap backing store is full
#   Decrease Java heap size (-Xmx/-Xms)
#   Decrease number of Java threads
#   Decrease Java thread stack sizes (-Xss)
#   Set larger code cache with -XX:ReservedCodeCacheSize=
#   JVM is running with Unscaled Compressed Oops mode in which the Java heap is
#     placed in the first 4GB address space. The Java Heap base address is the
#     maximum limit for the native heap growth. Please use -XX:HeapBaseMinAddress
#     to set the Java Heap base and to place the Java Heap above 4GB virtual address.
# This output file may be truncated or incomplete.
#
#  Out of Memory Error (os_windows.cpp:3469), pid=13576, tid=2724
#
# JRE version: OpenJDK Runtime Environment (17.0.0.1+2) (build 17.0.0.1+2-3)
# Java VM: OpenJDK 64-Bit Server VM (17.0.0.1+2-3, mixed mode, emulated-client, sharing, tiered, compressed oops, compressed class ptrs, g1 gc, windows-amd64)
# No core dump will be written. Minidumps are not enabled by default on client versions of Windows
#

---------------  S U M M A R Y ------------

Command Line: -XX:TieredStopAtLevel=1 -Dspring.output.ansi.enabled=always -Dcom.sun.management.jmxremote -Dspring.jmx.enabled=true -Dspring.liveBeansView.mbeanDomain -Dspring.application.admin.enabled=true -Dmanagement.endpoints.jmx.exposure.include=* -javaagent:C:\Program Files\JetBrains\IntelliJ IDEA 2025.1.3\lib\idea_rt.jar=30652 -Dfile.encoding=UTF-8 org._java_proj.gym_management_system.GymManagementSystemApplication

Host: Intel(R) Pentium(R) Silver N6000 @ 1.10GHz, 4 cores, 3G,  Windows 10 , 64 bit Build 26100 (10.0.26100.4484)
Time: Wed Aug 27 23:41:50 2025 Myanmar Standard Time elapsed time: 44.572007 seconds (0d 0h 0m 44s)

---------------  T H R E A D  ---------------

Current thread (0x000001d543e66aa0):  VMThread "VM Thread" [stack: 0x000000919aa00000,0x000000919ab00000] [id=2724]

Stack: [0x000000919aa00000,0x000000919ab00000]
Native frames: (J=compiled Java code, j=interpreted, Vv=VM code, C=native code)
V  [jvm.dll+0x66f8ea]
V  [jvm.dll+0x7ce224]
V  [jvm.dll+0x7cf9ce]
V  [jvm.dll+0x7d0033]
V  [jvm.dll+0x242bb5]
V  [jvm.dll+0x66c909]
V  [jvm.dll+0x6613d2]
V  [jvm.dll+0x30082b]
V  [jvm.dll+0x307db6]
V  [jvm.dll+0x357a0e]
V  [jvm.dll+0x357c3f]
V  [jvm.dll+0x2d7ae8]
V  [jvm.dll+0x2d5db4]
V  [jvm.dll+0x2d53bc]
V  [jvm.dll+0x318d1b]
V  [jvm.dll+0x7d44cb]
V  [jvm.dll+0x7d5204]
V  [jvm.dll+0x7d571c]
V  [jvm.dll+0x7d5af4]
V  [jvm.dll+0x7d5bc0]
V  [jvm.dll+0x77e7ea]
V  [jvm.dll+0x66e715]
C  [ucrtbase.dll+0x37b0]
C  [KERNEL32.DLL+0x2e8d7]
C  [ntdll.dll+0x3c34c]

VM_Operation (0x000000919c2f6870): G1CollectForAllocation, mode: safepoint, requested by thread 0x000001d55492cd10


---------------  P R O C E S S  ---------------

Threads class SMR info:
_java_thread_list=0x000001d557f884e0, length=23, elements={
0x000001d543dbc450, 0x000001d552ca4970, 0x000001d552ca6090, 0x000001d552cb1380,
0x000001d552cb1c40, 0x000001d552cb2500, 0x000001d552cb4dd0, 0x000001d552cb5690,
0x000001d552cf6870, 0x000001d553820390, 0x000001d553d9e860, 0x000001d553bfe160,
0x000001d553fd66b0, 0x000001d554036af0, 0x000001d553ef83a0, 0x000001d55404a810,
0x000001d5549291e0, 0x000001d55492cd10, 0x000001d554969610, 0x000001d554969ae0,
0x000001d557f0c220, 0x000001d5583c9040, 0x000001d553dc3a60
}

Java Threads: ( => current thread )
  0x000001d543dbc450 JavaThread "main" [_thread_blocked, id=8492, stack(0x000000919a400000,0x000000919a500000)]
  0x000001d552ca4970 JavaThread "Reference Handler" daemon [_thread_blocked, id=628, stack(0x000000919ab00000,0x000000919ac00000)]
  0x000001d552ca6090 JavaThread "Finalizer" daemon [_thread_blocked, id=3096, stack(0x000000919ac00000,0x000000919ad00000)]
  0x000001d552cb1380 JavaThread "Signal Dispatcher" daemon [_thread_blocked, id=9056, stack(0x000000919ad00000,0x000000919ae00000)]
  0x000001d552cb1c40 JavaThread "Attach Listener" daemon [_thread_blocked, id=12048, stack(0x000000919ae00000,0x000000919af00000)]
  0x000001d552cb2500 JavaThread "Service Thread" daemon [_thread_blocked, id=14776, stack(0x000000919af00000,0x000000919b000000)]
  0x000001d552cb4dd0 JavaThread "Monitor Deflation Thread" daemon [_thread_blocked, id=14652, stack(0x000000919b000000,0x000000919b100000)]
  0x000001d552cb5690 JavaThread "C1 CompilerThread0" daemon [_thread_blocked, id=15032, stack(0x000000919b100000,0x000000919b200000)]
  0x000001d552cf6870 JavaThread "Sweeper thread" daemon [_thread_blocked, id=15728, stack(0x000000919b200000,0x000000919b300000)]
  0x000001d553820390 JavaThread "Common-Cleaner" daemon [_thread_blocked, id=9512, stack(0x000000919b300000,0x000000919b400000)]
  0x000001d553d9e860 JavaThread "Monitor Ctrl-Break" daemon [_thread_in_native, id=15544, stack(0x000000919b600000,0x000000919b700000)]
  0x000001d553bfe160 JavaThread "Notification Thread" daemon [_thread_blocked, id=7756, stack(0x000000919b700000,0x000000919b800000)]
  0x000001d553fd66b0 JavaThread "RMI TCP Accept-0" daemon [_thread_in_native, id=11924, stack(0x000000919bc00000,0x000000919bd00000)]
  0x000001d554036af0 JavaThread "RMI TCP Connection(1)-192.168.1.28" daemon [_thread_blocked, id=13832, stack(0x000000919be00000,0x000000919bf00000)]
  0x000001d553ef83a0 JavaThread "RMI Scheduler(0)" daemon [_thread_blocked, id=10388, stack(0x000000919bf00000,0x000000919c000000)]
  0x000001d55404a810 JavaThread "JMX server connection timeout 19" daemon [_thread_blocked, id=6080, stack(0x000000919c000000,0x000000919c100000)]
  0x000001d5549291e0 JavaThread "Thread-0" [_thread_blocked, id=11896, stack(0x000000919c100000,0x000000919c200000)]
  0x000001d55492cd10 JavaThread "restartedMain" [_thread_blocked, id=4828, stack(0x000000919c200000,0x000000919c300000)]
  0x000001d554969610 JavaThread "lettuce-timer-3-1" daemon [_thread_blocked, id=12776, stack(0x000000919b500000,0x000000919b600000)]
  0x000001d554969ae0 JavaThread "mysql-cj-abandoned-connection-cleanup" daemon [_thread_blocked, id=12432, stack(0x000000919c300000,0x000000919c400000)]
  0x000001d557f0c220 JavaThread "HikariPool-1:housekeeper" daemon [_thread_blocked, id=5628, stack(0x000000919c500000,0x000000919c600000)]
  0x000001d5583c9040 JavaThread "C1 CompilerThread1" daemon [_thread_blocked, id=8652, stack(0x000000919a100000,0x000000919a200000)]
  0x000001d553dc3a60 JavaThread "C1 CompilerThread2" daemon [_thread_blocked, id=8812, stack(0x000000919c700000,0x000000919c800000)]

Other Threads:
=>0x000001d543e66aa0 VMThread "VM Thread" [stack: 0x000000919aa00000,0x000000919ab00000] [id=2724]
  0x000001d553eda5f0 WatcherThread [stack: 0x000000919bd00000,0x000000919be00000] [id=13268]
  0x000001d543deb610 GCTaskThread "GC Thread#0" [stack: 0x000000919a500000,0x000000919a600000] [id=13600]
  0x000001d553eb4b50 GCTaskThread "GC Thread#1" [stack: 0x000000919b800000,0x000000919b900000] [id=12148]
  0x000001d553ebf2e0 GCTaskThread "GC Thread#2" [stack: 0x000000919b900000,0x000000919ba00000] [id=4956]
  0x000001d553ec29e0 GCTaskThread "GC Thread#3" [stack: 0x000000919ba00000,0x000000919bb00000] [id=17308]
  0x000001d543df50a0 ConcurrentGCThread "G1 Main Marker" [stack: 0x000000919a600000,0x000000919a700000] [id=11184]
  0x000001d543df5ab0 ConcurrentGCThread "G1 Conc#0" [stack: 0x000000919a700000,0x000000919a800000] [id=12552]
  0x000001d543e31a30 ConcurrentGCThread "G1 Refine#0" [stack: 0x000000919a800000,0x000000919a900000] [id=9032]
  0x000001d553ec71b0 ConcurrentGCThread "G1 Refine#1" [stack: 0x000000919bb00000,0x000000919bc00000] [id=14328]
  0x000001d557a58ee0 ConcurrentGCThread "G1 Refine#2" [stack: 0x000000919c800000,0x000000919c900000] [id=12832]
  0x000001d557a591c0 ConcurrentGCThread "G1 Refine#3" [stack: 0x000000919c900000,0x000000919ca00000] [id=1004]
  0x000001d543e33120 ConcurrentGCThread "G1 Service" [stack: 0x000000919a900000,0x000000919aa00000] [id=14860]

Threads with active compile tasks:

VM state: at safepoint (normal execution)

VM Mutex/Monitor currently owned by a thread:  ([mutex/lock_event])
[0x000001d543dac780] Threads_lock - owner thread: 0x000001d543e66aa0
[0x000001d543dab460] Heap_lock - owner thread: 0x000001d55492cd10

Heap address: 0x00000000c2600000, size: 986 MB, Compressed Oops mode: 32-bit

CDS archive(s) mapped at: [0x0000000800000000-0x0000000800bc0000-0x0000000800bc0000), size 12320768, SharedBaseAddress: 0x0000000800000000, ArchiveRelocationMode: 0.
Compressed class space mapped at: 0x0000000800c00000-0x0000000840c00000, reserved size: 1073741824
Narrow klass base: 0x0000000800000000, Narrow klass shift: 0, Narrow klass range: 0x100000000

GC Precious Log:
 CPUs: 4 total, 4 available
 Memory: 3937M
 Large Page Support: Disabled
 NUMA Support: Disabled
 Compressed Oops: Enabled (32-bit)
 Heap Region Size: 1M
 Heap Min Capacity: 8M
 Heap Initial Capacity: 62M
 Heap Max Capacity: 986M
 Pre-touch: Disabled
 Parallel Workers: 4
 Concurrent Workers: 1
 Concurrent Refinement Workers: 4
 Periodic GC: Disabled

Heap:
 garbage-first heap   total 168960K, used 97336K [0x00000000c2600000, 0x0000000100000000)
  region size 1024K, 5 young (5120K), 5 survivors (5120K)
 Metaspace       used 74970K, committed 75648K, reserved 1114112K
  class space    used 11121K, committed 11456K, reserved 1048576K

Heap Regions: E=young(eden), S=young(survivor), O=old, HS=humongous(starts), HC=humongous(continues), CS=collection set, F=free, OA=open archive, CA=closed archive, TAMS=top-at-mark-start (previous, next)
|   0|0x00000000c2600000, 0x00000000c2700000, 0x00000000c2700000|100%|HS|  |TAMS 0x00000000c2700000, 0x00000000c2700000| Complete 
|   1|0x00000000c2700000, 0x00000000c2800000, 0x00000000c2800000|100%|HS|  |TAMS 0x00000000c2800000, 0x00000000c2800000| Complete 
|   2|0x00000000c2800000, 0x00000000c2900000, 0x00000000c2900000|100%| O|  |TAMS 0x00000000c2900000, 0x00000000c2900000| Untracked 
|   3|0x00000000c2900000, 0x00000000c2a00000, 0x00000000c2a00000|100%| O|  |TAMS 0x00000000c2a00000, 0x00000000c2a00000| Untracked 
|   4|0x00000000c2a00000, 0x00000000c2b00000, 0x00000000c2b00000|100%| O|  |TAMS 0x00000000c2b00000, 0x00000000c2b00000| Untracked 
|   5|0x00000000c2b00000, 0x00000000c2c00000, 0x00000000c2c00000|100%| O|  |TAMS 0x00000000c2c00000, 0x00000000c2c00000| Untracked 
|   6|0x00000000c2c00000, 0x00000000c2d00000, 0x00000000c2d00000|100%| O|  |TAMS 0x00000000c2d00000, 0x00000000c2d00000| Untracked 
|   7|0x00000000c2d00000, 0x00000000c2e00000, 0x00000000c2e00000|100%| O|  |TAMS 0x00000000c2e00000, 0x00000000c2e00000| Untracked 
|   8|0x00000000c2e00000, 0x00000000c2f00000, 0x00000000c2f00000|100%| O|  |TAMS 0x00000000c2f00000, 0x00000000c2f00000| Untracked 
|   9|0x00000000c2f00000, 0x00000000c3000000, 0x00000000c3000000|100%| O|  |TAMS 0x00000000c3000000, 0x00000000c3000000| Untracked 
|  10|0x00000000c3000000, 0x00000000c3100000, 0x00000000c3100000|100%| O|  |TAMS 0x00000000c3100000, 0x00000000c3100000| Untracked 
|  11|0x00000000c3100000, 0x00000000c3200000, 0x00000000c3200000|100%| O|  |TAMS 0x00000000c3200000, 0x00000000c3200000| Untracked 
|  12|0x00000000c3200000, 0x00000000c3300000, 0x00000000c3300000|100%| O|  |TAMS 0x00000000c3300000, 0x00000000c3300000| Untracked 
|  13|0x00000000c3300000, 0x00000000c3400000, 0x00000000c3400000|100%| O|  |TAMS 0x00000000c3400000, 0x00000000c3400000| Untracked 
|  14|0x00000000c3400000, 0x00000000c3500000, 0x00000000c3500000|100%| O|  |TAMS 0x00000000c3500000, 0x00000000c3500000| Untracked 
|  15|0x00000000c3500000, 0x00000000c3600000, 0x00000000c3600000|100%| O|  |TAMS 0x00000000c3600000, 0x00000000c3600000| Untracked 
|  16|0x00000000c3600000, 0x00000000c3700000, 0x00000000c3700000|100%| O|  |TAMS 0x00000000c3700000, 0x00000000c3700000| Untracked 
|  17|0x00000000c3700000, 0x00000000c3800000, 0x00000000c3800000|100%| O|  |TAMS 0x00000000c3800000, 0x00000000c3800000| Untracked 
|  18|0x00000000c3800000, 0x00000000c3900000, 0x00000000c3900000|100%| O|  |TAMS 0x00000000c3900000, 0x00000000c3900000| Untracked 
|  19|0x00000000c3900000, 0x00000000c3a00000, 0x00000000c3a00000|100%| O|  |TAMS 0x00000000c3a00000, 0x00000000c3a00000| Untracked 
|  20|0x00000000c3a00000, 0x00000000c3b00000, 0x00000000c3b00000|100%| O|  |TAMS 0x00000000c3b00000, 0x00000000c3b00000| Untracked 
|  21|0x00000000c3b00000, 0x00000000c3c00000, 0x00000000c3c00000|100%| O|  |TAMS 0x00000000c3c00000, 0x00000000c3c00000| Untracked 
|  22|0x00000000c3c00000, 0x00000000c3d00000, 0x00000000c3d00000|100%| O|  |TAMS 0x00000000c3d00000, 0x00000000c3d00000| Untracked 
|  23|0x00000000c3d00000, 0x00000000c3e00000, 0x00000000c3e00000|100%| O|  |TAMS 0x00000000c3e00000, 0x00000000c3e00000| Untracked 
|  24|0x00000000c3e00000, 0x00000000c3f00000, 0x00000000c3f00000|100%| O|  |TAMS 0x00000000c3f00000, 0x00000000c3f00000| Untracked 
|  25|0x00000000c3f00000, 0x00000000c4000000, 0x00000000c4000000|100%| O|  |TAMS 0x00000000c4000000, 0x00000000c4000000| Untracked 
|  26|0x00000000c4000000, 0x00000000c4100000, 0x00000000c4100000|100%| O|  |TAMS 0x00000000c4100000, 0x00000000c4100000| Untracked 
|  27|0x00000000c4100000, 0x00000000c4200000, 0x00000000c4200000|100%| O|  |TAMS 0x00000000c4200000, 0x00000000c4200000| Untracked 
|  28|0x00000000c4200000, 0x00000000c42afc00, 0x00000000c4300000| 68%| O|  |TAMS 0x00000000c42afc00, 0x00000000c42afc00| Untracked 
|  29|0x00000000c4300000, 0x00000000c4400000, 0x00000000c4400000|100%| O|  |TAMS 0x00000000c4400000, 0x00000000c4400000| Untracked 
|  30|0x00000000c4400000, 0x00000000c4500000, 0x00000000c4500000|100%| O|  |TAMS 0x00000000c4500000, 0x00000000c4500000| Untracked 
|  31|0x00000000c4500000, 0x00000000c4600000, 0x00000000c4600000|100%| O|  |TAMS 0x00000000c4600000, 0x00000000c4600000| Untracked 
|  32|0x00000000c4600000, 0x00000000c4700000, 0x00000000c4700000|100%| O|  |TAMS 0x00000000c4700000, 0x00000000c4700000| Untracked 
|  33|0x00000000c4700000, 0x00000000c4800000, 0x00000000c4800000|100%| O|  |TAMS 0x00000000c4800000, 0x00000000c4800000| Untracked 
|  34|0x00000000c4800000, 0x00000000c4900000, 0x00000000c4900000|100%| O|  |TAMS 0x00000000c4800000, 0x00000000c4800000| Untracked 
|  35|0x00000000c4900000, 0x00000000c4a00000, 0x00000000c4a00000|100%| O|  |TAMS 0x00000000c4900000, 0x00000000c4900000| Untracked 
|  36|0x00000000c4a00000, 0x00000000c4b00000, 0x00000000c4b00000|100%| O|  |TAMS 0x00000000c4b00000, 0x00000000c4b00000| Untracked 
|  37|0x00000000c4b00000, 0x00000000c4c00000, 0x00000000c4c00000|100%| O|  |TAMS 0x00000000c4c00000, 0x00000000c4c00000| Untracked 
|  38|0x00000000c4c00000, 0x00000000c4d00000, 0x00000000c4d00000|100%| O|  |TAMS 0x00000000c4d00000, 0x00000000c4d00000| Untracked 
|  39|0x00000000c4d00000, 0x00000000c4e00000, 0x00000000c4e00000|100%| O|  |TAMS 0x00000000c4e00000, 0x00000000c4e00000| Untracked 
|  40|0x00000000c4e00000, 0x00000000c4f00000, 0x00000000c4f00000|100%| O|  |TAMS 0x00000000c4f00000, 0x00000000c4f00000| Untracked 
|  41|0x00000000c4f00000, 0x00000000c5000000, 0x00000000c5000000|100%| O|  |TAMS 0x00000000c5000000, 0x00000000c5000000| Untracked 
|  42|0x00000000c5000000, 0x00000000c5100000, 0x00000000c5100000|100%| O|  |TAMS 0x00000000c5100000, 0x00000000c5100000| Untracked 
|  43|0x00000000c5100000, 0x00000000c5200000, 0x00000000c5200000|100%| O|  |TAMS 0x00000000c5100000, 0x00000000c5100000| Untracked 
|  44|0x00000000c5200000, 0x00000000c5300000, 0x00000000c5300000|100%| O|  |TAMS 0x00000000c5200000, 0x00000000c5300000| Untracked 
|  45|0x00000000c5300000, 0x00000000c5400000, 0x00000000c5400000|100%| O|  |TAMS 0x00000000c5300000, 0x00000000c5400000| Untracked 
|  46|0x00000000c5400000, 0x00000000c5500000, 0x00000000c5500000|100%| O|  |TAMS 0x00000000c5400000, 0x00000000c5500000| Untracked 
|  47|0x00000000c5500000, 0x00000000c5600000, 0x00000000c5600000|100%| O|  |TAMS 0x00000000c5600000, 0x00000000c5600000| Untracked 
|  48|0x00000000c5600000, 0x00000000c5700000, 0x00000000c5700000|100%| O|  |TAMS 0x00000000c5700000, 0x00000000c5700000| Untracked 
|  49|0x00000000c5700000, 0x00000000c5800000, 0x00000000c5800000|100%| O|  |TAMS 0x00000000c5800000, 0x00000000c5800000| Untracked 
|  50|0x00000000c5800000, 0x00000000c5900000, 0x00000000c5900000|100%| O|  |TAMS 0x00000000c5900000, 0x00000000c5900000| Untracked 
|  51|0x00000000c5900000, 0x00000000c5a00000, 0x00000000c5a00000|100%| O|  |TAMS 0x00000000c5900000, 0x00000000c5900000| Untracked 
|  52|0x00000000c5a00000, 0x00000000c5b00000, 0x00000000c5b00000|100%|HS|  |TAMS 0x00000000c5a00000, 0x00000000c5b00000| Complete 
|  53|0x00000000c5b00000, 0x00000000c5c00000, 0x00000000c5c00000|100%| O|  |TAMS 0x00000000c5b00000, 0x00000000c5c00000| Untracked 
|  54|0x00000000c5c00000, 0x00000000c5d00000, 0x00000000c5d00000|100%| O|  |TAMS 0x00000000c5c00000, 0x00000000c5d00000| Untracked 
|  55|0x00000000c5d00000, 0x00000000c5e00000, 0x00000000c5e00000|100%| O|  |TAMS 0x00000000c5d00000, 0x00000000c5e00000| Untracked 
|  56|0x00000000c5e00000, 0x00000000c5f00000, 0x00000000c5f00000|100%| O|  |TAMS 0x00000000c5e00000, 0x00000000c5f00000| Untracked 
|  57|0x00000000c5f00000, 0x00000000c6000000, 0x00000000c6000000|100%| O|  |TAMS 0x00000000c5f00000, 0x00000000c6000000| Untracked 
|  58|0x00000000c6000000, 0x00000000c605e600, 0x00000000c6100000| 36%| O|  |TAMS 0x00000000c6000000, 0x00000000c6000000| Untracked 
|  59|0x00000000c6100000, 0x00000000c6200000, 0x00000000c6200000|100%| O|  |TAMS 0x00000000c6200000, 0x00000000c6200000| Untracked 
|  60|0x00000000c6200000, 0x00000000c6300000, 0x00000000c6300000|100%| O|  |TAMS 0x00000000c6300000, 0x00000000c6300000| Untracked 
|  61|0x00000000c6300000, 0x00000000c6400000, 0x00000000c6400000|100%| O|  |TAMS 0x00000000c6300000, 0x00000000c6400000| Untracked 
|  62|0x00000000c6400000, 0x00000000c6500000, 0x00000000c6500000|100%| O|  |TAMS 0x00000000c6400000, 0x00000000c6500000| Untracked 
|  63|0x00000000c6500000, 0x00000000c6600000, 0x00000000c6600000|100%| O|  |TAMS 0x00000000c6500000, 0x00000000c6600000| Untracked 
|  64|0x00000000c6600000, 0x00000000c6700000, 0x00000000c6700000|100%| O|  |TAMS 0x00000000c6700000, 0x00000000c6700000| Untracked 
|  65|0x00000000c6700000, 0x00000000c6800000, 0x00000000c6800000|100%| O|  |TAMS 0x00000000c6800000, 0x00000000c6800000| Untracked 
|  66|0x00000000c6800000, 0x00000000c6900000, 0x00000000c6900000|100%| O|  |TAMS 0x00000000c6900000, 0x00000000c6900000| Untracked 
|  67|0x00000000c6900000, 0x00000000c6900000, 0x00000000c6a00000|  0%| F|  |TAMS 0x00000000c6900000, 0x00000000c6900000| Untracked 
|  68|0x00000000c6a00000, 0x00000000c6a00000, 0x00000000c6b00000|  0%| F|  |TAMS 0x00000000c6a00000, 0x00000000c6a00000| Untracked 
|  69|0x00000000c6b00000, 0x00000000c6c00000, 0x00000000c6c00000|100%| O|  |TAMS 0x00000000c6c00000, 0x00000000c6c00000| Untracked 
|  70|0x00000000c6c00000, 0x00000000c6c00000, 0x00000000c6d00000|  0%| F|  |TAMS 0x00000000c6c00000, 0x00000000c6c00000| Untracked 
|  71|0x00000000c6d00000, 0x00000000c6d00000, 0x00000000c6e00000|  0%| F|  |TAMS 0x00000000c6d00000, 0x00000000c6d00000| Untracked 
|  72|0x00000000c6e00000, 0x00000000c6e00000, 0x00000000c6f00000|  0%| F|  |TAMS 0x00000000c6e00000, 0x00000000c6e00000| Untracked 
|  73|0x00000000c6f00000, 0x00000000c6f00000, 0x00000000c7000000|  0%| F|  |TAMS 0x00000000c6f00000, 0x00000000c6f00000| Untracked 
|  74|0x00000000c7000000, 0x00000000c7100000, 0x00000000c7100000|100%| O|  |TAMS 0x00000000c7100000, 0x00000000c7100000| Untracked 
|  75|0x00000000c7100000, 0x00000000c7200000, 0x00000000c7200000|100%| O|  |TAMS 0x00000000c7200000, 0x00000000c7200000| Untracked 
|  76|0x00000000c7200000, 0x00000000c7300000, 0x00000000c7300000|100%| O|  |TAMS 0x00000000c7300000, 0x00000000c7300000| Untracked 
|  77|0x00000000c7300000, 0x00000000c7400000, 0x00000000c7400000|100%| O|  |TAMS 0x00000000c7400000, 0x00000000c7400000| Untracked 
|  78|0x00000000c7400000, 0x00000000c7500000, 0x00000000c7500000|100%| O|  |TAMS 0x00000000c7500000, 0x00000000c7500000| Untracked 
|  79|0x00000000c7500000, 0x00000000c7600000, 0x00000000c7600000|100%| O|  |TAMS 0x00000000c7600000, 0x00000000c7600000| Untracked 
|  80|0x00000000c7600000, 0x00000000c7700000, 0x00000000c7700000|100%| O|  |TAMS 0x00000000c7700000, 0x00000000c7700000| Untracked 
|  81|0x00000000c7700000, 0x00000000c7800000, 0x00000000c7800000|100%| O|  |TAMS 0x00000000c7800000, 0x00000000c7800000| Untracked 
|  82|0x00000000c7800000, 0x00000000c7900000, 0x00000000c7900000|100%| O|  |TAMS 0x00000000c7900000, 0x00000000c7900000| Untracked 
|  83|0x00000000c7900000, 0x00000000c7a00000, 0x00000000c7a00000|100%| O|  |TAMS 0x00000000c7a00000, 0x00000000c7a00000| Untracked 
|  84|0x00000000c7a00000, 0x00000000c7b00000, 0x00000000c7b00000|100%| O|  |TAMS 0x00000000c7b00000, 0x00000000c7b00000| Untracked 
|  85|0x00000000c7b00000, 0x00000000c7c00000, 0x00000000c7c00000|100%| O|  |TAMS 0x00000000c7c00000, 0x00000000c7c00000| Untracked 
|  86|0x00000000c7c00000, 0x00000000c7d00000, 0x00000000c7d00000|100%| O|  |TAMS 0x00000000c7c00000, 0x00000000c7d00000| Untracked 
|  87|0x00000000c7d00000, 0x00000000c7e00000, 0x00000000c7e00000|100%| O|  |TAMS 0x00000000c7d00000, 0x00000000c7e00000| Untracked 
|  88|0x00000000c7e00000, 0x00000000c7f00000, 0x00000000c7f00000|100%| O|  |TAMS 0x00000000c7e00000, 0x00000000c7f00000| Untracked 
|  89|0x00000000c7f00000, 0x00000000c8000000, 0x00000000c8000000|100%|HS|  |TAMS 0x00000000c7f00000, 0x00000000c8000000| Complete 
|  90|0x00000000c8000000, 0x00000000c8100000, 0x00000000c8100000|100%|HC|  |TAMS 0x00000000c8000000, 0x00000000c8100000| Complete 
|  91|0x00000000c8100000, 0x00000000c8200000, 0x00000000c8200000|100%| O|  |TAMS 0x00000000c8100000, 0x00000000c8200000| Untracked 
|  92|0x00000000c8200000, 0x00000000c8300000, 0x00000000c8300000|100%| O|  |TAMS 0x00000000c8200000, 0x00000000c8300000| Untracked 
|  93|0x00000000c8300000, 0x00000000c8400000, 0x00000000c8400000|100%| O|  |TAMS 0x00000000c8300000, 0x00000000c8400000| Untracked 
|  94|0x00000000c8400000, 0x00000000c8500000, 0x00000000c8500000|100%| O|  |TAMS 0x00000000c8400000, 0x00000000c8500000| Untracked 
|  95|0x00000000c8500000, 0x00000000c8600000, 0x00000000c8600000|100%| O|  |TAMS 0x00000000c8500000, 0x00000000c8600000| Untracked 
|  96|0x00000000c8600000, 0x00000000c8700000, 0x00000000c8700000|100%| O|  |TAMS 0x00000000c8600000, 0x00000000c8700000| Untracked 
|  97|0x00000000c8700000, 0x00000000c8700000, 0x00000000c8800000|  0%| F|  |TAMS 0x00000000c8700000, 0x00000000c8700000| Untracked 
|  98|0x00000000c8800000, 0x00000000c8800000, 0x00000000c8900000|  0%| F|  |TAMS 0x00000000c8800000, 0x00000000c8800000| Untracked 
|  99|0x00000000c8900000, 0x00000000c8900000, 0x00000000c8a00000|  0%| F|  |TAMS 0x00000000c8900000, 0x00000000c8900000| Untracked 
| 100|0x00000000c8a00000, 0x00000000c8a00000, 0x00000000c8b00000|  0%| F|  |TAMS 0x00000000c8a00000, 0x00000000c8a00000| Untracked 
| 101|0x00000000c8b00000, 0x00000000c8b00000, 0x00000000c8c00000|  0%| F|  |TAMS 0x00000000c8b00000, 0x00000000c8b00000| Untracked 
| 102|0x00000000c8c00000, 0x00000000c8c00000, 0x00000000c8d00000|  0%| F|  |TAMS 0x00000000c8c00000, 0x00000000c8c00000| Untracked 
| 103|0x00000000c8d00000, 0x00000000c8d00000, 0x00000000c8e00000|  0%| F|  |TAMS 0x00000000c8d00000, 0x00000000c8d00000| Untracked 
| 104|0x00000000c8e00000, 0x00000000c8e00000, 0x00000000c8f00000|  0%| F|  |TAMS 0x00000000c8e00000, 0x00000000c8e00000| Untracked 
| 105|0x00000000c8f00000, 0x00000000c8f00000, 0x00000000c9000000|  0%| F|  |TAMS 0x00000000c8f00000, 0x00000000c8f00000| Untracked 
| 106|0x00000000c9000000, 0x00000000c9000000, 0x00000000c9100000|  0%| F|  |TAMS 0x00000000c9000000, 0x00000000c9000000| Untracked 
| 107|0x00000000c9100000, 0x00000000c9100000, 0x00000000c9200000|  0%| F|  |TAMS 0x00000000c9100000, 0x00000000c9100000| Untracked 
| 108|0x00000000c9200000, 0x00000000c9200000, 0x00000000c9300000|  0%| F|  |TAMS 0x00000000c9200000, 0x00000000c9200000| Untracked 
| 109|0x00000000c9300000, 0x00000000c9300000, 0x00000000c9400000|  0%| F|  |TAMS 0x00000000c9300000, 0x00000000c9300000| Untracked 
| 110|0x00000000c9400000, 0x00000000c9400000, 0x00000000c9500000|  0%| F|  |TAMS 0x00000000c9400000, 0x00000000c9400000| Untracked 
| 111|0x00000000c9500000, 0x00000000c9500000, 0x00000000c9600000|  0%| F|  |TAMS 0x00000000c9500000, 0x00000000c9500000| Untracked 
| 112|0x00000000c9600000, 0x00000000c9600000, 0x00000000c9700000|  0%| F|  |TAMS 0x00000000c9600000, 0x00000000c9600000| Untracked 
| 113|0x00000000c9700000, 0x00000000c9700000, 0x00000000c9800000|  0%| F|  |TAMS 0x00000000c9700000, 0x00000000c9700000| Untracked 
| 114|0x00000000c9800000, 0x00000000c9800000, 0x00000000c9900000|  0%| F|  |TAMS 0x00000000c9800000, 0x00000000c9800000| Untracked 
| 115|0x00000000c9900000, 0x00000000c9900000, 0x00000000c9a00000|  0%| F|  |TAMS 0x00000000c9900000, 0x00000000c9900000| Untracked 
| 116|0x00000000c9a00000, 0x00000000c9a00000, 0x00000000c9b00000|  0%| F|  |TAMS 0x00000000c9a00000, 0x00000000c9a00000| Untracked 
| 117|0x00000000c9b00000, 0x00000000c9b00000, 0x00000000c9c00000|  0%| F|  |TAMS 0x00000000c9b00000, 0x00000000c9b00000| Untracked 
| 118|0x00000000c9c00000, 0x00000000c9c00000, 0x00000000c9d00000|  0%| F|  |TAMS 0x00000000c9c00000, 0x00000000c9c00000| Untracked 
| 119|0x00000000c9d00000, 0x00000000c9d00000, 0x00000000c9e00000|  0%| F|  |TAMS 0x00000000c9d00000, 0x00000000c9d00000| Untracked 
| 120|0x00000000c9e00000, 0x00000000c9e00000, 0x00000000c9f00000|  0%| F|  |TAMS 0x00000000c9e00000, 0x00000000c9e00000| Untracked 
| 121|0x00000000c9f00000, 0x00000000c9f00000, 0x00000000ca000000|  0%| F|  |TAMS 0x00000000c9f00000, 0x00000000c9f00000| Untracked 
| 122|0x00000000ca000000, 0x00000000ca000000, 0x00000000ca100000|  0%| F|  |TAMS 0x00000000ca000000, 0x00000000ca000000| Untracked 
| 123|0x00000000ca100000, 0x00000000ca100000, 0x00000000ca200000|  0%| F|  |TAMS 0x00000000ca100000, 0x00000000ca100000| Untracked 
| 124|0x00000000ca200000, 0x00000000ca200000, 0x00000000ca300000|  0%| F|  |TAMS 0x00000000ca200000, 0x00000000ca200000| Untracked 
| 125|0x00000000ca300000, 0x00000000ca400000, 0x00000000ca400000|100%| S|CS|TAMS 0x00000000ca300000, 0x00000000ca300000| Complete 
| 126|0x00000000ca400000, 0x00000000ca500000, 0x00000000ca500000|100%| S|CS|TAMS 0x00000000ca400000, 0x00000000ca400000| Complete 
| 127|0x00000000ca500000, 0x00000000ca600000, 0x00000000ca600000|100%| S|CS|TAMS 0x00000000ca500000, 0x00000000ca500000| Complete 
| 128|0x00000000ca600000, 0x00000000ca700000, 0x00000000ca700000|100%| S|CS|TAMS 0x00000000ca600000, 0x00000000ca600000| Complete 
| 129|0x00000000ca700000, 0x00000000ca800000, 0x00000000ca800000|100%| S|CS|TAMS 0x00000000ca700000, 0x00000000ca700000| Complete 
| 130|0x00000000ca800000, 0x00000000ca800000, 0x00000000ca900000|  0%| F|  |TAMS 0x00000000ca800000, 0x00000000ca800000| Untracked 
| 131|0x00000000ca900000, 0x00000000ca900000, 0x00000000caa00000|  0%| F|  |TAMS 0x00000000ca900000, 0x00000000ca900000| Untracked 
| 132|0x00000000caa00000, 0x00000000caa00000, 0x00000000cab00000|  0%| F|  |TAMS 0x00000000caa00000, 0x00000000caa00000| Untracked 
| 133|0x00000000cab00000, 0x00000000cab00000, 0x00000000cac00000|  0%| F|  |TAMS 0x00000000cab00000, 0x00000000cab00000| Untracked 
| 134|0x00000000cac00000, 0x00000000cac00000, 0x00000000cad00000|  0%| F|  |TAMS 0x00000000cac00000, 0x00000000cac00000| Untracked 
| 135|0x00000000cad00000, 0x00000000cad00000, 0x00000000cae00000|  0%| F|  |TAMS 0x00000000cad00000, 0x00000000cad00000| Untracked 
| 136|0x00000000cae00000, 0x00000000cae00000, 0x00000000caf00000|  0%| F|  |TAMS 0x00000000cae00000, 0x00000000cae00000| Untracked 
| 137|0x00000000caf00000, 0x00000000caf00000, 0x00000000cb000000|  0%| F|  |TAMS 0x00000000caf00000, 0x00000000caf00000| Untracked 
| 138|0x00000000cb000000, 0x00000000cb000000, 0x00000000cb100000|  0%| F|  |TAMS 0x00000000cb000000, 0x00000000cb000000| Untracked 
| 139|0x00000000cb100000, 0x00000000cb100000, 0x00000000cb200000|  0%| F|  |TAMS 0x00000000cb100000, 0x00000000cb100000| Untracked 
| 140|0x00000000cb200000, 0x00000000cb200000, 0x00000000cb300000|  0%| F|  |TAMS 0x00000000cb200000, 0x00000000cb200000| Untracked 
| 141|0x00000000cb300000, 0x00000000cb300000, 0x00000000cb400000|  0%| F|  |TAMS 0x00000000cb300000, 0x00000000cb300000| Untracked 
| 142|0x00000000cb400000, 0x00000000cb400000, 0x00000000cb500000|  0%| F|  |TAMS 0x00000000cb400000, 0x00000000cb400000| Untracked 
| 143|0x00000000cb500000, 0x00000000cb500000, 0x00000000cb600000|  0%| F|  |TAMS 0x00000000cb500000, 0x00000000cb500000| Untracked 
| 144|0x00000000cb600000, 0x00000000cb600000, 0x00000000cb700000|  0%| F|  |TAMS 0x00000000cb600000, 0x00000000cb600000| Untracked 
| 145|0x00000000cb700000, 0x00000000cb700000, 0x00000000cb800000|  0%| F|  |TAMS 0x00000000cb700000, 0x00000000cb700000| Untracked 
| 146|0x00000000cb800000, 0x00000000cb800000, 0x00000000cb900000|  0%| F|  |TAMS 0x00000000cb800000, 0x00000000cb800000| Untracked 
| 147|0x00000000cb900000, 0x00000000cb900000, 0x00000000cba00000|  0%| F|  |TAMS 0x00000000cb900000, 0x00000000cb900000| Untracked 
| 148|0x00000000cba00000, 0x00000000cba00000, 0x00000000cbb00000|  0%| F|  |TAMS 0x00000000cba00000, 0x00000000cba00000| Untracked 
| 149|0x00000000cbb00000, 0x00000000cbb00000, 0x00000000cbc00000|  0%| F|  |TAMS 0x00000000cbb00000, 0x00000000cbb00000| Untracked 
| 150|0x00000000cbc00000, 0x00000000cbc00000, 0x00000000cbd00000|  0%| F|  |TAMS 0x00000000cbc00000, 0x00000000cbc00000| Untracked 
| 151|0x00000000cbd00000, 0x00000000cbd00000, 0x00000000cbe00000|  0%| F|  |TAMS 0x00000000cbd00000, 0x00000000cbd00000| Untracked 
| 152|0x00000000cbe00000, 0x00000000cbe00000, 0x00000000cbf00000|  0%| F|  |TAMS 0x00000000cbe00000, 0x00000000cbe00000| Untracked 
| 153|0x00000000cbf00000, 0x00000000cbf00000, 0x00000000cc000000|  0%| F|  |TAMS 0x00000000cbf00000, 0x00000000cbf00000| Untracked 
| 154|0x00000000cc000000, 0x00000000cc000000, 0x00000000cc100000|  0%| F|  |TAMS 0x00000000cc000000, 0x00000000cc000000| Untracked 
| 155|0x00000000cc100000, 0x00000000cc100000, 0x00000000cc200000|  0%| F|  |TAMS 0x00000000cc100000, 0x00000000cc100000| Untracked 
| 156|0x00000000cc200000, 0x00000000cc200000, 0x00000000cc300000|  0%| F|  |TAMS 0x00000000cc200000, 0x00000000cc200000| Untracked 
| 157|0x00000000cc300000, 0x00000000cc300000, 0x00000000cc400000|  0%| F|  |TAMS 0x00000000cc300000, 0x00000000cc300000| Untracked 
| 158|0x00000000cc400000, 0x00000000cc400000, 0x00000000cc500000|  0%| F|  |TAMS 0x00000000cc400000, 0x00000000cc400000| Untracked 
| 159|0x00000000cc500000, 0x00000000cc500000, 0x00000000cc600000|  0%| F|  |TAMS 0x00000000cc500000, 0x00000000cc500000| Untracked 
| 160|0x00000000cc600000, 0x00000000cc600000, 0x00000000cc700000|  0%| F|  |TAMS 0x00000000cc600000, 0x00000000cc600000| Untracked 
| 161|0x00000000cc700000, 0x00000000cc700000, 0x00000000cc800000|  0%| F|  |TAMS 0x00000000cc700000, 0x00000000cc700000| Untracked 
| 162|0x00000000cc800000, 0x00000000cc800000, 0x00000000cc900000|  0%| F|  |TAMS 0x00000000cc800000, 0x00000000cc800000| Untracked 
| 163|0x00000000cc900000, 0x00000000cc900000, 0x00000000cca00000|  0%| F|  |TAMS 0x00000000cc900000, 0x00000000cc900000| Untracked 
| 164|0x00000000cca00000, 0x00000000cca00000, 0x00000000ccb00000|  0%| F|  |TAMS 0x00000000cca00000, 0x00000000cca00000| Untracked 

Card table byte_map: [0x000001d54e590000,0x000001d54e780000] _byte_map_base: 0x000001d54df7d000

Marking Bits (Prev, Next): (CMBitMap*) 0x000001d543decc70, (CMBitMap*) 0x000001d543decc30
 Prev Bits: [0x000001d54f8e0000, 0x000001d550848000)
 Next Bits: [0x000001d54e970000, 0x000001d54f8d8000)

Polling page: 0x000001d541cb0000

Metaspace:

Usage:
  Non-class:     62.35 MB used.
      Class:     10.86 MB used.
       Both:     73.21 MB used.

Virtual space:
  Non-class space:       64.00 MB reserved,      62.69 MB ( 98%) committed,  8 nodes.
      Class space:        1.00 GB reserved,      11.19 MB (  1%) committed,  1 nodes.
             Both:        1.06 GB reserved,      73.88 MB (  7%) committed. 

Chunk freelists:
   Non-Class:  1.11 MB
       Class:  736.00 KB
        Both:  1.83 MB

MaxMetaspaceSize: unlimited
CompressedClassSpaceSize: 1.00 GB
Initial GC threshold: 21.00 MB
Current GC threshold: 123.12 MB
CDS: on
MetaspaceReclaimPolicy: balanced
 - commit_granule_bytes: 65536.
 - commit_granule_words: 8192.
 - virtual_space_node_default_size: 1048576.
 - enlarge_chunks_in_place: 1.
 - new_chunks_are_fully_committed: 0.
 - uncommit_free_chunks: 1.
 - use_allocation_guard: 0.
 - handle_deallocations: 1.


Internal statistics:

num_allocs_failed_limit: 12.
num_arena_births: 914.
num_arena_deaths: 0.
num_vsnodes_births: 9.
num_vsnodes_deaths: 0.
num_space_committed: 1182.
num_space_uncommitted: 0.
num_chunks_returned_to_freelist: 12.
num_chunks_taken_from_freelist: 3699.
num_chunk_merges: 12.
num_chunk_splits: 2753.
num_chunks_enlarged: 2142.
num_purges: 0.
num_inconsistent_stats: 0.

CodeCache: size=49152Kb used=14609Kb max_used=14609Kb free=34542Kb
 bounds [0x000001d54b590000, 0x000001d54c3e0000, 0x000001d54e590000]
 total_blobs=8677 nmethods=7989 adapters=612
 compilation: enabled
              stopped_count=0, restarted_count=0
 full_count=0

Compilation events (20 events):
Event: 40.907 Thread 0x000001d5583c9040 7980       1       java.util.ArrayList::equalsArrayList (108 bytes)
Event: 40.908 Thread 0x000001d5583c9040 nmethod 7980 0x000001d54c3d1310 code [0x000001d54c3d14e0, 0x000001d54c3d1888]
Event: 41.000 Thread 0x000001d552cb5690 7981       1       sun.nio.ch.NioSocketImpl::timedRead (85 bytes)
Event: 41.001 Thread 0x000001d552cb5690 nmethod 7981 0x000001d54c3d1b10 code [0x000001d54c3d1ce0, 0x000001d54c3d2008]
Event: 41.001 Thread 0x000001d5583c9040 7982       1       javax.management.ObjectName::getDomain (13 bytes)
Event: 41.001 Thread 0x000001d5583c9040 nmethod 7982 0x000001d54c3d2190 code [0x000001d54c3d2320, 0x000001d54c3d2428]
Event: 41.188 Thread 0x000001d553dc3a60 7983       1       org.antlr.v4.runtime.misc.IntegerList::size (5 bytes)
Event: 41.188 Thread 0x000001d553dc3a60 nmethod 7983 0x000001d54c3d2510 code [0x000001d54c3d26a0, 0x000001d54c3d2778]
Event: 41.399 Thread 0x000001d552cb5690 7984       1       java.util.concurrent.atomic.AtomicIntegerFieldUpdater$AtomicIntegerFieldUpdaterImpl::get (17 bytes)
Event: 41.399 Thread 0x000001d552cb5690 nmethod 7984 0x000001d54c3d2810 code [0x000001d54c3d29a0, 0x000001d54c3d2ac8]
Event: 41.489 Thread 0x000001d553dc3a60 7985       1       org.antlr.v4.runtime.misc.FlexibleHashMap::<init> (60 bytes)
Event: 41.490 Thread 0x000001d553dc3a60 nmethod 7985 0x000001d54c3d2b90 code [0x000001d54c3d2d60, 0x000001d54c3d3008]
Event: 41.857 Thread 0x000001d552cb5690 7986       1       org.antlr.v4.runtime.atn.PredictionMode::allConfigsInRuleStopStates (41 bytes)
Event: 41.858 Thread 0x000001d552cb5690 nmethod 7986 0x000001d54c3d3110 code [0x000001d54c3d32c0, 0x000001d54c3d3568]
Event: 41.859 Thread 0x000001d552cb5690 7987       1       org.antlr.v4.runtime.atn.PredictionMode::hasSLLConflictTerminatingPrediction (109 bytes)
Event: 41.860 Thread 0x000001d552cb5690 nmethod 7987 0x000001d54c3d3710 code [0x000001d54c3d3920, 0x000001d54c3d3dd8]
Event: 42.151 Thread 0x000001d553dc3a60 7988       1       java.io.ObjectInputStream$PeekInputStream::getBytesRead (5 bytes)
Event: 42.151 Thread 0x000001d553dc3a60 nmethod 7988 0x000001d54c3d4110 code [0x000001d54c3d42a0, 0x000001d54c3d4378]
Event: 42.151 Thread 0x000001d553dc3a60 7989       1       jdk.internal.event.DeserializationEvent::shouldCommit (2 bytes)
Event: 42.151 Thread 0x000001d553dc3a60 nmethod 7989 0x000001d54c3d4410 code [0x000001d54c3d45a0, 0x000001d54c3d4678]

GC Heap History (20 events):
Event: 39.567 GC heap after
{Heap after GC invocations=29 (full 0):
 garbage-first heap   total 122880K, used 67538K [0x00000000c2600000, 0x0000000100000000)
  region size 1024K, 5 young (5120K), 5 survivors (5120K)
 Metaspace       used 73282K, committed 73920K, reserved 1114112K
  class space    used 10742K, committed 11072K, reserved 1048576K
}
Event: 39.773 GC heap before
{Heap before GC invocations=29 (full 0):
 garbage-first heap   total 122880K, used 95186K [0x00000000c2600000, 0x0000000100000000)
  region size 1024K, 32 young (32768K), 5 survivors (5120K)
 Metaspace       used 73282K, committed 73920K, reserved 1114112K
  class space    used 10742K, committed 11072K, reserved 1048576K
}
Event: 39.787 GC heap after
{Heap after GC invocations=30 (full 0):
 garbage-first heap   total 122880K, used 70031K [0x00000000c2600000, 0x0000000100000000)
  region size 1024K, 3 young (3072K), 3 survivors (3072K)
 Metaspace       used 73282K, committed 73920K, reserved 1114112K
  class space    used 10742K, committed 11072K, reserved 1048576K
}
Event: 40.711 GC heap before
{Heap before GC invocations=31 (full 0):
 garbage-first heap   total 140288K, used 95631K [0x00000000c2600000, 0x0000000100000000)
  region size 1024K, 29 young (29696K), 3 survivors (3072K)
 Metaspace       used 74959K, committed 75584K, reserved 1114112K
  class space    used 11121K, committed 11456K, reserved 1048576K
}
Event: 40.716 GC heap after
{Heap after GC invocations=32 (full 0):
 garbage-first heap   total 140288K, used 69201K [0x00000000c2600000, 0x0000000100000000)
  region size 1024K, 3 young (3072K), 3 survivors (3072K)
 Metaspace       used 74959K, committed 75584K, reserved 1114112K
  class space    used 11121K, committed 11456K, reserved 1048576K
}
Event: 40.733 GC heap before
{Heap before GC invocations=32 (full 0):
 garbage-first heap   total 140288K, used 72273K [0x00000000c2600000, 0x0000000100000000)
  region size 1024K, 6 young (6144K), 3 survivors (3072K)
 Metaspace       used 74959K, committed 75584K, reserved 1114112K
  class space    used 11121K, committed 11456K, reserved 1048576K
}
Event: 40.739 GC heap after
{Heap after GC invocations=33 (full 0):
 garbage-first heap   total 140288K, used 69602K [0x00000000c2600000, 0x0000000100000000)
  region size 1024K, 1 young (1024K), 1 survivors (1024K)
 Metaspace       used 74959K, committed 75584K, reserved 1114112K
  class space    used 11121K, committed 11456K, reserved 1048576K
}
Event: 41.134 GC heap before
{Heap before GC invocations=33 (full 0):
 garbage-first heap   total 140288K, used 109538K [0x00000000c2600000, 0x0000000100000000)
  region size 1024K, 40 young (40960K), 1 survivors (1024K)
 Metaspace       used 74962K, committed 75648K, reserved 1114112K
  class space    used 11121K, committed 11456K, reserved 1048576K
}
Event: 41.154 GC heap after
{Heap after GC invocations=34 (full 0):
 garbage-first heap   total 168960K, used 81120K [0x00000000c2600000, 0x0000000100000000)
  region size 1024K, 5 young (5120K), 5 survivors (5120K)
 Metaspace       used 74962K, committed 75648K, reserved 1114112K
  class space    used 11121K, committed 11456K, reserved 1048576K
}
Event: 41.587 GC heap before
{Heap before GC invocations=35 (full 0):
 garbage-first heap   total 168960K, used 116960K [0x00000000c2600000, 0x0000000100000000)
  region size 1024K, 49 young (50176K), 5 survivors (5120K)
 Metaspace       used 74970K, committed 75648K, reserved 1114112K
  class space    used 11121K, committed 11456K, reserved 1048576K
}
Event: 41.611 GC heap after
{Heap after GC invocations=36 (full 0):
 garbage-first heap   total 168960K, used 86719K [0x00000000c2600000, 0x0000000100000000)
  region size 1024K, 7 young (7168K), 7 survivors (7168K)
 Metaspace       used 74970K, committed 75648K, reserved 1114112K
  class space    used 11121K, committed 11456K, reserved 1048576K
}
Event: 41.615 GC heap before
{Heap before GC invocations=36 (full 0):
 garbage-first heap   total 168960K, used 87743K [0x00000000c2600000, 0x0000000100000000)
  region size 1024K, 8 young (8192K), 7 survivors (7168K)
 Metaspace       used 74970K, committed 75648K, reserved 1114112K
  class space    used 11121K, committed 11456K, reserved 1048576K
}
Event: 41.628 GC heap after
{Heap after GC invocations=37 (full 0):
 garbage-first heap   total 168960K, used 79417K [0x00000000c2600000, 0x0000000100000000)
  region size 1024K, 1 young (1024K), 1 survivors (1024K)
 Metaspace       used 74970K, committed 75648K, reserved 1114112K
  class space    used 11121K, committed 11456K, reserved 1048576K
}
Event: 41.734 GC heap before
{Heap before GC invocations=37 (full 0):
 garbage-first heap   total 168960K, used 93753K [0x00000000c2600000, 0x0000000100000000)
  region size 1024K, 16 young (16384K), 1 survivors (1024K)
 Metaspace       used 74970K, committed 75648K, reserved 1114112K
  class space    used 11121K, committed 11456K, reserved 1048576K
}
Event: 41.740 GC heap after
{Heap after GC invocations=38 (full 0):
 garbage-first heap   total 168960K, used 81631K [0x00000000c2600000, 0x0000000100000000)
  region size 1024K, 4 young (4096K), 4 survivors (4096K)
 Metaspace       used 74970K, committed 75648K, reserved 1114112K
  class space    used 11121K, committed 11456K, reserved 1048576K
}
Event: 42.099 GC heap before
{Heap before GC invocations=39 (full 0):
 garbage-first heap   total 168960K, used 122591K [0x00000000c2600000, 0x0000000100000000)
  region size 1024K, 46 young (47104K), 4 survivors (4096K)
 Metaspace       used 74970K, committed 75648K, reserved 1114112K
  class space    used 11121K, committed 11456K, reserved 1048576K
}
Event: 42.137 GC heap after
{Heap after GC invocations=40 (full 0):
 garbage-first heap   total 168960K, used 96034K [0x00000000c2600000, 0x0000000100000000)
  region size 1024K, 6 young (6144K), 6 survivors (6144K)
 Metaspace       used 74970K, committed 75648K, reserved 1114112K
  class space    used 11121K, committed 11456K, reserved 1048576K
}
Event: 42.178 GC heap before
{Heap before GC invocations=40 (full 0):
 garbage-first heap   total 168960K, used 100130K [0x00000000c2600000, 0x0000000100000000)
  region size 1024K, 8 young (8192K), 6 survivors (6144K)
 Metaspace       used 74970K, committed 75648K, reserved 1114112K
  class space    used 11121K, committed 11456K, reserved 1048576K
}
Event: 42.195 GC heap after
{Heap after GC invocations=41 (full 0):
 garbage-first heap   total 168960K, used 88767K [0x00000000c2600000, 0x0000000100000000)
  region size 1024K, 1 young (1024K), 1 survivors (1024K)
 Metaspace       used 74970K, committed 75648K, reserved 1114112K
  class space    used 11121K, committed 11456K, reserved 1048576K
}
Event: 42.446 GC heap before
{Heap before GC invocations=41 (full 0):
 garbage-first heap   total 168960K, used 123583K [0x00000000c2600000, 0x0000000100000000)
  region size 1024K, 35 young (35840K), 1 survivors (1024K)
 Metaspace       used 74970K, committed 75648K, reserved 1114112K
  class space    used 11121K, committed 11456K, reserved 1048576K
}

Deoptimization events (20 events):
Event: 1.219 Thread 0x000001d543dbc450 DEOPT PACKING pc=0x000001d54b7fe205 sp=0x000000919a4fdf90
Event: 1.219 Thread 0x000001d543dbc450 DEOPT UNPACKING pc=0x000001d54b5e2b24 sp=0x000000919a4fd4f0 mode 3
Event: 3.600 Thread 0x000001d543dbc450 DEOPT PACKING pc=0x000001d54b87e9f5 sp=0x000000919a4fd620
Event: 3.600 Thread 0x000001d543dbc450 DEOPT UNPACKING pc=0x000001d54b5e2b24 sp=0x000000919a4fca78 mode 3
Event: 5.748 Thread 0x000001d55492cd10 DEOPT PACKING pc=0x000001d54bace255 sp=0x000000919c2fda60
Event: 5.748 Thread 0x000001d55492cd10 DEOPT UNPACKING pc=0x000001d54b5e2b24 sp=0x000000919c2fcf08 mode 3
Event: 6.377 Thread 0x000001d55492cd10 DEOPT PACKING pc=0x000001d54bb19999 sp=0x000000919c2fc5f0
Event: 6.377 Thread 0x000001d55492cd10 DEOPT UNPACKING pc=0x000001d54b5e2b24 sp=0x000000919c2fbad0 mode 3
Event: 15.490 Thread 0x000001d55492cd10 DEOPT PACKING pc=0x000001d54be3bdc0 sp=0x000000919c2fc180
Event: 15.490 Thread 0x000001d55492cd10 DEOPT UNPACKING pc=0x000001d54b5e2b24 sp=0x000000919c2fb5f0 mode 3
Event: 15.560 Thread 0x000001d55492cd10 DEOPT PACKING pc=0x000001d54be55599 sp=0x000000919c2fd360
Event: 15.560 Thread 0x000001d55492cd10 DEOPT UNPACKING pc=0x000001d54b5e2b24 sp=0x000000919c2fc840 mode 3
Event: 16.392 Thread 0x000001d55492cd10 DEOPT PACKING pc=0x000001d54be0fc34 sp=0x000000919c2fafd0
Event: 16.392 Thread 0x000001d55492cd10 DEOPT UNPACKING pc=0x000001d54b5e2b24 sp=0x000000919c2fa558 mode 0
Event: 16.392 Thread 0x000001d55492cd10 DEOPT PACKING pc=0x000001d54bd6836c sp=0x000000919c2fb1b0
Event: 16.392 Thread 0x000001d55492cd10 DEOPT UNPACKING pc=0x000001d54b5e2b24 sp=0x000000919c2fa670 mode 0
Event: 33.655 Thread 0x000001d55492cd10 DEOPT PACKING pc=0x000001d54c260504 sp=0x000000919c2f8820
Event: 33.655 Thread 0x000001d55492cd10 DEOPT UNPACKING pc=0x000001d54b5e2b24 sp=0x000000919c2f7d98 mode 0
Event: 36.639 Thread 0x000001d55492cd10 DEOPT PACKING pc=0x000001d54bb427aa sp=0x000000919c2f9b80
Event: 36.639 Thread 0x000001d55492cd10 DEOPT UNPACKING pc=0x000001d54b5e2b24 sp=0x000000919c2f9088 mode 3

Classes unloaded (0 events):
No events

Classes redefined (0 events):
No events

Internal exceptions (20 events):
Event: 33.140 Thread 0x000001d55492cd10 Exception <a 'java/lang/NoSuchMethodError'{0x00000000c63896c8}: 'void java.lang.invoke.DirectMethodHandle$Holder.invokeSpecial(java.lang.Object, java.lang.Object, java.lang.Object, java.lang.Object, java.lang.Object, java.lang.Object, java.lang.Object, java.lang.Object)'> (0x00000000c63896c8) 
thrown [c:\sb\prod\1715191057\workspace\open\src\hotspot\share\interpreter\linkResolver.cpp, line 766]
Event: 33.157 Thread 0x000001d55492cd10 Exception <a 'java/lang/NoSuchMethodError'{0x00000000c63d1588}: 'void java.lang.invoke.DirectMethodHandle$Holder.invokeSpecial(java.lang.Object, java.lang.Object, int, java.lang.Object)'> (0x00000000c63d1588) 
thrown [c:\sb\prod\1715191057\workspace\open\src\hotspot\share\interpreter\linkResolver.cpp, line 766]
Event: 33.158 Thread 0x000001d55492cd10 Exception <a 'java/lang/NoSuchMethodError'{0x00000000c63d8be8}: 'java.lang.Object java.lang.invoke.DirectMethodHandle$Holder.newInvokeSpecial(java.lang.Object, java.lang.Object, int)'> (0x00000000c63d8be8) 
thrown [c:\sb\prod\1715191057\workspace\open\src\hotspot\share\interpreter\linkResolver.cpp, line 766]
Event: 33.241 Thread 0x000001d55492cd10 Exception <a 'java/lang/NoSuchMethodError'{0x00000000c61623c8}: 'int java.lang.invoke.DirectMethodHandle$Holder.invokeStatic(java.lang.Object, int, java.lang.Object)'> (0x00000000c61623c8) 
thrown [c:\sb\prod\1715191057\workspace\open\src\hotspot\share\interpreter\linkResolver.cpp, line 766]
Event: 33.247 Thread 0x000001d55492cd10 Exception <a 'java/lang/NoSuchMethodError'{0x00000000c6187048}: 'java.lang.Object java.lang.invoke.DirectMethodHandle$Holder.newInvokeSpecial(java.lang.Object, java.lang.Object, java.lang.Object, java.lang.Object, java.lang.Object, int, java.lang.Object)'> (0x00000000c6187048) 
thrown [c:\sb\prod\1715191057\workspace\open\src\hotspot\share\interpreter\linkResolver.cpp, line 766]
Event: 33.259 Thread 0x000001d55492cd10 Exception <a 'java/lang/NoSuchMethodError'{0x00000000c61d0de8}: 'java.lang.Object java.lang.invoke.DirectMethodHandle$Holder.newInvokeSpecial(java.lang.Object, java.lang.Object, java.lang.Object, java.lang.Object, java.lang.Object, java.lang.Object, java.lang.Object, java.lang.Object, java.lang.Object, java.lang.Object, java.lang.Object, java.lang.Object)'> (0x00000000c61d0de8) 
thrown [c:\sb\prod\1715191057\workspace\open\src\hotspot\share\interpreter\linkResolver.cpp, line 766]
Event: 33.260 Thread 0x000001d55492cd10 Exception <a 'java/lang/NoSuchMethodError'{0x00000000c61d6078}: 'java.lang.Object java.lang.invoke.DirectMethodHandle$Holder.invokeSpecial(java.lang.Object, java.lang.Object, java.lang.Object, java.lang.Object, java.lang.Object, java.lang.Object, java.lang.Object, java.lang.Object, java.lang.Object, java.lang.Object, java.lang.Object, java.lang.Object, java.lang.Object)'> (0x00000000c61d6078) 
thrown [c:\sb\prod\1715191057\workspace\open\src\hotspot\share\interpreter\linkResolver.cpp, line 766]
Event: 33.260 Thread 0x000001d55492cd10 Exception <a 'java/lang/NoSuchMethodError'{0x00000000c61daf88}: 'java.lang.Object java.lang.invoke.Invokers$Holder.linkToTargetMethod(java.lang.Object, java.lang.Object, java.lang.Object, java.lang.Object, java.lang.Object, java.lang.Object, java.lang.Object, java.lang.Object, java.lang.Object, java.lang.Object, java.lang.Object, java.lang.Object)'> (0x00000000c61daf88) 
thrown [c:\sb\prod\1715191057\workspace\open\src\hotspot\share\interpreter\linkResolver.cpp, line 766]
Event: 33.410 Thread 0x000001d55492cd10 Exception <a 'java/lang/IncompatibleClassChangeError'{0x00000000c5ff30f8}: Found class java.lang.Object, but interface was expected> (0x00000000c5ff30f8) 
thrown [c:\sb\prod\1715191057\workspace\open\src\hotspot\share\interpreter\linkResolver.cpp, line 833]
Event: 33.441 Thread 0x000001d55492cd10 Exception <a 'java/lang/NoSuchMethodError'{0x00000000c5e86dd0}: 'java.lang.Object java.lang.invoke.DirectMethodHandle$Holder.newInvokeSpecial(java.lang.Object, java.lang.Object, int, java.lang.Object, int, java.lang.Object, java.lang.Object)'> (0x00000000c5e86dd0) 
thrown [c:\sb\prod\1715191057\workspace\open\src\hotspot\share\interpreter\linkResolver.cpp, line 766]
Event: 33.458 Thread 0x000001d55492cd10 Exception <a 'java/lang/NoSuchMethodError'{0x00000000c5edd030}: 'java.lang.Object java.lang.invoke.DirectMethodHandle$Holder.newInvokeSpecial(java.lang.Object, java.lang.Object, java.lang.Object, java.lang.Object, java.lang.Object, java.lang.Object, java.lang.Object, int)'> (0x00000000c5edd030) 
thrown [c:\sb\prod\1715191057\workspace\open\src\hotspot\share\interpreter\linkResolver.cpp, line 766]
Event: 33.459 Thread 0x000001d55492cd10 Exception <a 'java/lang/NoSuchMethodError'{0x00000000c5ee2820}: 'java.lang.Object java.lang.invoke.DirectMethodHandle$Holder.invokeSpecial(java.lang.Object, java.lang.Object, java.lang.Object, java.lang.Object, java.lang.Object, java.lang.Object, java.lang.Object, java.lang.Object, int)'> (0x00000000c5ee2820) 
thrown [c:\sb\prod\1715191057\workspace\open\src\hotspot\share\interpreter\linkResolver.cpp, line 766]
Event: 33.459 Thread 0x000001d55492cd10 Exception <a 'java/lang/NoSuchMethodError'{0x00000000c5ee7ae0}: 'java.lang.Object java.lang.invoke.Invokers$Holder.linkToTargetMethod(java.lang.Object, java.lang.Object, java.lang.Object, java.lang.Object, java.lang.Object, java.lang.Object, int, java.lang.Object)'> (0x00000000c5ee7ae0) 
thrown [c:\sb\prod\1715191057\workspace\open\src\hotspot\share\interpreter\linkResolver.cpp, line 766]
Event: 36.190 Thread 0x000001d55492cd10 Exception <a 'java/lang/NoSuchMethodError'{0x00000000cac3d428}: 'java.lang.Object java.lang.invoke.DirectMethodHandle$Holder.invokeSpecial(java.lang.Object, java.lang.Object, int, java.lang.Object, int)'> (0x00000000cac3d428) 
thrown [c:\sb\prod\1715191057\workspace\open\src\hotspot\share\interpreter\linkResolver.cpp, line 766]
Event: 37.322 Thread 0x000001d55492cd10 Exception <a 'java/lang/IncompatibleClassChangeError'{0x00000000c894a008}: Found class java.lang.Object, but interface was expected> (0x00000000c894a008) 
thrown [c:\sb\prod\1715191057\workspace\open\src\hotspot\share\interpreter\linkResolver.cpp, line 833]
Event: 37.630 Thread 0x000001d55492cd10 Exception <a 'java/lang/reflect/InvocationTargetException'{0x00000000c8466eb0}> (0x00000000c8466eb0) 
thrown [c:\sb\prod\1715191057\workspace\open\src\hotspot\share\runtime\reflection.cpp, line 1121]
Event: 37.667 Thread 0x000001d55492cd10 Exception <a 'java/lang/NoSuchMethodError'{0x00000000c84ea748}: 'int java.lang.invoke.DirectMethodHandle$Holder.invokeStatic(java.lang.Object, java.lang.Object, int)'> (0x00000000c84ea748) 
thrown [c:\sb\prod\1715191057\workspace\open\src\hotspot\share\interpreter\linkResolver.cpp, line 766]
Event: 37.687 Thread 0x000001d55492cd10 Exception <a 'java/lang/IncompatibleClassChangeError'{0x00000000c8330338}: Found class java.lang.Object, but interface was expected> (0x00000000c8330338) 
thrown [c:\sb\prod\1715191057\workspace\open\src\hotspot\share\interpreter\linkResolver.cpp, line 833]
Event: 37.826 Thread 0x000001d55492cd10 Exception <a 'java/lang/NoSuchMethodError'{0x00000000c8119630}: 'java.lang.Object java.lang.invoke.DirectMethodHandle$Holder.invokeStatic(java.lang.Object, int, java.lang.Object)'> (0x00000000c8119630) 
thrown [c:\sb\prod\1715191057\workspace\open\src\hotspot\share\interpreter\linkResolver.cpp, line 766]
Event: 37.856 Thread 0x000001d55492cd10 Exception <a 'java/lang/reflect/InvocationTargetException'{0x00000000c8191168}> (0x00000000c8191168) 
thrown [c:\sb\prod\1715191057\workspace\open\src\hotspot\share\runtime\reflection.cpp, line 1121]

VM Operations (20 events):
Event: 41.154 Executing VM operation: G1CollectForAllocation done
Event: 41.291 Executing VM operation: G1Concurrent
Event: 41.300 Executing VM operation: G1Concurrent done
Event: 41.367 Executing VM operation: G1Concurrent
Event: 41.367 Executing VM operation: G1Concurrent done
Event: 41.587 Executing VM operation: G1CollectForAllocation
Event: 41.611 Executing VM operation: G1CollectForAllocation done
Event: 41.615 Executing VM operation: G1CollectForAllocation
Event: 41.628 Executing VM operation: G1CollectForAllocation done
Event: 41.734 Executing VM operation: G1TryInitiateConcMark
Event: 41.740 Executing VM operation: G1TryInitiateConcMark done
Event: 41.899 Executing VM operation: G1Concurrent
Event: 41.904 Executing VM operation: G1Concurrent done
Event: 41.982 Executing VM operation: G1Concurrent
Event: 41.983 Executing VM operation: G1Concurrent done
Event: 42.099 Executing VM operation: G1CollectForAllocation
Event: 42.137 Executing VM operation: G1CollectForAllocation done
Event: 42.178 Executing VM operation: G1CollectForAllocation
Event: 42.195 Executing VM operation: G1CollectForAllocation done
Event: 42.446 Executing VM operation: G1CollectForAllocation

Events (20 events):
Event: 37.777 loading class java/util/regex/Pattern$SliceU
Event: 37.777 loading class java/util/regex/Pattern$SliceU done
Event: 37.777 loading class java/util/regex/Pattern$Bound
Event: 37.778 loading class java/util/regex/Pattern$Bound done
Event: 37.778 loading class java/util/regex/Pattern$SliceI
Event: 37.778 loading class java/util/regex/Pattern$SliceI done
Event: 37.780 loading class java/util/regex/Pattern$LookBehindEndNode
Event: 37.781 loading class java/util/regex/Pattern$LookBehindEndNode done
Event: 37.781 loading class java/util/regex/Pattern$NotBehind
Event: 37.781 loading class java/util/regex/Pattern$NotBehind done
Event: 37.782 loading class java/util/regex/Pattern$Behind
Event: 37.782 loading class java/util/regex/Pattern$Behind done
Event: 37.920 loading class java/lang/invoke/MethodHandleImpl$CountingWrapper$1
Event: 37.921 loading class java/lang/invoke/MethodHandleImpl$CountingWrapper$1 done
Event: 37.959 loading class java/util/EmptyStackException
Event: 37.960 loading class java/util/EmptyStackException done
Event: 38.437 loading class java/io/InvalidClassException
Event: 38.437 loading class java/io/InvalidClassException done
Event: 38.471 loading class java/util/ArrayList$ListItr
Event: 38.471 loading class java/util/ArrayList$ListItr done


Dynamic libraries:
0x00007ff684ee0000 - 0x00007ff684eee000 	C:\Program Files\Java\jdk-17.0.0.1\bin\java.exe
0x00007ffd93d60000 - 0x00007ffd93fc8000 	C:\WINDOWS\SYSTEM32\ntdll.dll
0x00007ffd934c0000 - 0x00007ffd93589000 	C:\WINDOWS\System32\KERNEL32.DLL
0x00007ffd91010000 - 0x00007ffd913fd000 	C:\WINDOWS\System32\KERNELBASE.dll
0x00007ffd916c0000 - 0x00007ffd9180b000 	C:\WINDOWS\System32\ucrtbase.dll
0x00007ffd8b7c0000 - 0x00007ffd8b7d8000 	C:\Program Files\Java\jdk-17.0.0.1\bin\jli.dll
0x00007ffd91b40000 - 0x00007ffd91d0c000 	C:\WINDOWS\System32\USER32.dll
0x00007ffd857e0000 - 0x00007ffd857fa000 	C:\Program Files\Java\jdk-17.0.0.1\bin\VCRUNTIME140.dll
0x00007ffd91ad0000 - 0x00007ffd91af7000 	C:\WINDOWS\System32\win32u.dll
0x00007ffd7c0d0000 - 0x00007ffd7c36a000 	C:\WINDOWS\WinSxS\amd64_microsoft.windows.common-controls_6595b64144ccf1df_6.0.26100.4484_none_3e0e6d4ce32ef3b3\COMCTL32.dll
0x00007ffd923b0000 - 0x00007ffd923db000 	C:\WINDOWS\System32\GDI32.dll
0x00007ffd93910000 - 0x00007ffd939b9000 	C:\WINDOWS\System32\msvcrt.dll
0x00007ffd91400000 - 0x00007ffd91537000 	C:\WINDOWS\System32\gdi32full.dll
0x00007ffd91a20000 - 0x00007ffd91ac3000 	C:\WINDOWS\System32\msvcp_win.dll
0x00007ffd91b00000 - 0x00007ffd91b2f000 	C:\WINDOWS\System32\IMM32.DLL
0x00007ffd8bcb0000 - 0x00007ffd8bcbc000 	C:\Program Files\Java\jdk-17.0.0.1\bin\vcruntime140_1.dll
0x00007ffd7f7e0000 - 0x00007ffd7f86d000 	C:\Program Files\Java\jdk-17.0.0.1\bin\msvcp140.dll
0x00007ffd38910000 - 0x00007ffd394d0000 	C:\Program Files\Java\jdk-17.0.0.1\bin\server\jvm.dll
0x00007ffd93c60000 - 0x00007ffd93d14000 	C:\WINDOWS\System32\ADVAPI32.dll
0x00007ffd93590000 - 0x00007ffd93636000 	C:\WINDOWS\System32\sechost.dll
0x00007ffd93b40000 - 0x00007ffd93c58000 	C:\WINDOWS\System32\RPCRT4.dll
0x00007ffd93780000 - 0x00007ffd93788000 	C:\WINDOWS\System32\PSAPI.DLL
0x00007ffd6ea80000 - 0x00007ffd6ea8a000 	C:\WINDOWS\SYSTEM32\WSOCK32.dll
0x00007ffd93ac0000 - 0x00007ffd93b34000 	C:\WINDOWS\System32\WS2_32.dll
0x00007ffd85240000 - 0x00007ffd8524b000 	C:\WINDOWS\SYSTEM32\VERSION.dll
0x00007ffd7ed00000 - 0x00007ffd7ed35000 	C:\WINDOWS\SYSTEM32\WINMM.dll
0x00007ffd8fc20000 - 0x00007ffd8fc3b000 	C:\WINDOWS\SYSTEM32\kernel.appcore.dll
0x00007ffd8b7b0000 - 0x00007ffd8b7ba000 	C:\Program Files\Java\jdk-17.0.0.1\bin\jimage.dll
0x00007ffd8e700000 - 0x00007ffd8e941000 	C:\WINDOWS\SYSTEM32\DBGHELP.DLL
0x00007ffd92480000 - 0x00007ffd92806000 	C:\WINDOWS\System32\combase.dll
0x00007ffd93120000 - 0x00007ffd93200000 	C:\WINDOWS\System32\OLEAUT32.dll
0x00007ffd6c540000 - 0x00007ffd6c583000 	C:\WINDOWS\SYSTEM32\dbgcore.DLL
0x00007ffd90eb0000 - 0x00007ffd90f49000 	C:\WINDOWS\System32\bcryptPrimitives.dll
0x00007ffd85460000 - 0x00007ffd8546e000 	C:\Program Files\Java\jdk-17.0.0.1\bin\instrument.dll
0x00007ffd854c0000 - 0x00007ffd854e5000 	C:\Program Files\Java\jdk-17.0.0.1\bin\java.dll
0x00007ffd7f700000 - 0x00007ffd7f7d6000 	C:\Program Files\Java\jdk-17.0.0.1\bin\svml.dll
0x00007ffd92860000 - 0x00007ffd92faa000 	C:\WINDOWS\System32\SHELL32.dll
0x00007ffd91540000 - 0x00007ffd916b4000 	C:\WINDOWS\System32\wintypes.dll
0x00007ffd8eae0000 - 0x00007ffd8f33b000 	C:\WINDOWS\SYSTEM32\windows.storage.dll
0x00007ffd933c0000 - 0x00007ffd934b5000 	C:\WINDOWS\System32\SHCORE.dll
0x00007ffd93790000 - 0x00007ffd937fa000 	C:\WINDOWS\System32\shlwapi.dll
0x00007ffd90dc0000 - 0x00007ffd90def000 	C:\WINDOWS\SYSTEM32\profapi.dll
0x00007ffd85440000 - 0x00007ffd85458000 	C:\Program Files\Java\jdk-17.0.0.1\bin\zip.dll
0x00007ffd85420000 - 0x00007ffd85439000 	C:\Program Files\Java\jdk-17.0.0.1\bin\net.dll
0x00007ffd82ff0000 - 0x00007ffd8310e000 	C:\WINDOWS\SYSTEM32\WINHTTP.dll
0x00007ffd90180000 - 0x00007ffd901ea000 	C:\WINDOWS\system32\mswsock.dll
0x00007ffd85030000 - 0x00007ffd85045000 	C:\Program Files\Java\jdk-17.0.0.1\bin\nio.dll
0x00007ffd8f6c0000 - 0x00007ffd8f7e6000 	C:\WINDOWS\SYSTEM32\DNSAPI.dll
0x00007ffd8f630000 - 0x00007ffd8f663000 	C:\WINDOWS\SYSTEM32\IPHLPAPI.DLL
0x00007ffd93ab0000 - 0x00007ffd93aba000 	C:\WINDOWS\System32\NSI.dll
0x00007ffd7fb80000 - 0x00007ffd7fb8b000 	C:\Windows\System32\rasadhlp.dll
0x00007ffd823f0000 - 0x00007ffd82476000 	C:\WINDOWS\System32\fwpuclnt.dll
0x00007ffd84780000 - 0x00007ffd84789000 	C:\Program Files\Java\jdk-17.0.0.1\bin\management.dll
0x00007ffd84770000 - 0x00007ffd8477b000 	C:\Program Files\Java\jdk-17.0.0.1\bin\management_ext.dll
0x00007ffd90560000 - 0x00007ffd9057b000 	C:\WINDOWS\SYSTEM32\CRYPTSP.dll
0x00007ffd8fb80000 - 0x00007ffd8fbba000 	C:\WINDOWS\system32\rsaenh.dll
0x00007ffd90220000 - 0x00007ffd9024b000 	C:\WINDOWS\SYSTEM32\USERENV.dll
0x00007ffd90d90000 - 0x00007ffd90db6000 	C:\WINDOWS\SYSTEM32\bcrypt.dll
0x00007ffd903c0000 - 0x00007ffd903cc000 	C:\WINDOWS\SYSTEM32\CRYPTBASE.dll
0x00007ffd83180000 - 0x00007ffd8319f000 	C:\WINDOWS\SYSTEM32\dhcpcsvc6.DLL
0x00007ffd82dc0000 - 0x00007ffd82de5000 	C:\WINDOWS\SYSTEM32\dhcpcsvc.DLL
0x00007ffd7d8b0000 - 0x00007ffd7d8c8000 	C:\WINDOWS\system32\napinsp.dll
0x00007ffd7d860000 - 0x00007ffd7d872000 	C:\WINDOWS\System32\winrnr.dll
0x00007ffd68af0000 - 0x00007ffd68b20000 	C:\WINDOWS\system32\nlansp_c.dll
0x00007ffd68ac0000 - 0x00007ffd68ae0000 	C:\WINDOWS\system32\wshbth.dll
0x00007ffd76b20000 - 0x00007ffd76b6e000 	C:\WINDOWS\SYSTEM32\pdh.dll
0x00007ffd652a0000 - 0x00007ffd652b2000 	C:\WINDOWS\System32\perfproc.dll
0x00007ffd65280000 - 0x00007ffd65291000 	C:\WINDOWS\System32\perfos.dll
0x00007ffd8de50000 - 0x00007ffd8de62000 	C:\WINDOWS\SYSTEM32\pfclient.dll
0x00007ffd84760000 - 0x00007ffd8476e000 	C:\Program Files\Java\jdk-17.0.0.1\bin\sunmscapi.dll
0x00007ffd91810000 - 0x00007ffd91987000 	C:\WINDOWS\System32\CRYPT32.dll
0x00007ffd906b0000 - 0x00007ffd906e0000 	C:\WINDOWS\SYSTEM32\ncrypt.dll
0x00007ffd90660000 - 0x00007ffd9069f000 	C:\WINDOWS\SYSTEM32\NTASN1.dll
0x00007ffd842f0000 - 0x00007ffd84300000 	C:\Program Files\Java\jdk-17.0.0.1\bin\verify.dll

dbghelp: loaded successfully - version: 4.0.5 - missing functions: none
symbol engine: initialized successfully - sym options: 0x614 - pdb path: .;C:\Program Files\Java\jdk-17.0.0.1\bin;C:\WINDOWS\SYSTEM32;C:\WINDOWS\WinSxS\amd64_microsoft.windows.common-controls_6595b64144ccf1df_6.0.26100.4484_none_3e0e6d4ce32ef3b3;C:\Program Files\Java\jdk-17.0.0.1\bin\server

VM Arguments:
jvm_args: -XX:TieredStopAtLevel=1 -Dspring.output.ansi.enabled=always -Dcom.sun.management.jmxremote -Dspring.jmx.enabled=true -Dspring.liveBeansView.mbeanDomain -Dspring.application.admin.enabled=true -Dmanagement.endpoints.jmx.exposure.include=* -javaagent:C:\Program Files\JetBrains\IntelliJ IDEA 2025.1.3\lib\idea_rt.jar=30652 -Dfile.encoding=UTF-8 
java_command: org._java_proj.gym_management_system.GymManagementSystemApplication
java_class_path (initial): C:\Users\Lenovo\Desktop\newproject\gym_management_system\target\classes;C:\Users\Lenovo\.m2\repository\org\springframework\boot\spring-boot-starter-mail\3.5.3\spring-boot-starter-mail-3.5.3.jar;C:\Users\Lenovo\.m2\repository\org\springframework\boot\spring-boot-starter\3.5.3\spring-boot-starter-3.5.3.jar;C:\Users\Lenovo\.m2\repository\org\springframework\boot\spring-boot-starter-logging\3.5.3\spring-boot-starter-logging-3.5.3.jar;C:\Users\Lenovo\.m2\repository\ch\qos\logback\logback-classic\1.5.18\logback-classic-1.5.18.jar;C:\Users\Lenovo\.m2\repository\ch\qos\logback\logback-core\1.5.18\logback-core-1.5.18.jar;C:\Users\Lenovo\.m2\repository\org\apache\logging\log4j\log4j-to-slf4j\2.24.3\log4j-to-slf4j-2.24.3.jar;C:\Users\Lenovo\.m2\repository\org\apache\logging\log4j\log4j-api\2.24.3\log4j-api-2.24.3.jar;C:\Users\Lenovo\.m2\repository\org\slf4j\jul-to-slf4j\2.0.17\jul-to-slf4j-2.0.17.jar;C:\Users\Lenovo\.m2\repository\jakarta\annotation\jakarta.annotation-api\2.1.1\jakarta.annotation-api-2.1.1.jar;C:\Users\Lenovo\.m2\repository\org\yaml\snakeyaml\2.4\snakeyaml-2.4.jar;C:\Users\Lenovo\.m2\repository\org\springframework\spring-context-support\6.2.8\spring-context-support-6.2.8.jar;C:\Users\Lenovo\.m2\repository\org\springframework\spring-beans\6.2.8\spring-beans-6.2.8.jar;C:\Users\Lenovo\.m2\repository\org\springframework\spring-context\6.2.8\spring-context-6.2.8.jar;C:\Users\Lenovo\.m2\repository\org\eclipse\angus\jakarta.mail\2.0.3\jakarta.mail-2.0.3.jar;C:\Users\Lenovo\.m2\repository\jakarta\activation\jakarta.activation-api\2.1.3\jakarta.activation-api-2.1.3.jar;C:\Users\Lenovo\.m2\repository\org\eclipse\angus\angus-activation\2.0.2\angus-activation-2.0.2.jar;C:\Users\Lenovo\.m2\repository\org\springframework\boot\spring-boot-starter-security\3.5.3\spring-boot-starter-security-3.5.3.jar;C:\Users\Lenovo\.m2\repository\org\springframework\spring-aop\6.2.8\spring-aop-6.2.8.jar;C:\Users\Lenovo\.m2\repository\org\springframework\security\
Launcher Type: SUN_STANDARD

[Global flags]
     intx CICompilerCount                          = 3                                         {product} {ergonomic}
     uint ConcGCThreads                            = 1                                         {product} {ergonomic}
     uint G1ConcRefinementThreads                  = 4                                         {product} {ergonomic}
   size_t G1HeapRegionSize                         = 1048576                                   {product} {ergonomic}
    uintx GCDrainStackTargetSize                   = 64                                        {product} {ergonomic}
   size_t InitialHeapSize                          = 65011712                                  {product} {ergonomic}
     bool ManagementServer                         = true                                      {product} {command line}
   size_t MarkStackSize                            = 4194304                                   {product} {ergonomic}
   size_t MaxHeapSize                              = 1033895936                                {product} {ergonomic}
   size_t MaxNewSize                               = 619708416                                 {product} {ergonomic}
   size_t MinHeapDeltaBytes                        = 1048576                                   {product} {ergonomic}
   size_t MinHeapSize                              = 8388608                                   {product} {ergonomic}
    uintx NonProfiledCodeHeapSize                  = 0                                      {pd product} {ergonomic}
     bool ProfileInterpreter                       = false                                  {pd product} {command line}
    uintx ProfiledCodeHeapSize                     = 0                                      {pd product} {ergonomic}
   size_t SoftMaxHeapSize                          = 1033895936                             {manageable} {ergonomic}
     intx TieredStopAtLevel                        = 1                                         {product} {command line}
     bool UseCompressedClassPointers               = true                           {product lp64_product} {ergonomic}
     bool UseCompressedOops                        = true                           {product lp64_product} {ergonomic}
     bool UseG1GC                                  = true                                      {product} {ergonomic}
     bool UseLargePagesIndividualAllocation        = false                                  {pd product} {ergonomic}

Logging:
Log output configuration:
 #0: stdout all=warning uptime,level,tags
 #1: stderr all=off uptime,level,tags

Environment Variables:
PATH=C:\Program Files\Common Files\Oracle\Java\javapath;C:\Program Files\Microsoft MPI\Bin\;C:\WINDOWS\system32;C:\WINDOWS;C:\WINDOWS\System32\Wbem;C:\WINDOWS\System32\WindowsPowerShell\v1.0\;C:\WINDOWS\System32\OpenSSH\;C:\php 8-2-9;C:\ProgramData\ComposerSetup\bin;C:\Program Files\dotnet\;C:\Program Files\Microsoft SQL Server\Client SDK\ODBC\170\Tools\Binn\;C:\Program Files (x86)\Microsoft SQL Server\150\Tools\Binn\;C:\Program Files\Microsoft SQL Server\150\Tools\Binn\;C:\Program Files (x86)\Microsoft SQL Server\150\DTS\Binn\;C:\Program Files\Microsoft SQL Server\150\DTS\Binn\;C:\Program Files (x86)\Microsoft SQL Server\160\DTS\Binn\;C:\Users\Lenovo\Downloads\platform-tools-latest-windows\platform-tools;C:\Program Files\Java\jdk-23\bin;C:\Program Files\Cloudflare\Cloudflare WARP\;C:\Users\Lenovo\AppData\Local\Programs\Python\Python311\Scripts;C:\Users\Lenovo\AppData\Roaming\npm;C:\Program Files\swipl\bin;C:\Program Files\Apache\Maven\apache-maven-3.9.9\bin;C:\Program Files\Docker\Docker\resources\bin;C:\Program Files\nodejs\;C:\Program Files\nodejs;C:\Program Files\Java\jdk-17\bin;C:\Program Files\Java\jdk-21\bin;C:\Program Files\PowerShell\7\;C:\Program Files\Git\cmd;C:\Users\Lenovo\AppData\Local\Programs\Python\Python311\Scripts\;C:\Users\Lenovo\AppData\Local\Programs\Python\Python311\;C:\Users\Lenovo\AppData\Local\Microsoft\WindowsApps;C:\Users\Lenovo\AppData\Local\Programs\Microsoft VS Code\bin;C:\Users\Lenovo\AppData\Roaming\Composer\vendor\bin;C:\Users\Lenovo\.dotnet\tools;C:\Users\Lenovo\Downloads\platform-tools-latest-windows.zip\platform-tools;;C:\intelFPGA\18.1\modelsim_ase\win32aloem;C:\Users\Lenovo\AppData\Roaming\npm;C:\Program Files\JetBrains\IntelliJ IDEA Community Edition 2025.1.3\bin;;C:\Program Files\JetBrains\IntelliJ IDEA 2025.1.3\bin;
USERNAME=Lenovo
OS=Windows_NT
PROCESSOR_IDENTIFIER=Intel64 Family 6 Model 156 Stepping 0, GenuineIntel



---------------  S Y S T E M  ---------------

OS:
 Windows 10 , 64 bit Build 26100 (10.0.26100.4484)
OS uptime: 0 days 3:50 hours
Hyper-V role detected

CPU: total 4 (initial active 4) (4 cores per cpu, 1 threads per core) family 6 model 156 stepping 0 microcode 0x24000023, cx8, cmov, fxsr, mmx, 3dnowpref, sse, sse2, sse3, ssse3, sse4.1, sse4.2, popcnt, tsc, tscinvbit, aes, erms, clmul, sha, clflush, clflushopt, clwb, hv

Memory: 4k page, system-wide physical 3937M (386M free)
TotalPageFile size 16225M (AvailPageFile size 136M)
current process WorkingSet (physical memory assigned to process): 280M, peak: 290M
current process commit charge ("private bytes"): 375M, peak: 704M

vm_info: OpenJDK 64-Bit Server VM (17.0.0.1+2-3) for windows-amd64 JRE (17.0.0.1+2-3), built on May  8 2024 19:05:00 by "mach5one" with MS VC++ 16.8 (VS2019)

END.
