#
# There is insufficient memory for the Java Runtime Environment to continue.
# Native memory allocation (mmap) failed to map 84934656 bytes for G1 virtual space
# Possible reasons:
#   The system is out of physical RAM or swap space
#   The process is running with CompressedOops enabled, and the Java Heap may be blocking the growth of the native heap
# Possible solutions:
#   Reduce memory load on the system
#   Increase physical memory or swap space
#   Check if swap backing store is full
#   Decrease Java heap size (-Xmx/-Xms)
#   Decrease number of Java threads
#   Decrease Java thread stack sizes (-Xss)
#   Set larger code cache with -XX:ReservedCodeCacheSize=
#   JVM is running with Unscaled Compressed Oops mode in which the Java heap is
#     placed in the first 4GB address space. The Java Heap base address is the
#     maximum limit for the native heap growth. Please use -XX:HeapBaseMinAddress
#     to set the Java Heap base and to place the Java Heap above 4GB virtual address.
# This output file may be truncated or incomplete.
#
#  Out of Memory Error (os_windows.cpp:3469), pid=9972, tid=13852
#
# JRE version: OpenJDK Runtime Environment (17.0.0.1+2) (build 17.0.0.1+2-3)
# Java VM: OpenJDK 64-Bit Server VM (17.0.0.1+2-3, mixed mode, emulated-client, sharing, tiered, compressed oops, compressed class ptrs, g1 gc, windows-amd64)
# No core dump will be written. Minidumps are not enabled by default on client versions of Windows
#

---------------  S U M M A R Y ------------

Command Line: -XX:TieredStopAtLevel=1 -Dspring.output.ansi.enabled=always -Dcom.sun.management.jmxremote -Dspring.jmx.enabled=true -Dspring.liveBeansView.mbeanDomain -Dspring.application.admin.enabled=true -Dmanagement.endpoints.jmx.exposure.include=* -javaagent:C:\Program Files\JetBrains\IntelliJ IDEA 2025.1.3\lib\idea_rt.jar=30080 -Dfile.encoding=UTF-8 org._java_proj.gym_management_system.GymManagementSystemApplication

Host: Intel(R) Pentium(R) Silver N6000 @ 1.10GHz, 4 cores, 3G,  Windows 10 , 64 bit Build 26100 (10.0.26100.4484)
Time: Wed Aug 27 23:34:25 2025 Myanmar Standard Time elapsed time: 127.029626 seconds (0d 0h 2m 7s)

---------------  T H R E A D  ---------------

Current thread (0x000001f99de3bf30):  VMThread "VM Thread" [stack: 0x000000cd75200000,0x000000cd75300000] [id=13852]

Stack: [0x000000cd75200000,0x000000cd75300000]
Native frames: (J=compiled Java code, j=interpreted, Vv=VM code, C=native code)
V  [jvm.dll+0x66f8ea]
V  [jvm.dll+0x7ce224]
V  [jvm.dll+0x7cf9ce]
V  [jvm.dll+0x7d0033]
V  [jvm.dll+0x242bb5]
V  [jvm.dll+0x66c909]
V  [jvm.dll+0x6613d2]
V  [jvm.dll+0x30082b]
V  [jvm.dll+0x307db6]
V  [jvm.dll+0x357a0e]
V  [jvm.dll+0x357c3f]
V  [jvm.dll+0x2d7ae8]
V  [jvm.dll+0x2d5db4]
V  [jvm.dll+0x2d53bc]
V  [jvm.dll+0x318d1b]
V  [jvm.dll+0x7d44cb]
V  [jvm.dll+0x7d5204]
V  [jvm.dll+0x7d571c]
V  [jvm.dll+0x7d5af4]
V  [jvm.dll+0x7d5bc0]
V  [jvm.dll+0x77e7ea]
V  [jvm.dll+0x66e715]
C  [ucrtbase.dll+0x37b0]
C  [KERNEL32.DLL+0x2e8d7]
C  [ntdll.dll+0x3c34c]

VM_Operation (0x000000cd769f5e60): G1CollectForAllocation, mode: safepoint, requested by thread 0x000001f9afa56520


---------------  P R O C E S S  ---------------

Threads class SMR info:
_java_thread_list=0x000001f9b5ebe8e0, length=25, elements={
0x000001f99dd8aa00, 0x000001f99de3e2b0, 0x000001f9ae962f80, 0x000001f9ae974bb0,
0x000001f9ae975470, 0x000001f9ae975d30, 0x000001f9ae978600, 0x000001f9ae978ec0,
0x000001f9ae9897d0, 0x000001f9af430020, 0x000001f9af7fd710, 0x000001f9af7fdbe0,
0x000001f9afb83080, 0x000001f9afed1530, 0x000001f9afed2350, 0x000001f9afed38b0,
0x000001f9afa558f0, 0x000001f9afa56520, 0x000001f9afca2950, 0x000001f9afca4160,
0x000001f9b1d7df40, 0x000001f9b1d7e8e0, 0x000001f9b1d7c260, 0x000001f9b30e7320,
0x000001f9b30e63f0
}

Java Threads: ( => current thread )
  0x000001f99dd8aa00 JavaThread "main" [_thread_blocked, id=11900, stack(0x000000cd74c00000,0x000000cd74d00000)]
  0x000001f99de3e2b0 JavaThread "Reference Handler" daemon [_thread_blocked, id=11820, stack(0x000000cd75300000,0x000000cd75400000)]
  0x000001f9ae962f80 JavaThread "Finalizer" daemon [_thread_blocked, id=4704, stack(0x000000cd75400000,0x000000cd75500000)]
  0x000001f9ae974bb0 JavaThread "Signal Dispatcher" daemon [_thread_blocked, id=7468, stack(0x000000cd75500000,0x000000cd75600000)]
  0x000001f9ae975470 JavaThread "Attach Listener" daemon [_thread_blocked, id=8256, stack(0x000000cd75600000,0x000000cd75700000)]
  0x000001f9ae975d30 JavaThread "Service Thread" daemon [_thread_blocked, id=11696, stack(0x000000cd75700000,0x000000cd75800000)]
  0x000001f9ae978600 JavaThread "Monitor Deflation Thread" daemon [_thread_blocked, id=7720, stack(0x000000cd75800000,0x000000cd75900000)]
  0x000001f9ae978ec0 JavaThread "C1 CompilerThread0" daemon [_thread_blocked, id=9288, stack(0x000000cd75900000,0x000000cd75a00000)]
  0x000001f9ae9897d0 JavaThread "Sweeper thread" daemon [_thread_blocked, id=3580, stack(0x000000cd75a00000,0x000000cd75b00000)]
  0x000001f9af430020 JavaThread "Common-Cleaner" daemon [_thread_blocked, id=17264, stack(0x000000cd75b00000,0x000000cd75c00000)]
  0x000001f9af7fd710 JavaThread "Monitor Ctrl-Break" daemon [_thread_in_native, id=10156, stack(0x000000cd75e00000,0x000000cd75f00000)]
  0x000001f9af7fdbe0 JavaThread "Notification Thread" daemon [_thread_blocked, id=17308, stack(0x000000cd75f00000,0x000000cd76000000)]
  0x000001f9afb83080 JavaThread "RMI TCP Accept-0" daemon [_thread_in_native, id=9928, stack(0x000000cd76400000,0x000000cd76500000)]
  0x000001f9afed1530 JavaThread "RMI TCP Connection(1)-192.168.1.28" daemon [_thread_blocked, id=4756, stack(0x000000cd75d00000,0x000000cd75e00000)]
  0x000001f9afed2350 JavaThread "RMI Scheduler(0)" daemon [_thread_blocked, id=736, stack(0x000000cd76600000,0x000000cd76700000)]
  0x000001f9afed38b0 JavaThread "JMX server connection timeout 19" daemon [_thread_blocked, id=13492, stack(0x000000cd76700000,0x000000cd76800000)]
  0x000001f9afa558f0 JavaThread "Thread-0" [_thread_blocked, id=14896, stack(0x000000cd76800000,0x000000cd76900000)]
  0x000001f9afa56520 JavaThread "restartedMain" [_thread_blocked, id=15156, stack(0x000000cd76900000,0x000000cd76a00000)]
  0x000001f9afca2950 JavaThread "RMI TCP Connection(idle)" daemon [_thread_blocked, id=4060, stack(0x000000cd75c00000,0x000000cd75d00000)]
  0x000001f9afca4160 JavaThread "RMI TCP Connection(3)-192.168.1.28" daemon [_thread_blocked, id=9752, stack(0x000000cd76a00000,0x000000cd76b00000)]
  0x000001f9b1d7df40 JavaThread "lettuce-timer-3-1" daemon [_thread_blocked, id=13096, stack(0x000000cd76c00000,0x000000cd76d00000)]
  0x000001f9b1d7e8e0 JavaThread "mysql-cj-abandoned-connection-cleanup" daemon [_thread_blocked, id=7404, stack(0x000000cd74900000,0x000000cd74a00000)]
  0x000001f9b1d7c260 JavaThread "HikariPool-1:housekeeper" daemon [_thread_blocked, id=14900, stack(0x000000cd76d00000,0x000000cd76e00000)]
  0x000001f9b30e7320 JavaThread "C1 CompilerThread1" daemon [_thread_blocked, id=3844, stack(0x000000cd76f00000,0x000000cd77000000)]
  0x000001f9b30e63f0 JavaThread "C1 CompilerThread2" daemon [_thread_blocked, id=14148, stack(0x000000cd77000000,0x000000cd77100000)]

Other Threads:
=>0x000001f99de3bf30 VMThread "VM Thread" [stack: 0x000000cd75200000,0x000000cd75300000] [id=13852]
  0x000001f9af9b2980 WatcherThread [stack: 0x000000cd76500000,0x000000cd76600000] [id=5532]
  0x000001f99ddbad60 GCTaskThread "GC Thread#0" [stack: 0x000000cd74d00000,0x000000cd74e00000] [id=13000]
  0x000001f9afb24c80 GCTaskThread "GC Thread#1" [stack: 0x000000cd76000000,0x000000cd76100000] [id=7252]
  0x000001f9afb29cd0 GCTaskThread "GC Thread#2" [stack: 0x000000cd76100000,0x000000cd76200000] [id=13700]
  0x000001f9afb113d0 GCTaskThread "GC Thread#3" [stack: 0x000000cd76200000,0x000000cd76300000] [id=3924]
  0x000001f99ddc47f0 ConcurrentGCThread "G1 Main Marker" [stack: 0x000000cd74e00000,0x000000cd74f00000] [id=1648]
  0x000001f99ddc5360 ConcurrentGCThread "G1 Conc#0" [stack: 0x000000cd74f00000,0x000000cd75000000] [id=6900]
  0x000001f99de0c110 ConcurrentGCThread "G1 Refine#0" [stack: 0x000000cd75000000,0x000000cd75100000] [id=6848]
  0x000001f9afb6f8e0 ConcurrentGCThread "G1 Refine#1" [stack: 0x000000cd76300000,0x000000cd76400000] [id=14828]
  0x000001f9b5ac7830 ConcurrentGCThread "G1 Refine#2" [stack: 0x000000cd76e00000,0x000000cd76f00000] [id=3364]
  0x000001f99de0cb30 ConcurrentGCThread "G1 Service" [stack: 0x000000cd75100000,0x000000cd75200000] [id=17100]

Threads with active compile tasks:

VM state: at safepoint (normal execution)

VM Mutex/Monitor currently owned by a thread:  ([mutex/lock_event])
[0x000001f99dd88650] Threads_lock - owner thread: 0x000001f99de3bf30
[0x000001f99dd88800] Heap_lock - owner thread: 0x000001f9afa56520

Heap address: 0x00000000c2600000, size: 986 MB, Compressed Oops mode: 32-bit

CDS archive(s) mapped at: [0x0000000800000000-0x0000000800bc0000-0x0000000800bc0000), size 12320768, SharedBaseAddress: 0x0000000800000000, ArchiveRelocationMode: 0.
Compressed class space mapped at: 0x0000000800c00000-0x0000000840c00000, reserved size: 1073741824
Narrow klass base: 0x0000000800000000, Narrow klass shift: 0, Narrow klass range: 0x100000000

GC Precious Log:
 CPUs: 4 total, 4 available
 Memory: 3937M
 Large Page Support: Disabled
 NUMA Support: Disabled
 Compressed Oops: Enabled (32-bit)
 Heap Region Size: 1M
 Heap Min Capacity: 8M
 Heap Initial Capacity: 62M
 Heap Max Capacity: 986M
 Pre-touch: Disabled
 Parallel Workers: 4
 Concurrent Workers: 1
 Concurrent Refinement Workers: 4
 Periodic GC: Disabled

Heap:
 garbage-first heap   total 235520K, used 80077K [0x00000000c2600000, 0x0000000100000000)
  region size 1024K, 4 young (4096K), 4 survivors (4096K)
 Metaspace       used 74992K, committed 75648K, reserved 1114112K
  class space    used 11130K, committed 11456K, reserved 1048576K

Heap Regions: E=young(eden), S=young(survivor), O=old, HS=humongous(starts), HC=humongous(continues), CS=collection set, F=free, OA=open archive, CA=closed archive, TAMS=top-at-mark-start (previous, next)
|   0|0x00000000c2600000, 0x00000000c2700000, 0x00000000c2700000|100%|HS|  |TAMS 0x00000000c2700000, 0x00000000c2700000| Complete 
|   1|0x00000000c2700000, 0x00000000c2800000, 0x00000000c2800000|100%|HS|  |TAMS 0x00000000c2800000, 0x00000000c2800000| Complete 
|   2|0x00000000c2800000, 0x00000000c2900000, 0x00000000c2900000|100%| O|  |TAMS 0x00000000c2900000, 0x00000000c2900000| Untracked 
|   3|0x00000000c2900000, 0x00000000c2a00000, 0x00000000c2a00000|100%| O|  |TAMS 0x00000000c2a00000, 0x00000000c2a00000| Untracked 
|   4|0x00000000c2a00000, 0x00000000c2b00000, 0x00000000c2b00000|100%| O|  |TAMS 0x00000000c2b00000, 0x00000000c2b00000| Untracked 
|   5|0x00000000c2b00000, 0x00000000c2c00000, 0x00000000c2c00000|100%| O|  |TAMS 0x00000000c2c00000, 0x00000000c2c00000| Untracked 
|   6|0x00000000c2c00000, 0x00000000c2d00000, 0x00000000c2d00000|100%| O|  |TAMS 0x00000000c2d00000, 0x00000000c2d00000| Untracked 
|   7|0x00000000c2d00000, 0x00000000c2e00000, 0x00000000c2e00000|100%| O|  |TAMS 0x00000000c2e00000, 0x00000000c2e00000| Untracked 
|   8|0x00000000c2e00000, 0x00000000c2f00000, 0x00000000c2f00000|100%| O|  |TAMS 0x00000000c2f00000, 0x00000000c2f00000| Untracked 
|   9|0x00000000c2f00000, 0x00000000c3000000, 0x00000000c3000000|100%| O|  |TAMS 0x00000000c3000000, 0x00000000c3000000| Untracked 
|  10|0x00000000c3000000, 0x00000000c3100000, 0x00000000c3100000|100%| O|  |TAMS 0x00000000c3100000, 0x00000000c3100000| Untracked 
|  11|0x00000000c3100000, 0x00000000c3200000, 0x00000000c3200000|100%| O|  |TAMS 0x00000000c3200000, 0x00000000c3200000| Untracked 
|  12|0x00000000c3200000, 0x00000000c3300000, 0x00000000c3300000|100%| O|  |TAMS 0x00000000c3300000, 0x00000000c3300000| Untracked 
|  13|0x00000000c3300000, 0x00000000c3400000, 0x00000000c3400000|100%| O|  |TAMS 0x00000000c3400000, 0x00000000c3400000| Untracked 
|  14|0x00000000c3400000, 0x00000000c3500000, 0x00000000c3500000|100%| O|  |TAMS 0x00000000c3500000, 0x00000000c3500000| Untracked 
|  15|0x00000000c3500000, 0x00000000c3600000, 0x00000000c3600000|100%| O|  |TAMS 0x00000000c3600000, 0x00000000c3600000| Untracked 
|  16|0x00000000c3600000, 0x00000000c3700000, 0x00000000c3700000|100%| O|  |TAMS 0x00000000c3700000, 0x00000000c3700000| Untracked 
|  17|0x00000000c3700000, 0x00000000c3800000, 0x00000000c3800000|100%| O|  |TAMS 0x00000000c3800000, 0x00000000c3800000| Untracked 
|  18|0x00000000c3800000, 0x00000000c3900000, 0x00000000c3900000|100%| O|  |TAMS 0x00000000c3900000, 0x00000000c3900000| Untracked 
|  19|0x00000000c3900000, 0x00000000c3a00000, 0x00000000c3a00000|100%| O|  |TAMS 0x00000000c3a00000, 0x00000000c3a00000| Untracked 
|  20|0x00000000c3a00000, 0x00000000c3b00000, 0x00000000c3b00000|100%| O|  |TAMS 0x00000000c3b00000, 0x00000000c3b00000| Untracked 
|  21|0x00000000c3b00000, 0x00000000c3c00000, 0x00000000c3c00000|100%| O|  |TAMS 0x00000000c3c00000, 0x00000000c3c00000| Untracked 
|  22|0x00000000c3c00000, 0x00000000c3d00000, 0x00000000c3d00000|100%| O|  |TAMS 0x00000000c3d00000, 0x00000000c3d00000| Untracked 
|  23|0x00000000c3d00000, 0x00000000c3e00000, 0x00000000c3e00000|100%| O|  |TAMS 0x00000000c3e00000, 0x00000000c3e00000| Untracked 
|  24|0x00000000c3e00000, 0x00000000c3f00000, 0x00000000c3f00000|100%| O|  |TAMS 0x00000000c3f00000, 0x00000000c3f00000| Untracked 
|  25|0x00000000c3f00000, 0x00000000c4000000, 0x00000000c4000000|100%| O|  |TAMS 0x00000000c4000000, 0x00000000c4000000| Untracked 
|  26|0x00000000c4000000, 0x00000000c4100000, 0x00000000c4100000|100%| O|  |TAMS 0x00000000c4100000, 0x00000000c4100000| Untracked 
|  27|0x00000000c4100000, 0x00000000c4200000, 0x00000000c4200000|100%| O|  |TAMS 0x00000000c4200000, 0x00000000c4200000| Untracked 
|  28|0x00000000c4200000, 0x00000000c4300000, 0x00000000c4300000|100%| O|  |TAMS 0x00000000c4300000, 0x00000000c4300000| Untracked 
|  29|0x00000000c4300000, 0x00000000c4400000, 0x00000000c4400000|100%| O|  |TAMS 0x00000000c4400000, 0x00000000c4400000| Untracked 
|  30|0x00000000c4400000, 0x00000000c4500000, 0x00000000c4500000|100%| O|  |TAMS 0x00000000c4500000, 0x00000000c4500000| Untracked 
|  31|0x00000000c4500000, 0x00000000c4600000, 0x00000000c4600000|100%| O|  |TAMS 0x00000000c4600000, 0x00000000c4600000| Untracked 
|  32|0x00000000c4600000, 0x00000000c4600000, 0x00000000c4700000|  0%| F|  |TAMS 0x00000000c4600000, 0x00000000c4600000| Untracked 
|  33|0x00000000c4700000, 0x00000000c4800000, 0x00000000c4800000|100%| O|  |TAMS 0x00000000c4800000, 0x00000000c4800000| Untracked 
|  34|0x00000000c4800000, 0x00000000c4900000, 0x00000000c4900000|100%| O|  |TAMS 0x00000000c4900000, 0x00000000c4900000| Untracked 
|  35|0x00000000c4900000, 0x00000000c4a00000, 0x00000000c4a00000|100%| O|  |TAMS 0x00000000c4a00000, 0x00000000c4a00000| Untracked 
|  36|0x00000000c4a00000, 0x00000000c4b00000, 0x00000000c4b00000|100%| O|  |TAMS 0x00000000c4b00000, 0x00000000c4b00000| Untracked 
|  37|0x00000000c4b00000, 0x00000000c4c00000, 0x00000000c4c00000|100%| O|  |TAMS 0x00000000c4c00000, 0x00000000c4c00000| Untracked 
|  38|0x00000000c4c00000, 0x00000000c4d00000, 0x00000000c4d00000|100%| O|  |TAMS 0x00000000c4c00000, 0x00000000c4d00000| Untracked 
|  39|0x00000000c4d00000, 0x00000000c4e00000, 0x00000000c4e00000|100%| O|  |TAMS 0x00000000c4e00000, 0x00000000c4e00000| Untracked 
|  40|0x00000000c4e00000, 0x00000000c4f00000, 0x00000000c4f00000|100%| O|  |TAMS 0x00000000c4f00000, 0x00000000c4f00000| Untracked 
|  41|0x00000000c4f00000, 0x00000000c5000000, 0x00000000c5000000|100%| O|  |TAMS 0x00000000c5000000, 0x00000000c5000000| Untracked 
|  42|0x00000000c5000000, 0x00000000c5100000, 0x00000000c5100000|100%| O|  |TAMS 0x00000000c5100000, 0x00000000c5100000| Untracked 
|  43|0x00000000c5100000, 0x00000000c5200000, 0x00000000c5200000|100%| O|  |TAMS 0x00000000c5200000, 0x00000000c5200000| Untracked 
|  44|0x00000000c5200000, 0x00000000c5300000, 0x00000000c5300000|100%| O|  |TAMS 0x00000000c5300000, 0x00000000c5300000| Untracked 
|  45|0x00000000c5300000, 0x00000000c5400000, 0x00000000c5400000|100%| O|  |TAMS 0x00000000c5400000, 0x00000000c5400000| Untracked 
|  46|0x00000000c5400000, 0x00000000c5500000, 0x00000000c5500000|100%| O|  |TAMS 0x00000000c5500000, 0x00000000c5500000| Untracked 
|  47|0x00000000c5500000, 0x00000000c5600000, 0x00000000c5600000|100%| O|  |TAMS 0x00000000c5600000, 0x00000000c5600000| Untracked 
|  48|0x00000000c5600000, 0x00000000c5700000, 0x00000000c5700000|100%| O|  |TAMS 0x00000000c5700000, 0x00000000c5700000| Untracked 
|  49|0x00000000c5700000, 0x00000000c5800000, 0x00000000c5800000|100%| O|  |TAMS 0x00000000c5800000, 0x00000000c5800000| Untracked 
|  50|0x00000000c5800000, 0x00000000c5900000, 0x00000000c5900000|100%| O|  |TAMS 0x00000000c5900000, 0x00000000c5900000| Untracked 
|  51|0x00000000c5900000, 0x00000000c5a00000, 0x00000000c5a00000|100%| O|  |TAMS 0x00000000c5a00000, 0x00000000c5a00000| Untracked 
|  52|0x00000000c5a00000, 0x00000000c5b00000, 0x00000000c5b00000|100%| O|  |TAMS 0x00000000c5b00000, 0x00000000c5b00000| Untracked 
|  53|0x00000000c5b00000, 0x00000000c5c00000, 0x00000000c5c00000|100%| O|  |TAMS 0x00000000c5c00000, 0x00000000c5c00000| Untracked 
|  54|0x00000000c5c00000, 0x00000000c5d00000, 0x00000000c5d00000|100%| O|  |TAMS 0x00000000c5d00000, 0x00000000c5d00000| Untracked 
|  55|0x00000000c5d00000, 0x00000000c5e00000, 0x00000000c5e00000|100%| O|  |TAMS 0x00000000c5e00000, 0x00000000c5e00000| Untracked 
|  56|0x00000000c5e00000, 0x00000000c5f00000, 0x00000000c5f00000|100%| O|  |TAMS 0x00000000c5f00000, 0x00000000c5f00000| Untracked 
|  57|0x00000000c5f00000, 0x00000000c6000000, 0x00000000c6000000|100%| O|  |TAMS 0x00000000c6000000, 0x00000000c6000000| Untracked 
|  58|0x00000000c6000000, 0x00000000c6100000, 0x00000000c6100000|100%| O|  |TAMS 0x00000000c6100000, 0x00000000c6100000| Untracked 
|  59|0x00000000c6100000, 0x00000000c6200000, 0x00000000c6200000|100%| O|  |TAMS 0x00000000c6180000, 0x00000000c6200000| Untracked 
|  60|0x00000000c6200000, 0x00000000c6300000, 0x00000000c6300000|100%| O|  |TAMS 0x00000000c6300000, 0x00000000c6300000| Untracked 
|  61|0x00000000c6300000, 0x00000000c6400000, 0x00000000c6400000|100%| O|  |TAMS 0x00000000c6400000, 0x00000000c6400000| Untracked 
|  62|0x00000000c6400000, 0x00000000c6500000, 0x00000000c6500000|100%| O|  |TAMS 0x00000000c6500000, 0x00000000c6500000| Untracked 
|  63|0x00000000c6500000, 0x00000000c6600000, 0x00000000c6600000|100%| O|  |TAMS 0x00000000c6600000, 0x00000000c6600000| Untracked 
|  64|0x00000000c6600000, 0x00000000c6700000, 0x00000000c6700000|100%| O|  |TAMS 0x00000000c6600000, 0x00000000c6700000| Untracked 
|  65|0x00000000c6700000, 0x00000000c6800000, 0x00000000c6800000|100%| O|  |TAMS 0x00000000c6700000, 0x00000000c6800000| Untracked 
|  66|0x00000000c6800000, 0x00000000c6900000, 0x00000000c6900000|100%| O|  |TAMS 0x00000000c6800000, 0x00000000c6900000| Untracked 
|  67|0x00000000c6900000, 0x00000000c6a00000, 0x00000000c6a00000|100%| O|  |TAMS 0x00000000c6900000, 0x00000000c6a00000| Untracked 
|  68|0x00000000c6a00000, 0x00000000c6b00000, 0x00000000c6b00000|100%| O|  |TAMS 0x00000000c6a00000, 0x00000000c6b00000| Untracked 
|  69|0x00000000c6b00000, 0x00000000c6c00000, 0x00000000c6c00000|100%| O|  |TAMS 0x00000000c6b00000, 0x00000000c6c00000| Untracked 
|  70|0x00000000c6c00000, 0x00000000c6d00000, 0x00000000c6d00000|100%| O|  |TAMS 0x00000000c6c00000, 0x00000000c6d00000| Untracked 
|  71|0x00000000c6d00000, 0x00000000c6e00000, 0x00000000c6e00000|100%| O|  |TAMS 0x00000000c6d00000, 0x00000000c6e00000| Untracked 
|  72|0x00000000c6e00000, 0x00000000c6f00000, 0x00000000c6f00000|100%| O|  |TAMS 0x00000000c6e00000, 0x00000000c6f00000| Untracked 
|  73|0x00000000c6f00000, 0x00000000c7000000, 0x00000000c7000000|100%| O|  |TAMS 0x00000000c6f00000, 0x00000000c7000000| Untracked 
|  74|0x00000000c7000000, 0x00000000c7100000, 0x00000000c7100000|100%| O|  |TAMS 0x00000000c7000000, 0x00000000c7100000| Untracked 
|  75|0x00000000c7100000, 0x00000000c7188600, 0x00000000c7200000| 53%| O|  |TAMS 0x00000000c7100000, 0x00000000c7188600| Untracked 
|  76|0x00000000c7200000, 0x00000000c7200000, 0x00000000c7300000|  0%| F|  |TAMS 0x00000000c7200000, 0x00000000c7200000| Untracked 
|  77|0x00000000c7300000, 0x00000000c7300000, 0x00000000c7400000|  0%| F|  |TAMS 0x00000000c7300000, 0x00000000c7300000| Untracked 
|  78|0x00000000c7400000, 0x00000000c7400000, 0x00000000c7500000|  0%| F|  |TAMS 0x00000000c7400000, 0x00000000c7400000| Untracked 
|  79|0x00000000c7500000, 0x00000000c7500000, 0x00000000c7600000|  0%| F|  |TAMS 0x00000000c7500000, 0x00000000c7500000| Untracked 
|  80|0x00000000c7600000, 0x00000000c7600000, 0x00000000c7700000|  0%| F|  |TAMS 0x00000000c7600000, 0x00000000c7600000| Untracked 
|  81|0x00000000c7700000, 0x00000000c7700000, 0x00000000c7800000|  0%| F|  |TAMS 0x00000000c7700000, 0x00000000c7700000| Untracked 
|  82|0x00000000c7800000, 0x00000000c7800000, 0x00000000c7900000|  0%| F|  |TAMS 0x00000000c7800000, 0x00000000c7800000| Untracked 
|  83|0x00000000c7900000, 0x00000000c7900000, 0x00000000c7a00000|  0%| F|  |TAMS 0x00000000c7900000, 0x00000000c7900000| Untracked 
|  84|0x00000000c7a00000, 0x00000000c7a00000, 0x00000000c7b00000|  0%| F|  |TAMS 0x00000000c7a00000, 0x00000000c7a00000| Untracked 
|  85|0x00000000c7b00000, 0x00000000c7b00000, 0x00000000c7c00000|  0%| F|  |TAMS 0x00000000c7b00000, 0x00000000c7b00000| Untracked 
|  86|0x00000000c7c00000, 0x00000000c7c00000, 0x00000000c7d00000|  0%| F|  |TAMS 0x00000000c7c00000, 0x00000000c7c00000| Untracked 
|  87|0x00000000c7d00000, 0x00000000c7d00000, 0x00000000c7e00000|  0%| F|  |TAMS 0x00000000c7d00000, 0x00000000c7d00000| Untracked 
|  88|0x00000000c7e00000, 0x00000000c7e00000, 0x00000000c7f00000|  0%| F|  |TAMS 0x00000000c7e00000, 0x00000000c7e00000| Untracked 
|  89|0x00000000c7f00000, 0x00000000c7f00000, 0x00000000c8000000|  0%| F|  |TAMS 0x00000000c7f00000, 0x00000000c7f00000| Untracked 
|  90|0x00000000c8000000, 0x00000000c8000000, 0x00000000c8100000|  0%| F|  |TAMS 0x00000000c8000000, 0x00000000c8000000| Untracked 
|  91|0x00000000c8100000, 0x00000000c8100000, 0x00000000c8200000|  0%| F|  |TAMS 0x00000000c8100000, 0x00000000c8100000| Untracked 
|  92|0x00000000c8200000, 0x00000000c8200000, 0x00000000c8300000|  0%| F|  |TAMS 0x00000000c8200000, 0x00000000c8200000| Untracked 
|  93|0x00000000c8300000, 0x00000000c8300000, 0x00000000c8400000|  0%| F|  |TAMS 0x00000000c8300000, 0x00000000c8300000| Untracked 
|  94|0x00000000c8400000, 0x00000000c8400000, 0x00000000c8500000|  0%| F|  |TAMS 0x00000000c8400000, 0x00000000c8400000| Untracked 
|  95|0x00000000c8500000, 0x00000000c8500000, 0x00000000c8600000|  0%| F|  |TAMS 0x00000000c8500000, 0x00000000c8500000| Untracked 
|  96|0x00000000c8600000, 0x00000000c8600000, 0x00000000c8700000|  0%| F|  |TAMS 0x00000000c8600000, 0x00000000c8600000| Untracked 
|  97|0x00000000c8700000, 0x00000000c8700000, 0x00000000c8800000|  0%| F|  |TAMS 0x00000000c8700000, 0x00000000c8700000| Untracked 
|  98|0x00000000c8800000, 0x00000000c88ab1d0, 0x00000000c8900000| 66%| S|CS|TAMS 0x00000000c8800000, 0x00000000c8800000| Complete 
|  99|0x00000000c8900000, 0x00000000c8a00000, 0x00000000c8a00000|100%| S|CS|TAMS 0x00000000c8900000, 0x00000000c8900000| Complete 
| 100|0x00000000c8a00000, 0x00000000c8b00000, 0x00000000c8b00000|100%| S|CS|TAMS 0x00000000c8a00000, 0x00000000c8a00000| Complete 
| 101|0x00000000c8b00000, 0x00000000c8c00000, 0x00000000c8c00000|100%| S|CS|TAMS 0x00000000c8b00000, 0x00000000c8b00000| Complete 
| 102|0x00000000c8c00000, 0x00000000c8c00000, 0x00000000c8d00000|  0%| F|  |TAMS 0x00000000c8c00000, 0x00000000c8c00000| Untracked 
| 103|0x00000000c8d00000, 0x00000000c8d00000, 0x00000000c8e00000|  0%| F|  |TAMS 0x00000000c8d00000, 0x00000000c8d00000| Untracked 
| 104|0x00000000c8e00000, 0x00000000c8e00000, 0x00000000c8f00000|  0%| F|  |TAMS 0x00000000c8e00000, 0x00000000c8e00000| Untracked 
| 105|0x00000000c8f00000, 0x00000000c8f00000, 0x00000000c9000000|  0%| F|  |TAMS 0x00000000c8f00000, 0x00000000c8f00000| Untracked 
| 106|0x00000000c9000000, 0x00000000c9000000, 0x00000000c9100000|  0%| F|  |TAMS 0x00000000c9000000, 0x00000000c9000000| Untracked 
| 107|0x00000000c9100000, 0x00000000c9100000, 0x00000000c9200000|  0%| F|  |TAMS 0x00000000c9100000, 0x00000000c9100000| Untracked 
| 108|0x00000000c9200000, 0x00000000c9200000, 0x00000000c9300000|  0%| F|  |TAMS 0x00000000c9200000, 0x00000000c9200000| Untracked 
| 109|0x00000000c9300000, 0x00000000c9300000, 0x00000000c9400000|  0%| F|  |TAMS 0x00000000c9300000, 0x00000000c9300000| Untracked 
| 110|0x00000000c9400000, 0x00000000c9400000, 0x00000000c9500000|  0%| F|  |TAMS 0x00000000c9400000, 0x00000000c9400000| Untracked 
| 111|0x00000000c9500000, 0x00000000c9500000, 0x00000000c9600000|  0%| F|  |TAMS 0x00000000c9500000, 0x00000000c9500000| Untracked 
| 112|0x00000000c9600000, 0x00000000c9600000, 0x00000000c9700000|  0%| F|  |TAMS 0x00000000c9600000, 0x00000000c9600000| Untracked 
| 113|0x00000000c9700000, 0x00000000c9700000, 0x00000000c9800000|  0%| F|  |TAMS 0x00000000c9700000, 0x00000000c9700000| Untracked 
| 114|0x00000000c9800000, 0x00000000c9800000, 0x00000000c9900000|  0%| F|  |TAMS 0x00000000c9800000, 0x00000000c9800000| Untracked 
| 115|0x00000000c9900000, 0x00000000c9900000, 0x00000000c9a00000|  0%| F|  |TAMS 0x00000000c9900000, 0x00000000c9900000| Untracked 
| 116|0x00000000c9a00000, 0x00000000c9a00000, 0x00000000c9b00000|  0%| F|  |TAMS 0x00000000c9a00000, 0x00000000c9a00000| Untracked 
| 117|0x00000000c9b00000, 0x00000000c9b00000, 0x00000000c9c00000|  0%| F|  |TAMS 0x00000000c9b00000, 0x00000000c9b00000| Untracked 
| 118|0x00000000c9c00000, 0x00000000c9c00000, 0x00000000c9d00000|  0%| F|  |TAMS 0x00000000c9c00000, 0x00000000c9c00000| Untracked 
| 119|0x00000000c9d00000, 0x00000000c9d00000, 0x00000000c9e00000|  0%| F|  |TAMS 0x00000000c9d00000, 0x00000000c9d00000| Untracked 
| 120|0x00000000c9e00000, 0x00000000c9e00000, 0x00000000c9f00000|  0%| F|  |TAMS 0x00000000c9e00000, 0x00000000c9e00000| Untracked 
| 121|0x00000000c9f00000, 0x00000000c9f00000, 0x00000000ca000000|  0%| F|  |TAMS 0x00000000c9f00000, 0x00000000c9f00000| Untracked 
| 122|0x00000000ca000000, 0x00000000ca000000, 0x00000000ca100000|  0%| F|  |TAMS 0x00000000ca000000, 0x00000000ca000000| Untracked 
| 123|0x00000000ca100000, 0x00000000ca100000, 0x00000000ca200000|  0%| F|  |TAMS 0x00000000ca100000, 0x00000000ca100000| Untracked 
| 124|0x00000000ca200000, 0x00000000ca200000, 0x00000000ca300000|  0%| F|  |TAMS 0x00000000ca200000, 0x00000000ca200000| Untracked 
| 125|0x00000000ca300000, 0x00000000ca300000, 0x00000000ca400000|  0%| F|  |TAMS 0x00000000ca300000, 0x00000000ca300000| Untracked 
| 126|0x00000000ca400000, 0x00000000ca400000, 0x00000000ca500000|  0%| F|  |TAMS 0x00000000ca400000, 0x00000000ca400000| Untracked 
| 127|0x00000000ca500000, 0x00000000ca500000, 0x00000000ca600000|  0%| F|  |TAMS 0x00000000ca500000, 0x00000000ca500000| Untracked 
| 128|0x00000000ca600000, 0x00000000ca600000, 0x00000000ca700000|  0%| F|  |TAMS 0x00000000ca600000, 0x00000000ca600000| Untracked 
| 129|0x00000000ca700000, 0x00000000ca700000, 0x00000000ca800000|  0%| F|  |TAMS 0x00000000ca700000, 0x00000000ca700000| Untracked 
| 130|0x00000000ca800000, 0x00000000ca800000, 0x00000000ca900000|  0%| F|  |TAMS 0x00000000ca800000, 0x00000000ca800000| Untracked 
| 131|0x00000000ca900000, 0x00000000ca900000, 0x00000000caa00000|  0%| F|  |TAMS 0x00000000ca900000, 0x00000000ca900000| Untracked 
| 132|0x00000000caa00000, 0x00000000caa00000, 0x00000000cab00000|  0%| F|  |TAMS 0x00000000caa00000, 0x00000000caa00000| Untracked 
| 133|0x00000000cab00000, 0x00000000cab00000, 0x00000000cac00000|  0%| F|  |TAMS 0x00000000cab00000, 0x00000000cab00000| Untracked 
| 134|0x00000000cac00000, 0x00000000cac00000, 0x00000000cad00000|  0%| F|  |TAMS 0x00000000cac00000, 0x00000000cac00000| Untracked 
| 135|0x00000000cad00000, 0x00000000cad00000, 0x00000000cae00000|  0%| F|  |TAMS 0x00000000cad00000, 0x00000000cad00000| Untracked 
| 136|0x00000000cae00000, 0x00000000cae00000, 0x00000000caf00000|  0%| F|  |TAMS 0x00000000cae00000, 0x00000000cae00000| Untracked 
| 137|0x00000000caf00000, 0x00000000caf00000, 0x00000000cb000000|  0%| F|  |TAMS 0x00000000caf00000, 0x00000000caf00000| Untracked 
| 138|0x00000000cb000000, 0x00000000cb000000, 0x00000000cb100000|  0%| F|  |TAMS 0x00000000cb000000, 0x00000000cb000000| Untracked 
| 139|0x00000000cb100000, 0x00000000cb100000, 0x00000000cb200000|  0%| F|  |TAMS 0x00000000cb100000, 0x00000000cb100000| Untracked 
| 140|0x00000000cb200000, 0x00000000cb200000, 0x00000000cb300000|  0%| F|  |TAMS 0x00000000cb200000, 0x00000000cb200000| Untracked 
| 141|0x00000000cb300000, 0x00000000cb300000, 0x00000000cb400000|  0%| F|  |TAMS 0x00000000cb300000, 0x00000000cb300000| Untracked 
| 142|0x00000000cb400000, 0x00000000cb400000, 0x00000000cb500000|  0%| F|  |TAMS 0x00000000cb400000, 0x00000000cb400000| Untracked 
| 143|0x00000000cb500000, 0x00000000cb500000, 0x00000000cb600000|  0%| F|  |TAMS 0x00000000cb500000, 0x00000000cb500000| Untracked 
| 144|0x00000000cb600000, 0x00000000cb600000, 0x00000000cb700000|  0%| F|  |TAMS 0x00000000cb600000, 0x00000000cb600000| Untracked 
| 145|0x00000000cb700000, 0x00000000cb700000, 0x00000000cb800000|  0%| F|  |TAMS 0x00000000cb700000, 0x00000000cb700000| Untracked 
| 146|0x00000000cb800000, 0x00000000cb800000, 0x00000000cb900000|  0%| F|  |TAMS 0x00000000cb800000, 0x00000000cb800000| Untracked 
| 147|0x00000000cb900000, 0x00000000cb900000, 0x00000000cba00000|  0%| F|  |TAMS 0x00000000cb900000, 0x00000000cb900000| Untracked 
| 148|0x00000000cba00000, 0x00000000cba00000, 0x00000000cbb00000|  0%| F|  |TAMS 0x00000000cba00000, 0x00000000cba00000| Untracked 
| 149|0x00000000cbb00000, 0x00000000cbb00000, 0x00000000cbc00000|  0%| F|  |TAMS 0x00000000cbb00000, 0x00000000cbb00000| Untracked 
| 150|0x00000000cbc00000, 0x00000000cbc00000, 0x00000000cbd00000|  0%| F|  |TAMS 0x00000000cbc00000, 0x00000000cbc00000| Untracked 
| 151|0x00000000cbd00000, 0x00000000cbd00000, 0x00000000cbe00000|  0%| F|  |TAMS 0x00000000cbd00000, 0x00000000cbd00000| Untracked 
| 152|0x00000000cbe00000, 0x00000000cbe00000, 0x00000000cbf00000|  0%| F|  |TAMS 0x00000000cbe00000, 0x00000000cbe00000| Untracked 
| 153|0x00000000cbf00000, 0x00000000cbf00000, 0x00000000cc000000|  0%| F|  |TAMS 0x00000000cbf00000, 0x00000000cbf00000| Untracked 
| 154|0x00000000cc000000, 0x00000000cc000000, 0x00000000cc100000|  0%| F|  |TAMS 0x00000000cc000000, 0x00000000cc000000| Untracked 
| 155|0x00000000cc100000, 0x00000000cc100000, 0x00000000cc200000|  0%| F|  |TAMS 0x00000000cc100000, 0x00000000cc100000| Untracked 
| 156|0x00000000cc200000, 0x00000000cc200000, 0x00000000cc300000|  0%| F|  |TAMS 0x00000000cc200000, 0x00000000cc200000| Untracked 
| 157|0x00000000cc300000, 0x00000000cc300000, 0x00000000cc400000|  0%| F|  |TAMS 0x00000000cc300000, 0x00000000cc300000| Untracked 
| 158|0x00000000cc400000, 0x00000000cc400000, 0x00000000cc500000|  0%| F|  |TAMS 0x00000000cc400000, 0x00000000cc400000| Untracked 
| 159|0x00000000cc500000, 0x00000000cc500000, 0x00000000cc600000|  0%| F|  |TAMS 0x00000000cc500000, 0x00000000cc500000| Untracked 
| 160|0x00000000cc600000, 0x00000000cc600000, 0x00000000cc700000|  0%| F|  |TAMS 0x00000000cc600000, 0x00000000cc600000| Untracked 
| 161|0x00000000cc700000, 0x00000000cc700000, 0x00000000cc800000|  0%| F|  |TAMS 0x00000000cc700000, 0x00000000cc700000| Untracked 
| 162|0x00000000cc800000, 0x00000000cc800000, 0x00000000cc900000|  0%| F|  |TAMS 0x00000000cc800000, 0x00000000cc800000| Untracked 
| 163|0x00000000cc900000, 0x00000000cc900000, 0x00000000cca00000|  0%| F|  |TAMS 0x00000000cc900000, 0x00000000cc900000| Untracked 
| 164|0x00000000cca00000, 0x00000000cca00000, 0x00000000ccb00000|  0%| F|  |TAMS 0x00000000cca00000, 0x00000000cca00000| Untracked 
| 165|0x00000000ccb00000, 0x00000000ccb00000, 0x00000000ccc00000|  0%| F|  |TAMS 0x00000000ccb00000, 0x00000000ccb00000| Untracked 
| 166|0x00000000ccc00000, 0x00000000ccc00000, 0x00000000ccd00000|  0%| F|  |TAMS 0x00000000ccc00000, 0x00000000ccc00000| Untracked 
| 167|0x00000000ccd00000, 0x00000000ccd00000, 0x00000000cce00000|  0%| F|  |TAMS 0x00000000ccd00000, 0x00000000ccd00000| Untracked 
| 168|0x00000000cce00000, 0x00000000cce00000, 0x00000000ccf00000|  0%| F|  |TAMS 0x00000000cce00000, 0x00000000cce00000| Untracked 
| 169|0x00000000ccf00000, 0x00000000ccf00000, 0x00000000cd000000|  0%| F|  |TAMS 0x00000000ccf00000, 0x00000000ccf00000| Untracked 
| 170|0x00000000cd000000, 0x00000000cd000000, 0x00000000cd100000|  0%| F|  |TAMS 0x00000000cd000000, 0x00000000cd000000| Untracked 
| 171|0x00000000cd100000, 0x00000000cd100000, 0x00000000cd200000|  0%| F|  |TAMS 0x00000000cd100000, 0x00000000cd100000| Untracked 
| 172|0x00000000cd200000, 0x00000000cd200000, 0x00000000cd300000|  0%| F|  |TAMS 0x00000000cd200000, 0x00000000cd200000| Untracked 
| 173|0x00000000cd300000, 0x00000000cd300000, 0x00000000cd400000|  0%| F|  |TAMS 0x00000000cd300000, 0x00000000cd300000| Untracked 
| 174|0x00000000cd400000, 0x00000000cd400000, 0x00000000cd500000|  0%| F|  |TAMS 0x00000000cd400000, 0x00000000cd400000| Untracked 
| 175|0x00000000cd500000, 0x00000000cd500000, 0x00000000cd600000|  0%| F|  |TAMS 0x00000000cd500000, 0x00000000cd500000| Untracked 
| 176|0x00000000cd600000, 0x00000000cd600000, 0x00000000cd700000|  0%| F|  |TAMS 0x00000000cd600000, 0x00000000cd600000| Untracked 
| 177|0x00000000cd700000, 0x00000000cd700000, 0x00000000cd800000|  0%| F|  |TAMS 0x00000000cd700000, 0x00000000cd700000| Untracked 
| 178|0x00000000cd800000, 0x00000000cd800000, 0x00000000cd900000|  0%| F|  |TAMS 0x00000000cd800000, 0x00000000cd800000| Untracked 
| 179|0x00000000cd900000, 0x00000000cd900000, 0x00000000cda00000|  0%| F|  |TAMS 0x00000000cd900000, 0x00000000cd900000| Untracked 
| 180|0x00000000cda00000, 0x00000000cda00000, 0x00000000cdb00000|  0%| F|  |TAMS 0x00000000cda00000, 0x00000000cda00000| Untracked 
| 181|0x00000000cdb00000, 0x00000000cdb00000, 0x00000000cdc00000|  0%| F|  |TAMS 0x00000000cdb00000, 0x00000000cdb00000| Untracked 
| 182|0x00000000cdc00000, 0x00000000cdc00000, 0x00000000cdd00000|  0%| F|  |TAMS 0x00000000cdc00000, 0x00000000cdc00000| Untracked 
| 183|0x00000000cdd00000, 0x00000000cdd00000, 0x00000000cde00000|  0%| F|  |TAMS 0x00000000cdd00000, 0x00000000cdd00000| Untracked 
| 184|0x00000000cde00000, 0x00000000cde00000, 0x00000000cdf00000|  0%| F|  |TAMS 0x00000000cde00000, 0x00000000cde00000| Untracked 
| 185|0x00000000cdf00000, 0x00000000cdf00000, 0x00000000ce000000|  0%| F|  |TAMS 0x00000000cdf00000, 0x00000000cdf00000| Untracked 
| 186|0x00000000ce000000, 0x00000000ce000000, 0x00000000ce100000|  0%| F|  |TAMS 0x00000000ce000000, 0x00000000ce000000| Untracked 
| 187|0x00000000ce100000, 0x00000000ce100000, 0x00000000ce200000|  0%| F|  |TAMS 0x00000000ce100000, 0x00000000ce100000| Untracked 
| 188|0x00000000ce200000, 0x00000000ce200000, 0x00000000ce300000|  0%| F|  |TAMS 0x00000000ce200000, 0x00000000ce200000| Untracked 
| 189|0x00000000ce300000, 0x00000000ce300000, 0x00000000ce400000|  0%| F|  |TAMS 0x00000000ce300000, 0x00000000ce300000| Untracked 
| 190|0x00000000ce400000, 0x00000000ce400000, 0x00000000ce500000|  0%| F|  |TAMS 0x00000000ce400000, 0x00000000ce400000| Untracked 
| 191|0x00000000ce500000, 0x00000000ce500000, 0x00000000ce600000|  0%| F|  |TAMS 0x00000000ce500000, 0x00000000ce500000| Untracked 
| 192|0x00000000ce600000, 0x00000000ce600000, 0x00000000ce700000|  0%| F|  |TAMS 0x00000000ce600000, 0x00000000ce600000| Untracked 
| 193|0x00000000ce700000, 0x00000000ce700000, 0x00000000ce800000|  0%| F|  |TAMS 0x00000000ce700000, 0x00000000ce700000| Untracked 
| 194|0x00000000ce800000, 0x00000000ce800000, 0x00000000ce900000|  0%| F|  |TAMS 0x00000000ce800000, 0x00000000ce800000| Untracked 
| 195|0x00000000ce900000, 0x00000000ce900000, 0x00000000cea00000|  0%| F|  |TAMS 0x00000000ce900000, 0x00000000ce900000| Untracked 
| 196|0x00000000cea00000, 0x00000000cea00000, 0x00000000ceb00000|  0%| F|  |TAMS 0x00000000cea00000, 0x00000000cea00000| Untracked 
| 197|0x00000000ceb00000, 0x00000000ceb00000, 0x00000000cec00000|  0%| F|  |TAMS 0x00000000ceb00000, 0x00000000ceb00000| Untracked 
| 198|0x00000000cec00000, 0x00000000cec00000, 0x00000000ced00000|  0%| F|  |TAMS 0x00000000cec00000, 0x00000000cec00000| Untracked 
| 199|0x00000000ced00000, 0x00000000ced00000, 0x00000000cee00000|  0%| F|  |TAMS 0x00000000ced00000, 0x00000000ced00000| Untracked 
| 200|0x00000000cee00000, 0x00000000cee00000, 0x00000000cef00000|  0%| F|  |TAMS 0x00000000cee00000, 0x00000000cee00000| Untracked 
| 201|0x00000000cef00000, 0x00000000cef00000, 0x00000000cf000000|  0%| F|  |TAMS 0x00000000cef00000, 0x00000000cef00000| Untracked 
| 202|0x00000000cf000000, 0x00000000cf000000, 0x00000000cf100000|  0%| F|  |TAMS 0x00000000cf000000, 0x00000000cf000000| Untracked 
| 203|0x00000000cf100000, 0x00000000cf100000, 0x00000000cf200000|  0%| F|  |TAMS 0x00000000cf100000, 0x00000000cf100000| Untracked 
| 204|0x00000000cf200000, 0x00000000cf200000, 0x00000000cf300000|  0%| F|  |TAMS 0x00000000cf200000, 0x00000000cf200000| Untracked 
| 205|0x00000000cf300000, 0x00000000cf300000, 0x00000000cf400000|  0%| F|  |TAMS 0x00000000cf300000, 0x00000000cf300000| Untracked 
| 206|0x00000000cf400000, 0x00000000cf400000, 0x00000000cf500000|  0%| F|  |TAMS 0x00000000cf400000, 0x00000000cf400000| Untracked 
| 207|0x00000000cf500000, 0x00000000cf500000, 0x00000000cf600000|  0%| F|  |TAMS 0x00000000cf500000, 0x00000000cf500000| Untracked 
| 208|0x00000000cf600000, 0x00000000cf600000, 0x00000000cf700000|  0%| F|  |TAMS 0x00000000cf600000, 0x00000000cf600000| Untracked 
| 209|0x00000000cf700000, 0x00000000cf700000, 0x00000000cf800000|  0%| F|  |TAMS 0x00000000cf700000, 0x00000000cf700000| Untracked 
| 210|0x00000000cf800000, 0x00000000cf800000, 0x00000000cf900000|  0%| F|  |TAMS 0x00000000cf800000, 0x00000000cf800000| Untracked 
| 211|0x00000000cf900000, 0x00000000cf900000, 0x00000000cfa00000|  0%| F|  |TAMS 0x00000000cf900000, 0x00000000cf900000| Untracked 
| 212|0x00000000cfa00000, 0x00000000cfa00000, 0x00000000cfb00000|  0%| F|  |TAMS 0x00000000cfa00000, 0x00000000cfa00000| Untracked 
| 213|0x00000000cfb00000, 0x00000000cfb00000, 0x00000000cfc00000|  0%| F|  |TAMS 0x00000000cfb00000, 0x00000000cfb00000| Untracked 
| 214|0x00000000cfc00000, 0x00000000cfc00000, 0x00000000cfd00000|  0%| F|  |TAMS 0x00000000cfc00000, 0x00000000cfc00000| Untracked 
| 215|0x00000000cfd00000, 0x00000000cfd00000, 0x00000000cfe00000|  0%| F|  |TAMS 0x00000000cfd00000, 0x00000000cfd00000| Untracked 
| 216|0x00000000cfe00000, 0x00000000cfe00000, 0x00000000cff00000|  0%| F|  |TAMS 0x00000000cfe00000, 0x00000000cfe00000| Untracked 
| 217|0x00000000cff00000, 0x00000000cff00000, 0x00000000d0000000|  0%| F|  |TAMS 0x00000000cff00000, 0x00000000cff00000| Untracked 
| 218|0x00000000d0000000, 0x00000000d0000000, 0x00000000d0100000|  0%| F|  |TAMS 0x00000000d0000000, 0x00000000d0000000| Untracked 
| 219|0x00000000d0100000, 0x00000000d0100000, 0x00000000d0200000|  0%| F|  |TAMS 0x00000000d0100000, 0x00000000d0100000| Untracked 
| 220|0x00000000d0200000, 0x00000000d0200000, 0x00000000d0300000|  0%| F|  |TAMS 0x00000000d0200000, 0x00000000d0200000| Untracked 
| 221|0x00000000d0300000, 0x00000000d0300000, 0x00000000d0400000|  0%| F|  |TAMS 0x00000000d0300000, 0x00000000d0300000| Untracked 
| 222|0x00000000d0400000, 0x00000000d0400000, 0x00000000d0500000|  0%| F|  |TAMS 0x00000000d0400000, 0x00000000d0400000| Untracked 
| 223|0x00000000d0500000, 0x00000000d0500000, 0x00000000d0600000|  0%| F|  |TAMS 0x00000000d0500000, 0x00000000d0500000| Untracked 
| 224|0x00000000d0600000, 0x00000000d0600000, 0x00000000d0700000|  0%| F|  |TAMS 0x00000000d0600000, 0x00000000d0600000| Untracked 
| 225|0x00000000d0700000, 0x00000000d0700000, 0x00000000d0800000|  0%| F|  |TAMS 0x00000000d0700000, 0x00000000d0700000| Untracked 
| 226|0x00000000d0800000, 0x00000000d0800000, 0x00000000d0900000|  0%| F|  |TAMS 0x00000000d0800000, 0x00000000d0800000| Untracked 
| 227|0x00000000d0900000, 0x00000000d0900000, 0x00000000d0a00000|  0%| F|  |TAMS 0x00000000d0900000, 0x00000000d0900000| Untracked 
| 228|0x00000000d0a00000, 0x00000000d0a00000, 0x00000000d0b00000|  0%| F|  |TAMS 0x00000000d0a00000, 0x00000000d0a00000| Untracked 
| 229|0x00000000d0b00000, 0x00000000d0b00000, 0x00000000d0c00000|  0%| F|  |TAMS 0x00000000d0b00000, 0x00000000d0b00000| Untracked 

Card table byte_map: [0x000001f9aa140000,0x000001f9aa330000] _byte_map_base: 0x000001f9a9b2d000

Marking Bits (Prev, Next): (CMBitMap*) 0x000001f99ddbc380, (CMBitMap*) 0x000001f99ddbc3c0
 Prev Bits: [0x000001f9aa520000, 0x000001f9ab488000)
 Next Bits: [0x000001f9ab490000, 0x000001f9ac3f8000)

Polling page: 0x000001f99da60000

Metaspace:

Usage:
  Non-class:     62.37 MB used.
      Class:     10.87 MB used.
       Both:     73.23 MB used.

Virtual space:
  Non-class space:       64.00 MB reserved,      62.69 MB ( 98%) committed,  8 nodes.
      Class space:        1.00 GB reserved,      11.19 MB (  1%) committed,  1 nodes.
             Both:        1.06 GB reserved,      73.88 MB (  7%) committed. 

Chunk freelists:
   Non-Class:  1.11 MB
       Class:  849.00 KB
        Both:  1.94 MB

MaxMetaspaceSize: unlimited
CompressedClassSpaceSize: 1.00 GB
Initial GC threshold: 21.00 MB
Current GC threshold: 122.19 MB
CDS: on
MetaspaceReclaimPolicy: balanced
 - commit_granule_bytes: 65536.
 - commit_granule_words: 8192.
 - virtual_space_node_default_size: 1048576.
 - enlarge_chunks_in_place: 1.
 - new_chunks_are_fully_committed: 0.
 - uncommit_free_chunks: 1.
 - use_allocation_guard: 0.
 - handle_deallocations: 1.


Internal statistics:

num_allocs_failed_limit: 18.
num_arena_births: 1010.
num_arena_deaths: 114.
num_vsnodes_births: 9.
num_vsnodes_deaths: 0.
num_space_committed: 1182.
num_space_uncommitted: 0.
num_chunks_returned_to_freelist: 150.
num_chunks_taken_from_freelist: 3863.
num_chunk_merges: 59.
num_chunk_splits: 2817.
num_chunks_enlarged: 2187.
num_purges: 4.
num_inconsistent_stats: 0.

CodeCache: size=49152Kb used=15233Kb max_used=15233Kb free=33918Kb
 bounds [0x000001f9a6b10000, 0x000001f9a7a00000, 0x000001f9a9b10000]
 total_blobs=8996 nmethods=8309 adapters=612
 compilation: enabled
              stopped_count=0, restarted_count=0
 full_count=0

Compilation events (20 events):
Event: 126.012 Thread 0x000001f9b30e63f0 8313       1       org.antlr.v4.runtime.CommonToken::<init> (86 bytes)
Event: 126.012 Thread 0x000001f9ae978ec0 nmethod 8312 0x000001f9a79ebb10 code [0x000001f9a79ebce0, 0x000001f9a79ec088]
Event: 126.012 Thread 0x000001f9b30e63f0 nmethod 8313 0x000001f9a79ec290 code [0x000001f9a79ec440, 0x000001f9a79ec758]
Event: 126.012 Thread 0x000001f9b30e63f0 8314       1       org.antlr.v4.runtime.Lexer::emit (51 bytes)
Event: 126.012 Thread 0x000001f9ae978ec0 8315       1       org.antlr.v4.runtime.Lexer::getCharIndex (10 bytes)
Event: 126.012 Thread 0x000001f9b30e7320 nmethod 8310 0x000001f9a79ec990 code [0x000001f9a79ecbe0, 0x000001f9a79ed2d8]
Event: 126.013 Thread 0x000001f9ae978ec0 nmethod 8315 0x000001f9a79ed990 code [0x000001f9a79edb20, 0x000001f9a79edc38]
Event: 126.013 Thread 0x000001f9b30e63f0 nmethod 8314 0x000001f9a79edd10 code [0x000001f9a79edec0, 0x000001f9a79ee0e8]
Event: 126.021 Thread 0x000001f9b30e7320 8316       1       org.antlr.v4.runtime.atn.OrderedATNConfigSet::<init> (16 bytes)
Event: 126.021 Thread 0x000001f9b30e63f0 8317       1       org.antlr.v4.runtime.atn.OrderedATNConfigSet$LexerConfigHashSet::<init> (8 bytes)
Event: 126.021 Thread 0x000001f9b30e63f0 nmethod 8317 0x000001f9a79ee290 code [0x000001f9a79ee420, 0x000001f9a79ee508]
Event: 126.021 Thread 0x000001f9b30e7320 nmethod 8316 0x000001f9a79ee610 code [0x000001f9a79ee7c0, 0x000001f9a79ee9b8]
Event: 126.032 Thread 0x000001f9b30e7320 8318       1       org.antlr.v4.runtime.atn.LexerATNSimulator::computeTargetState (59 bytes)
Event: 126.032 Thread 0x000001f9b30e63f0 8319   !   1       org.antlr.v4.runtime.atn.LexerATNSimulator::addDFAEdge (57 bytes)
Event: 126.032 Thread 0x000001f9b30e63f0 nmethod 8319 0x000001f9a79eeb10 code [0x000001f9a79eecc0, 0x000001f9a79ef098]
Event: 126.033 Thread 0x000001f9b30e7320 nmethod 8318 0x000001f9a79ef290 code [0x000001f9a79ef480, 0x000001f9a79ef848]
Event: 126.081 Thread 0x000001f9b30e63f0 8320       1       java.util.ArrayList::equalsArrayList (108 bytes)
Event: 126.082 Thread 0x000001f9b30e63f0 nmethod 8320 0x000001f9a79efa90 code [0x000001f9a79efc60, 0x000001f9a79f0008]
Event: 126.253 Thread 0x000001f9b30e7320 8321       1       org.antlr.v4.runtime.misc.IntegerList::size (5 bytes)
Event: 126.253 Thread 0x000001f9b30e7320 nmethod 8321 0x000001f9a79f0290 code [0x000001f9a79f0420, 0x000001f9a79f04f8]

GC Heap History (20 events):
Event: 111.272 GC heap after
{Heap after GC invocations=28 (full 0):
 garbage-first heap   total 82944K, used 33198K [0x00000000c2600000, 0x0000000100000000)
  region size 1024K, 5 young (5120K), 5 survivors (5120K)
 Metaspace       used 54513K, committed 54976K, reserved 1097728K
  class space    used 7719K, committed 7936K, reserved 1048576K
}
Event: 113.706 GC heap before
{Heap before GC invocations=28 (full 0):
 garbage-first heap   total 82944K, used 66990K [0x00000000c2600000, 0x0000000100000000)
  region size 1024K, 38 young (38912K), 5 survivors (5120K)
 Metaspace       used 60334K, committed 60800K, reserved 1105920K
  class space    used 8609K, committed 8832K, reserved 1048576K
}
Event: 113.735 GC heap after
{Heap after GC invocations=29 (full 0):
 garbage-first heap   total 235520K, used 35333K [0x00000000c2600000, 0x0000000100000000)
  region size 1024K, 3 young (3072K), 3 survivors (3072K)
 Metaspace       used 60334K, committed 60800K, reserved 1105920K
  class space    used 8609K, committed 8832K, reserved 1048576K
}
Event: 113.872 GC heap before
{Heap before GC invocations=29 (full 0):
 garbage-first heap   total 235520K, used 37381K [0x00000000c2600000, 0x0000000100000000)
  region size 1024K, 6 young (6144K), 3 survivors (3072K)
 Metaspace       used 60883K, committed 61376K, reserved 1105920K
  class space    used 8642K, committed 8896K, reserved 1048576K
}
Event: 113.881 GC heap after
{Heap after GC invocations=30 (full 0):
 garbage-first heap   total 235520K, used 35358K [0x00000000c2600000, 0x0000000100000000)
  region size 1024K, 3 young (3072K), 3 survivors (3072K)
 Metaspace       used 60883K, committed 61376K, reserved 1105920K
  class space    used 8642K, committed 8896K, reserved 1048576K
}
Event: 121.999 GC heap before
{Heap before GC invocations=31 (full 0):
 garbage-first heap   total 130048K, used 110110K [0x00000000c2600000, 0x0000000100000000)
  region size 1024K, 76 young (77824K), 3 survivors (3072K)
 Metaspace       used 68073K, committed 68672K, reserved 1114112K
  class space    used 9858K, committed 10112K, reserved 1048576K
}
Event: 122.009 GC heap after
{Heap after GC invocations=32 (full 0):
 garbage-first heap   total 130048K, used 37264K [0x00000000c2600000, 0x0000000100000000)
  region size 1024K, 5 young (5120K), 5 survivors (5120K)
 Metaspace       used 68073K, committed 68672K, reserved 1114112K
  class space    used 9858K, committed 10112K, reserved 1048576K
}
Event: 124.601 GC heap before
{Heap before GC invocations=33 (full 0):
 garbage-first heap   total 130048K, used 105872K [0x00000000c2600000, 0x0000000100000000)
  region size 1024K, 72 young (73728K), 5 survivors (5120K)
 Metaspace       used 73274K, committed 73920K, reserved 1114112K
  class space    used 10751K, committed 11072K, reserved 1048576K
}
Event: 124.632 GC heap after
{Heap after GC invocations=34 (full 0):
 garbage-first heap   total 130048K, used 46787K [0x00000000c2600000, 0x0000000100000000)
  region size 1024K, 9 young (9216K), 9 survivors (9216K)
 Metaspace       used 73274K, committed 73920K, reserved 1114112K
  class space    used 10751K, committed 11072K, reserved 1048576K
}
Event: 124.917 GC heap before
{Heap before GC invocations=34 (full 0):
 garbage-first heap   total 130048K, used 102083K [0x00000000c2600000, 0x0000000100000000)
  region size 1024K, 62 young (63488K), 9 survivors (9216K)
 Metaspace       used 73274K, committed 73920K, reserved 1114112K
  class space    used 10751K, committed 11072K, reserved 1048576K
}
Event: 124.947 GC heap after
{Heap after GC invocations=35 (full 0):
 garbage-first heap   total 130048K, used 63617K [0x00000000c2600000, 0x0000000100000000)
  region size 1024K, 8 young (8192K), 8 survivors (8192K)
 Metaspace       used 73274K, committed 73920K, reserved 1114112K
  class space    used 10751K, committed 11072K, reserved 1048576K
}
Event: 125.157 GC heap before
{Heap before GC invocations=35 (full 0):
 garbage-first heap   total 130048K, used 97409K [0x00000000c2600000, 0x0000000100000000)
  region size 1024K, 41 young (41984K), 8 survivors (8192K)
 Metaspace       used 73283K, committed 73920K, reserved 1114112K
  class space    used 10752K, committed 11072K, reserved 1048576K
}
Event: 125.176 GC heap after
{Heap after GC invocations=36 (full 0):
 garbage-first heap   total 130048K, used 67160K [0x00000000c2600000, 0x0000000100000000)
  region size 1024K, 3 young (3072K), 3 survivors (3072K)
 Metaspace       used 73283K, committed 73920K, reserved 1114112K
  class space    used 10752K, committed 11072K, reserved 1048576K
}
Event: 125.433 GC heap before
{Heap before GC invocations=36 (full 0):
 garbage-first heap   total 130048K, used 99928K [0x00000000c2600000, 0x0000000100000000)
  region size 1024K, 35 young (35840K), 3 survivors (3072K)
 Metaspace       used 73766K, committed 74432K, reserved 1114112K
  class space    used 10805K, committed 11136K, reserved 1048576K
}
Event: 125.440 GC heap after
{Heap after GC invocations=37 (full 0):
 garbage-first heap   total 130048K, used 66145K [0x00000000c2600000, 0x0000000100000000)
  region size 1024K, 2 young (2048K), 2 survivors (2048K)
 Metaspace       used 73766K, committed 74432K, reserved 1114112K
  class space    used 10805K, committed 11136K, reserved 1048576K
}
Event: 126.111 GC heap before
{Heap before GC invocations=38 (full 0):
 garbage-first heap   total 130048K, used 99937K [0x00000000c2600000, 0x0000000100000000)
  region size 1024K, 36 young (36864K), 2 survivors (2048K)
 Metaspace       used 74982K, committed 75648K, reserved 1114112K
  class space    used 11130K, committed 11456K, reserved 1048576K
}
Event: 126.125 GC heap after
{Heap after GC invocations=39 (full 0):
 garbage-first heap   total 130048K, used 75528K [0x00000000c2600000, 0x0000000100000000)
  region size 1024K, 5 young (5120K), 5 survivors (5120K)
 Metaspace       used 74982K, committed 75648K, reserved 1114112K
  class space    used 11130K, committed 11456K, reserved 1048576K
}
Event: 126.131 GC heap before
{Heap before GC invocations=39 (full 0):
 garbage-first heap   total 130048K, used 76552K [0x00000000c2600000, 0x0000000100000000)
  region size 1024K, 6 young (6144K), 5 survivors (5120K)
 Metaspace       used 74982K, committed 75648K, reserved 1114112K
  class space    used 11130K, committed 11456K, reserved 1048576K
}
Event: 126.139 GC heap after
{Heap after GC invocations=40 (full 0):
 garbage-first heap   total 130048K, used 77345K [0x00000000c2600000, 0x0000000100000000)
  region size 1024K, 1 young (1024K), 1 survivors (1024K)
 Metaspace       used 74982K, committed 75648K, reserved 1114112K
  class space    used 11130K, committed 11456K, reserved 1048576K
}
Event: 126.271 GC heap before
{Heap before GC invocations=40 (full 0):
 garbage-first heap   total 130048K, used 101921K [0x00000000c2600000, 0x0000000100000000)
  region size 1024K, 25 young (25600K), 1 survivors (1024K)
 Metaspace       used 74992K, committed 75648K, reserved 1114112K
  class space    used 11130K, committed 11456K, reserved 1048576K
}

Deoptimization events (20 events):
Event: 1.854 Thread 0x000001f99dd8aa00 DEOPT PACKING pc=0x000001f9a6d7f385 sp=0x000000cd74cfdec0
Event: 1.854 Thread 0x000001f99dd8aa00 DEOPT UNPACKING pc=0x000001f9a6b62b24 sp=0x000000cd74cfd420 mode 3
Event: 9.015 Thread 0x000001f99dd8aa00 DEOPT PACKING pc=0x000001f9a6dfd0f5 sp=0x000000cd74cfd550
Event: 9.015 Thread 0x000001f99dd8aa00 DEOPT UNPACKING pc=0x000001f9a6b62b24 sp=0x000000cd74cfc9a8 mode 3
Event: 22.678 Thread 0x000001f9afa56520 DEOPT PACKING pc=0x000001f9a6f023d5 sp=0x000000cd769fdf70
Event: 22.678 Thread 0x000001f9afa56520 DEOPT UNPACKING pc=0x000001f9a6b62b24 sp=0x000000cd769fd418 mode 3
Event: 28.271 Thread 0x000001f9afa56520 DEOPT PACKING pc=0x000001f9a7018f19 sp=0x000000cd769fcb00
Event: 28.271 Thread 0x000001f9afa56520 DEOPT UNPACKING pc=0x000001f9a6b62b24 sp=0x000000cd769fbfe0 mode 3
Event: 94.773 Thread 0x000001f9afa56520 DEOPT PACKING pc=0x000001f9a71e5240 sp=0x000000cd769fc790
Event: 94.795 Thread 0x000001f9afa56520 DEOPT UNPACKING pc=0x000001f9a6b62b24 sp=0x000000cd769fbc00 mode 3
Event: 94.842 Thread 0x000001f9afa56520 DEOPT PACKING pc=0x000001f9a71cf519 sp=0x000000cd769fd860
Event: 94.842 Thread 0x000001f9afa56520 DEOPT UNPACKING pc=0x000001f9a6b62b24 sp=0x000000cd769fcd48 mode 3
Event: 96.301 Thread 0x000001f9afa56520 DEOPT PACKING pc=0x000001f9a721ceb4 sp=0x000000cd769fb4e0
Event: 96.301 Thread 0x000001f9afa56520 DEOPT UNPACKING pc=0x000001f9a6b62b24 sp=0x000000cd769faa68 mode 0
Event: 96.301 Thread 0x000001f9afa56520 DEOPT PACKING pc=0x000001f9a734b96c sp=0x000000cd769fb6c0
Event: 96.301 Thread 0x000001f9afa56520 DEOPT UNPACKING pc=0x000001f9a6b62b24 sp=0x000000cd769fab80 mode 0
Event: 98.583 Thread 0x000001f9afa56520 DEOPT PACKING pc=0x000001f9a753229d sp=0x000000cd769fe1c0
Event: 98.583 Thread 0x000001f9afa56520 DEOPT UNPACKING pc=0x000001f9a6b62b24 sp=0x000000cd769fd728 mode 3
Event: 119.308 Thread 0x000001f9afa56520 DEOPT PACKING pc=0x000001f9a7890f84 sp=0x000000cd769f8d30
Event: 119.308 Thread 0x000001f9afa56520 DEOPT UNPACKING pc=0x000001f9a6b62b24 sp=0x000000cd769f82a8 mode 0

Classes unloaded (20 events):
Event: 98.434 Thread 0x000001f99de3bf30 Unloading class 0x0000000800d17800 'java/lang/invoke/LambdaForm$MH+0x0000000800d17800'
Event: 98.434 Thread 0x000001f99de3bf30 Unloading class 0x0000000800d17400 'java/lang/invoke/LambdaForm$MH+0x0000000800d17400'
Event: 98.434 Thread 0x000001f99de3bf30 Unloading class 0x0000000800d15800 'java/lang/invoke/LambdaForm$MH+0x0000000800d15800'
Event: 98.434 Thread 0x000001f99de3bf30 Unloading class 0x0000000800d15400 'java/lang/invoke/LambdaForm$MH+0x0000000800d15400'
Event: 98.434 Thread 0x000001f99de3bf30 Unloading class 0x0000000800d15000 'java/lang/invoke/LambdaForm$MH+0x0000000800d15000'
Event: 98.434 Thread 0x000001f99de3bf30 Unloading class 0x0000000800d14c00 'java/lang/invoke/LambdaForm$MH+0x0000000800d14c00'
Event: 98.434 Thread 0x000001f99de3bf30 Unloading class 0x0000000800d14800 'java/lang/invoke/LambdaForm$MH+0x0000000800d14800'
Event: 98.434 Thread 0x000001f99de3bf30 Unloading class 0x0000000800cd6000 'java/lang/invoke/LambdaForm$MH+0x0000000800cd6000'
Event: 98.434 Thread 0x000001f99de3bf30 Unloading class 0x0000000800cd5c00 'java/lang/invoke/LambdaForm$MH+0x0000000800cd5c00'
Event: 98.434 Thread 0x000001f99de3bf30 Unloading class 0x0000000800cd5800 'java/lang/invoke/LambdaForm$MH+0x0000000800cd5800'
Event: 98.434 Thread 0x000001f99de3bf30 Unloading class 0x0000000800cd5400 'java/lang/invoke/LambdaForm$MH+0x0000000800cd5400'
Event: 98.434 Thread 0x000001f99de3bf30 Unloading class 0x0000000800cd5000 'java/lang/invoke/LambdaForm$MH+0x0000000800cd5000'
Event: 98.434 Thread 0x000001f99de3bf30 Unloading class 0x0000000800cd4c00 'java/lang/invoke/LambdaForm$MH+0x0000000800cd4c00'
Event: 98.434 Thread 0x000001f99de3bf30 Unloading class 0x0000000800cd4400 'java/lang/invoke/LambdaForm$MH+0x0000000800cd4400'
Event: 98.434 Thread 0x000001f99de3bf30 Unloading class 0x0000000800cd4000 'java/lang/invoke/LambdaForm$MH+0x0000000800cd4000'
Event: 98.434 Thread 0x000001f99de3bf30 Unloading class 0x0000000800cc0800 'jdk/internal/reflect/GeneratedSerializationConstructorAccessor3'
Event: 98.434 Thread 0x000001f99de3bf30 Unloading class 0x0000000800c09000 'java/lang/invoke/LambdaForm$DMH+0x0000000800c09000'
Event: 98.434 Thread 0x000001f99de3bf30 Unloading class 0x0000000800c08800 'java/lang/invoke/LambdaForm$DMH+0x0000000800c08800'
Event: 98.434 Thread 0x000001f99de3bf30 Unloading class 0x0000000800c07c00 'jdk/internal/reflect/GeneratedConstructorAccessor1'
Event: 125.623 Thread 0x000001f99de3bf30 Unloading class 0x0000000800f61c00 'jdk/internal/reflect/GeneratedConstructorAccessor15'

Classes redefined (0 events):
No events

Internal exceptions (20 events):
Event: 118.548 Thread 0x000001f9afa56520 Exception <a 'java/lang/NoSuchMethodError'{0x00000000c6d99d60}: 'void java.lang.invoke.DirectMethodHandle$Holder.invokeSpecial(java.lang.Object, java.lang.Object, int, java.lang.Object)'> (0x00000000c6d99d60) 
thrown [c:\sb\prod\1715191057\workspace\open\src\hotspot\share\interpreter\linkResolver.cpp, line 766]
Event: 118.549 Thread 0x000001f9afa56520 Exception <a 'java/lang/NoSuchMethodError'{0x00000000c6da13c0}: 'java.lang.Object java.lang.invoke.DirectMethodHandle$Holder.newInvokeSpecial(java.lang.Object, java.lang.Object, int)'> (0x00000000c6da13c0) 
thrown [c:\sb\prod\1715191057\workspace\open\src\hotspot\share\interpreter\linkResolver.cpp, line 766]
Event: 118.660 Thread 0x000001f9afa56520 Exception <a 'java/lang/NoSuchMethodError'{0x00000000c6b2b510}: 'int java.lang.invoke.DirectMethodHandle$Holder.invokeStatic(java.lang.Object, int, java.lang.Object)'> (0x00000000c6b2b510) 
thrown [c:\sb\prod\1715191057\workspace\open\src\hotspot\share\interpreter\linkResolver.cpp, line 766]
Event: 118.669 Thread 0x000001f9afa56520 Exception <a 'java/lang/NoSuchMethodError'{0x00000000c6b50170}: 'java.lang.Object java.lang.invoke.DirectMethodHandle$Holder.newInvokeSpecial(java.lang.Object, java.lang.Object, java.lang.Object, java.lang.Object, java.lang.Object, int, java.lang.Object)'> (0x00000000c6b50170) 
thrown [c:\sb\prod\1715191057\workspace\open\src\hotspot\share\interpreter\linkResolver.cpp, line 766]
Event: 118.680 Thread 0x000001f9afa56520 Exception <a 'java/lang/NoSuchMethodError'{0x00000000c6b99fc8}: 'java.lang.Object java.lang.invoke.DirectMethodHandle$Holder.newInvokeSpecial(java.lang.Object, java.lang.Object, java.lang.Object, java.lang.Object, java.lang.Object, java.lang.Object, java.lang.Object, java.lang.Object, java.lang.Object, java.lang.Object, java.lang.Object, java.lang.Object)'> (0x00000000c6b99fc8) 
thrown [c:\sb\prod\1715191057\workspace\open\src\hotspot\share\interpreter\linkResolver.cpp, line 766]
Event: 118.680 Thread 0x000001f9afa56520 Exception <a 'java/lang/NoSuchMethodError'{0x00000000c6b9f258}: 'java.lang.Object java.lang.invoke.DirectMethodHandle$Holder.invokeSpecial(java.lang.Object, java.lang.Object, java.lang.Object, java.lang.Object, java.lang.Object, java.lang.Object, java.lang.Object, java.lang.Object, java.lang.Object, java.lang.Object, java.lang.Object, java.lang.Object, java.lang.Object)'> (0x00000000c6b9f258) 
thrown [c:\sb\prod\1715191057\workspace\open\src\hotspot\share\interpreter\linkResolver.cpp, line 766]
Event: 118.681 Thread 0x000001f9afa56520 Exception <a 'java/lang/NoSuchMethodError'{0x00000000c6ba4168}: 'java.lang.Object java.lang.invoke.Invokers$Holder.linkToTargetMethod(java.lang.Object, java.lang.Object, java.lang.Object, java.lang.Object, java.lang.Object, java.lang.Object, java.lang.Object, java.lang.Object, java.lang.Object, java.lang.Object, java.lang.Object, java.lang.Object)'> (0x00000000c6ba4168) 
thrown [c:\sb\prod\1715191057\workspace\open\src\hotspot\share\interpreter\linkResolver.cpp, line 766]
Event: 118.989 Thread 0x000001f9afa56520 Exception <a 'java/lang/IncompatibleClassChangeError'{0x00000000c68127f0}: Found class java.lang.Object, but interface was expected> (0x00000000c68127f0) 
thrown [c:\sb\prod\1715191057\workspace\open\src\hotspot\share\interpreter\linkResolver.cpp, line 833]
Event: 119.024 Thread 0x000001f9afa56520 Exception <a 'java/lang/NoSuchMethodError'{0x00000000c68a6048}: 'java.lang.Object java.lang.invoke.DirectMethodHandle$Holder.newInvokeSpecial(java.lang.Object, java.lang.Object, int, java.lang.Object, int, java.lang.Object, java.lang.Object)'> (0x00000000c68a6048) 
thrown [c:\sb\prod\1715191057\workspace\open\src\hotspot\share\interpreter\linkResolver.cpp, line 766]
Event: 119.040 Thread 0x000001f9afa56520 Exception <a 'java/lang/NoSuchMethodError'{0x00000000c68fc2a8}: 'java.lang.Object java.lang.invoke.DirectMethodHandle$Holder.newInvokeSpecial(java.lang.Object, java.lang.Object, java.lang.Object, java.lang.Object, java.lang.Object, java.lang.Object, java.lang.Object, int)'> (0x00000000c68fc2a8) 
thrown [c:\sb\prod\1715191057\workspace\open\src\hotspot\share\interpreter\linkResolver.cpp, line 766]
Event: 119.041 Thread 0x000001f9afa56520 Exception <a 'java/lang/NoSuchMethodError'{0x00000000c6701bb8}: 'java.lang.Object java.lang.invoke.DirectMethodHandle$Holder.invokeSpecial(java.lang.Object, java.lang.Object, java.lang.Object, java.lang.Object, java.lang.Object, java.lang.Object, java.lang.Object, java.lang.Object, int)'> (0x00000000c6701bb8) 
thrown [c:\sb\prod\1715191057\workspace\open\src\hotspot\share\interpreter\linkResolver.cpp, line 766]
Event: 119.041 Thread 0x000001f9afa56520 Exception <a 'java/lang/NoSuchMethodError'{0x00000000c6706e78}: 'java.lang.Object java.lang.invoke.Invokers$Holder.linkToTargetMethod(java.lang.Object, java.lang.Object, java.lang.Object, java.lang.Object, java.lang.Object, java.lang.Object, int, java.lang.Object)'> (0x00000000c6706e78) 
thrown [c:\sb\prod\1715191057\workspace\open\src\hotspot\share\interpreter\linkResolver.cpp, line 766]
Event: 121.685 Thread 0x000001f9afa56520 Exception <a 'java/lang/NoSuchMethodError'{0x00000000c5c935e8}: 'java.lang.Object java.lang.invoke.DirectMethodHandle$Holder.invokeSpecial(java.lang.Object, java.lang.Object, int, java.lang.Object, int)'> (0x00000000c5c935e8) 
thrown [c:\sb\prod\1715191057\workspace\open\src\hotspot\share\interpreter\linkResolver.cpp, line 766]
Event: 123.308 Thread 0x000001f9afa56520 Exception <a 'java/lang/IncompatibleClassChangeError'{0x00000000c956cc40}: Found class java.lang.Object, but interface was expected> (0x00000000c956cc40) 
thrown [c:\sb\prod\1715191057\workspace\open\src\hotspot\share\interpreter\linkResolver.cpp, line 833]
Event: 123.600 Thread 0x000001f9afa56520 Exception <a 'java/lang/reflect/InvocationTargetException'{0x00000000c90d95f8}> (0x00000000c90d95f8) 
thrown [c:\sb\prod\1715191057\workspace\open\src\hotspot\share\runtime\reflection.cpp, line 1121]
Event: 123.633 Thread 0x000001f9afa56520 Exception <a 'java/lang/NoSuchMethodError'{0x00000000c8f5ceb0}: 'int java.lang.invoke.DirectMethodHandle$Holder.invokeStatic(java.lang.Object, java.lang.Object, int)'> (0x00000000c8f5ceb0) 
thrown [c:\sb\prod\1715191057\workspace\open\src\hotspot\share\interpreter\linkResolver.cpp, line 766]
Event: 123.649 Thread 0x000001f9afa56520 Exception <a 'java/lang/IncompatibleClassChangeError'{0x00000000c8fa2a88}: Found class java.lang.Object, but interface was expected> (0x00000000c8fa2a88) 
thrown [c:\sb\prod\1715191057\workspace\open\src\hotspot\share\interpreter\linkResolver.cpp, line 833]
Event: 123.777 Thread 0x000001f9afa56520 Exception <a 'java/lang/NoSuchMethodError'{0x00000000c8d88c58}: 'java.lang.Object java.lang.invoke.DirectMethodHandle$Holder.invokeStatic(java.lang.Object, int, java.lang.Object)'> (0x00000000c8d88c58) 
thrown [c:\sb\prod\1715191057\workspace\open\src\hotspot\share\interpreter\linkResolver.cpp, line 766]
Event: 123.793 Thread 0x000001f9afa56520 Exception <a 'java/lang/reflect/InvocationTargetException'{0x00000000c8dc8900}> (0x00000000c8dc8900) 
thrown [c:\sb\prod\1715191057\workspace\open\src\hotspot\share\runtime\reflection.cpp, line 1121]
Event: 123.810 Thread 0x000001f9afa56520 Exception <a 'java/lang/reflect/InvocationTargetException'{0x00000000c8c191b0}> (0x00000000c8c191b0) 
thrown [c:\sb\prod\1715191057\workspace\open\src\hotspot\share\runtime\reflection.cpp, line 1121]

VM Operations (20 events):
Event: 124.471 Executing VM operation: HandshakeAllThreads done
Event: 124.601 Executing VM operation: G1CollectForAllocation
Event: 124.632 Executing VM operation: G1CollectForAllocation done
Event: 124.917 Executing VM operation: G1CollectForAllocation
Event: 124.947 Executing VM operation: G1CollectForAllocation done
Event: 125.157 Executing VM operation: G1CollectForAllocation
Event: 125.176 Executing VM operation: G1CollectForAllocation done
Event: 125.433 Executing VM operation: G1CollectForAllocation
Event: 125.440 Executing VM operation: G1CollectForAllocation done
Event: 125.619 Executing VM operation: G1Concurrent
Event: 125.752 Executing VM operation: G1Concurrent done
Event: 125.830 Executing VM operation: G1Concurrent
Event: 125.830 Executing VM operation: G1Concurrent done
Event: 125.923 Executing VM operation: HandshakeAllThreads
Event: 125.923 Executing VM operation: HandshakeAllThreads done
Event: 126.110 Executing VM operation: G1CollectForAllocation
Event: 126.125 Executing VM operation: G1CollectForAllocation done
Event: 126.131 Executing VM operation: G1CollectForAllocation
Event: 126.139 Executing VM operation: G1CollectForAllocation done
Event: 126.271 Executing VM operation: G1CollectForAllocation

Events (20 events):
Event: 123.731 loading class java/util/regex/Pattern$Behind
Event: 123.731 loading class java/util/regex/Pattern$Behind done
Event: 123.827 Thread 0x000001f9b1d7e410 Thread added: 0x000001f9b1d7e410
Event: 123.837 Thread 0x000001f9b1d7e410 Thread exited: 0x000001f9b1d7e410
Event: 123.865 loading class java/lang/invoke/MethodHandleImpl$CountingWrapper$1
Event: 123.865 loading class java/lang/invoke/MethodHandleImpl$CountingWrapper$1 done
Event: 123.894 loading class java/util/EmptyStackException
Event: 123.894 loading class java/util/EmptyStackException done
Event: 124.290 loading class java/io/InvalidClassException
Event: 124.291 loading class java/io/InvalidClassException done
Event: 124.321 loading class java/util/ArrayList$ListItr
Event: 124.322 loading class java/util/ArrayList$ListItr done
Event: 124.340 Thread 0x000001f9b1d7cc00 Thread added: 0x000001f9b1d7cc00
Event: 124.347 Thread 0x000001f9b1d7cc00 Thread exited: 0x000001f9b1d7cc00
Event: 124.850 Thread 0x000001f9b1d7f750 Thread added: 0x000001f9b1d7f750
Event: 124.857 Thread 0x000001f9b1d7f750 Thread exited: 0x000001f9b1d7f750
Event: 125.359 Thread 0x000001f9b1d7cc00 Thread added: 0x000001f9b1d7cc00
Event: 125.370 Thread 0x000001f9b1d7cc00 Thread exited: 0x000001f9b1d7cc00
Event: 125.868 Thread 0x000001f9b1d7f280 Thread added: 0x000001f9b1d7f280
Event: 125.882 Thread 0x000001f9b1d7f280 Thread exited: 0x000001f9b1d7f280


Dynamic libraries:
0x00007ff684ee0000 - 0x00007ff684eee000 	C:\Program Files\Java\jdk-17.0.0.1\bin\java.exe
0x00007ffd93d60000 - 0x00007ffd93fc8000 	C:\WINDOWS\SYSTEM32\ntdll.dll
0x00007ffd934c0000 - 0x00007ffd93589000 	C:\WINDOWS\System32\KERNEL32.DLL
0x00007ffd91010000 - 0x00007ffd913fd000 	C:\WINDOWS\System32\KERNELBASE.dll
0x00007ffd916c0000 - 0x00007ffd9180b000 	C:\WINDOWS\System32\ucrtbase.dll
0x00007ffd854d0000 - 0x00007ffd854e8000 	C:\Program Files\Java\jdk-17.0.0.1\bin\jli.dll
0x00007ffd91b40000 - 0x00007ffd91d0c000 	C:\WINDOWS\System32\USER32.dll
0x00007ffd91ad0000 - 0x00007ffd91af7000 	C:\WINDOWS\System32\win32u.dll
0x00007ffd923b0000 - 0x00007ffd923db000 	C:\WINDOWS\System32\GDI32.dll
0x00007ffd7c0d0000 - 0x00007ffd7c36a000 	C:\WINDOWS\WinSxS\amd64_microsoft.windows.common-controls_6595b64144ccf1df_6.0.26100.4484_none_3e0e6d4ce32ef3b3\COMCTL32.dll
0x00007ffd91400000 - 0x00007ffd91537000 	C:\WINDOWS\System32\gdi32full.dll
0x00007ffd93910000 - 0x00007ffd939b9000 	C:\WINDOWS\System32\msvcrt.dll
0x00007ffd91a20000 - 0x00007ffd91ac3000 	C:\WINDOWS\System32\msvcp_win.dll
0x00007ffd857e0000 - 0x00007ffd857fa000 	C:\Program Files\Java\jdk-17.0.0.1\bin\VCRUNTIME140.dll
0x00007ffd91b00000 - 0x00007ffd91b2f000 	C:\WINDOWS\System32\IMM32.DLL
0x00007ffd854c0000 - 0x00007ffd854cc000 	C:\Program Files\Java\jdk-17.0.0.1\bin\vcruntime140_1.dll
0x00007ffd7f720000 - 0x00007ffd7f7ad000 	C:\Program Files\Java\jdk-17.0.0.1\bin\msvcp140.dll
0x00007ffd38910000 - 0x00007ffd394d0000 	C:\Program Files\Java\jdk-17.0.0.1\bin\server\jvm.dll
0x00007ffd93c60000 - 0x00007ffd93d14000 	C:\WINDOWS\System32\ADVAPI32.dll
0x00007ffd93590000 - 0x00007ffd93636000 	C:\WINDOWS\System32\sechost.dll
0x00007ffd93b40000 - 0x00007ffd93c58000 	C:\WINDOWS\System32\RPCRT4.dll
0x00007ffd93780000 - 0x00007ffd93788000 	C:\WINDOWS\System32\PSAPI.DLL
0x00007ffd6ea80000 - 0x00007ffd6ea8a000 	C:\WINDOWS\SYSTEM32\WSOCK32.dll
0x00007ffd93ac0000 - 0x00007ffd93b34000 	C:\WINDOWS\System32\WS2_32.dll
0x00007ffd7ed00000 - 0x00007ffd7ed35000 	C:\WINDOWS\SYSTEM32\WINMM.dll
0x00007ffd85240000 - 0x00007ffd8524b000 	C:\WINDOWS\SYSTEM32\VERSION.dll
0x00007ffd8fc20000 - 0x00007ffd8fc3b000 	C:\WINDOWS\SYSTEM32\kernel.appcore.dll
0x00007ffd85460000 - 0x00007ffd8546a000 	C:\Program Files\Java\jdk-17.0.0.1\bin\jimage.dll
0x00007ffd8e700000 - 0x00007ffd8e941000 	C:\WINDOWS\SYSTEM32\DBGHELP.DLL
0x00007ffd92480000 - 0x00007ffd92806000 	C:\WINDOWS\System32\combase.dll
0x00007ffd93120000 - 0x00007ffd93200000 	C:\WINDOWS\System32\OLEAUT32.dll
0x00007ffd6c540000 - 0x00007ffd6c583000 	C:\WINDOWS\SYSTEM32\dbgcore.DLL
0x00007ffd90eb0000 - 0x00007ffd90f49000 	C:\WINDOWS\System32\bcryptPrimitives.dll
0x00007ffd84760000 - 0x00007ffd8476e000 	C:\Program Files\Java\jdk-17.0.0.1\bin\instrument.dll
0x00007ffd85430000 - 0x00007ffd85455000 	C:\Program Files\Java\jdk-17.0.0.1\bin\java.dll
0x00007ffd471c0000 - 0x00007ffd47296000 	C:\Program Files\Java\jdk-17.0.0.1\bin\svml.dll
0x00007ffd92860000 - 0x00007ffd92faa000 	C:\WINDOWS\System32\SHELL32.dll
0x00007ffd91540000 - 0x00007ffd916b4000 	C:\WINDOWS\System32\wintypes.dll
0x00007ffd8eae0000 - 0x00007ffd8f33b000 	C:\WINDOWS\SYSTEM32\windows.storage.dll
0x00007ffd933c0000 - 0x00007ffd934b5000 	C:\WINDOWS\System32\SHCORE.dll
0x00007ffd93790000 - 0x00007ffd937fa000 	C:\WINDOWS\System32\shlwapi.dll
0x00007ffd90dc0000 - 0x00007ffd90def000 	C:\WINDOWS\SYSTEM32\profapi.dll
0x00007ffd7f880000 - 0x00007ffd7f898000 	C:\Program Files\Java\jdk-17.0.0.1\bin\zip.dll
0x00007ffd85030000 - 0x00007ffd85049000 	C:\Program Files\Java\jdk-17.0.0.1\bin\net.dll
0x00007ffd82ff0000 - 0x00007ffd8310e000 	C:\WINDOWS\SYSTEM32\WINHTTP.dll
0x00007ffd90180000 - 0x00007ffd901ea000 	C:\WINDOWS\system32\mswsock.dll
0x00007ffd84770000 - 0x00007ffd84785000 	C:\Program Files\Java\jdk-17.0.0.1\bin\nio.dll
0x00007ffd8f6c0000 - 0x00007ffd8f7e6000 	C:\WINDOWS\SYSTEM32\DNSAPI.dll
0x00007ffd8f630000 - 0x00007ffd8f663000 	C:\WINDOWS\SYSTEM32\IPHLPAPI.DLL
0x00007ffd93ab0000 - 0x00007ffd93aba000 	C:\WINDOWS\System32\NSI.dll
0x00007ffd7fb80000 - 0x00007ffd7fb8b000 	C:\Windows\System32\rasadhlp.dll
0x00007ffd823f0000 - 0x00007ffd82476000 	C:\WINDOWS\System32\fwpuclnt.dll
0x00007ffd842f0000 - 0x00007ffd842f9000 	C:\Program Files\Java\jdk-17.0.0.1\bin\management.dll
0x00007ffd7fb90000 - 0x00007ffd7fb9b000 	C:\Program Files\Java\jdk-17.0.0.1\bin\management_ext.dll
0x00007ffd90560000 - 0x00007ffd9057b000 	C:\WINDOWS\SYSTEM32\CRYPTSP.dll
0x00007ffd8fb80000 - 0x00007ffd8fbba000 	C:\WINDOWS\system32\rsaenh.dll
0x00007ffd90220000 - 0x00007ffd9024b000 	C:\WINDOWS\SYSTEM32\USERENV.dll
0x00007ffd90d90000 - 0x00007ffd90db6000 	C:\WINDOWS\SYSTEM32\bcrypt.dll
0x00007ffd903c0000 - 0x00007ffd903cc000 	C:\WINDOWS\SYSTEM32\CRYPTBASE.dll
0x00007ffd83180000 - 0x00007ffd8319f000 	C:\WINDOWS\SYSTEM32\dhcpcsvc6.DLL
0x00007ffd82dc0000 - 0x00007ffd82de5000 	C:\WINDOWS\SYSTEM32\dhcpcsvc.DLL
0x00007ffd7d8b0000 - 0x00007ffd7d8c8000 	C:\WINDOWS\system32\napinsp.dll
0x00007ffd7d860000 - 0x00007ffd7d872000 	C:\WINDOWS\System32\winrnr.dll
0x00007ffd68af0000 - 0x00007ffd68b20000 	C:\WINDOWS\system32\nlansp_c.dll
0x00007ffd68ac0000 - 0x00007ffd68ae0000 	C:\WINDOWS\system32\wshbth.dll
0x00007ffd76b20000 - 0x00007ffd76b6e000 	C:\WINDOWS\SYSTEM32\pdh.dll
0x00007ffd652a0000 - 0x00007ffd652b2000 	C:\WINDOWS\System32\perfproc.dll
0x00007ffd65280000 - 0x00007ffd65291000 	C:\WINDOWS\System32\perfos.dll
0x00007ffd8de50000 - 0x00007ffd8de62000 	C:\WINDOWS\SYSTEM32\pfclient.dll
0x00007ffd85420000 - 0x00007ffd8542e000 	C:\Program Files\Java\jdk-17.0.0.1\bin\sunmscapi.dll
0x00007ffd91810000 - 0x00007ffd91987000 	C:\WINDOWS\System32\CRYPT32.dll
0x00007ffd906b0000 - 0x00007ffd906e0000 	C:\WINDOWS\SYSTEM32\ncrypt.dll
0x00007ffd90660000 - 0x00007ffd9069f000 	C:\WINDOWS\SYSTEM32\NTASN1.dll
0x00007ffd8b7b0000 - 0x00007ffd8b7c0000 	C:\Program Files\Java\jdk-17.0.0.1\bin\verify.dll

dbghelp: loaded successfully - version: 4.0.5 - missing functions: none
symbol engine: initialized successfully - sym options: 0x614 - pdb path: .;C:\Program Files\Java\jdk-17.0.0.1\bin;C:\WINDOWS\SYSTEM32;C:\WINDOWS\WinSxS\amd64_microsoft.windows.common-controls_6595b64144ccf1df_6.0.26100.4484_none_3e0e6d4ce32ef3b3;C:\Program Files\Java\jdk-17.0.0.1\bin\server

VM Arguments:
jvm_args: -XX:TieredStopAtLevel=1 -Dspring.output.ansi.enabled=always -Dcom.sun.management.jmxremote -Dspring.jmx.enabled=true -Dspring.liveBeansView.mbeanDomain -Dspring.application.admin.enabled=true -Dmanagement.endpoints.jmx.exposure.include=* -javaagent:C:\Program Files\JetBrains\IntelliJ IDEA 2025.1.3\lib\idea_rt.jar=30080 -Dfile.encoding=UTF-8 
java_command: org._java_proj.gym_management_system.GymManagementSystemApplication
java_class_path (initial): C:\Users\Lenovo\Desktop\newproject\gym_management_system\target\classes;C:\Users\Lenovo\.m2\repository\org\springframework\boot\spring-boot-starter-mail\3.5.3\spring-boot-starter-mail-3.5.3.jar;C:\Users\Lenovo\.m2\repository\org\springframework\boot\spring-boot-starter\3.5.3\spring-boot-starter-3.5.3.jar;C:\Users\Lenovo\.m2\repository\org\springframework\boot\spring-boot-starter-logging\3.5.3\spring-boot-starter-logging-3.5.3.jar;C:\Users\Lenovo\.m2\repository\ch\qos\logback\logback-classic\1.5.18\logback-classic-1.5.18.jar;C:\Users\Lenovo\.m2\repository\ch\qos\logback\logback-core\1.5.18\logback-core-1.5.18.jar;C:\Users\Lenovo\.m2\repository\org\apache\logging\log4j\log4j-to-slf4j\2.24.3\log4j-to-slf4j-2.24.3.jar;C:\Users\Lenovo\.m2\repository\org\apache\logging\log4j\log4j-api\2.24.3\log4j-api-2.24.3.jar;C:\Users\Lenovo\.m2\repository\org\slf4j\jul-to-slf4j\2.0.17\jul-to-slf4j-2.0.17.jar;C:\Users\Lenovo\.m2\repository\jakarta\annotation\jakarta.annotation-api\2.1.1\jakarta.annotation-api-2.1.1.jar;C:\Users\Lenovo\.m2\repository\org\yaml\snakeyaml\2.4\snakeyaml-2.4.jar;C:\Users\Lenovo\.m2\repository\org\springframework\spring-context-support\6.2.8\spring-context-support-6.2.8.jar;C:\Users\Lenovo\.m2\repository\org\springframework\spring-beans\6.2.8\spring-beans-6.2.8.jar;C:\Users\Lenovo\.m2\repository\org\springframework\spring-context\6.2.8\spring-context-6.2.8.jar;C:\Users\Lenovo\.m2\repository\org\eclipse\angus\jakarta.mail\2.0.3\jakarta.mail-2.0.3.jar;C:\Users\Lenovo\.m2\repository\jakarta\activation\jakarta.activation-api\2.1.3\jakarta.activation-api-2.1.3.jar;C:\Users\Lenovo\.m2\repository\org\eclipse\angus\angus-activation\2.0.2\angus-activation-2.0.2.jar;C:\Users\Lenovo\.m2\repository\org\springframework\boot\spring-boot-starter-security\3.5.3\spring-boot-starter-security-3.5.3.jar;C:\Users\Lenovo\.m2\repository\org\springframework\spring-aop\6.2.8\spring-aop-6.2.8.jar;C:\Users\Lenovo\.m2\repository\org\springframework\security\
Launcher Type: SUN_STANDARD

[Global flags]
     intx CICompilerCount                          = 3                                         {product} {ergonomic}
     uint ConcGCThreads                            = 1                                         {product} {ergonomic}
     uint G1ConcRefinementThreads                  = 4                                         {product} {ergonomic}
   size_t G1HeapRegionSize                         = 1048576                                   {product} {ergonomic}
    uintx GCDrainStackTargetSize                   = 64                                        {product} {ergonomic}
   size_t InitialHeapSize                          = 65011712                                  {product} {ergonomic}
     bool ManagementServer                         = true                                      {product} {command line}
   size_t MarkStackSize                            = 4194304                                   {product} {ergonomic}
   size_t MaxHeapSize                              = 1033895936                                {product} {ergonomic}
   size_t MaxNewSize                               = 619708416                                 {product} {ergonomic}
   size_t MinHeapDeltaBytes                        = 1048576                                   {product} {ergonomic}
   size_t MinHeapSize                              = 8388608                                   {product} {ergonomic}
    uintx NonProfiledCodeHeapSize                  = 0                                      {pd product} {ergonomic}
     bool ProfileInterpreter                       = false                                  {pd product} {command line}
    uintx ProfiledCodeHeapSize                     = 0                                      {pd product} {ergonomic}
   size_t SoftMaxHeapSize                          = 1033895936                             {manageable} {ergonomic}
     intx TieredStopAtLevel                        = 1                                         {product} {command line}
     bool UseCompressedClassPointers               = true                           {product lp64_product} {ergonomic}
     bool UseCompressedOops                        = true                           {product lp64_product} {ergonomic}
     bool UseG1GC                                  = true                                      {product} {ergonomic}
     bool UseLargePagesIndividualAllocation        = false                                  {pd product} {ergonomic}

Logging:
Log output configuration:
 #0: stdout all=warning uptime,level,tags
 #1: stderr all=off uptime,level,tags

Environment Variables:
PATH=C:\Program Files\Common Files\Oracle\Java\javapath;C:\Program Files\Microsoft MPI\Bin\;C:\WINDOWS\system32;C:\WINDOWS;C:\WINDOWS\System32\Wbem;C:\WINDOWS\System32\WindowsPowerShell\v1.0\;C:\WINDOWS\System32\OpenSSH\;C:\php 8-2-9;C:\ProgramData\ComposerSetup\bin;C:\Program Files\dotnet\;C:\Program Files\Microsoft SQL Server\Client SDK\ODBC\170\Tools\Binn\;C:\Program Files (x86)\Microsoft SQL Server\150\Tools\Binn\;C:\Program Files\Microsoft SQL Server\150\Tools\Binn\;C:\Program Files (x86)\Microsoft SQL Server\150\DTS\Binn\;C:\Program Files\Microsoft SQL Server\150\DTS\Binn\;C:\Program Files (x86)\Microsoft SQL Server\160\DTS\Binn\;C:\Users\Lenovo\Downloads\platform-tools-latest-windows\platform-tools;C:\Program Files\Java\jdk-23\bin;C:\Program Files\Cloudflare\Cloudflare WARP\;C:\Users\Lenovo\AppData\Local\Programs\Python\Python311\Scripts;C:\Users\Lenovo\AppData\Roaming\npm;C:\Program Files\swipl\bin;C:\Program Files\Apache\Maven\apache-maven-3.9.9\bin;C:\Program Files\Docker\Docker\resources\bin;C:\Program Files\nodejs\;C:\Program Files\nodejs;C:\Program Files\Java\jdk-17\bin;C:\Program Files\Java\jdk-21\bin;C:\Program Files\PowerShell\7\;C:\Program Files\Git\cmd;C:\Users\Lenovo\AppData\Local\Programs\Python\Python311\Scripts\;C:\Users\Lenovo\AppData\Local\Programs\Python\Python311\;C:\Users\Lenovo\AppData\Local\Microsoft\WindowsApps;C:\Users\Lenovo\AppData\Local\Programs\Microsoft VS Code\bin;C:\Users\Lenovo\AppData\Roaming\Composer\vendor\bin;C:\Users\Lenovo\.dotnet\tools;C:\Users\Lenovo\Downloads\platform-tools-latest-windows.zip\platform-tools;;C:\intelFPGA\18.1\modelsim_ase\win32aloem;C:\Users\Lenovo\AppData\Roaming\npm;C:\Program Files\JetBrains\IntelliJ IDEA Community Edition 2025.1.3\bin;;C:\Program Files\JetBrains\IntelliJ IDEA 2025.1.3\bin;
USERNAME=Lenovo
OS=Windows_NT
PROCESSOR_IDENTIFIER=Intel64 Family 6 Model 156 Stepping 0, GenuineIntel



---------------  S Y S T E M  ---------------

OS:
 Windows 10 , 64 bit Build 26100 (10.0.26100.4484)
OS uptime: 0 days 3:43 hours
Hyper-V role detected

CPU: total 4 (initial active 4) (4 cores per cpu, 1 threads per core) family 6 model 156 stepping 0 microcode 0x24000023, cx8, cmov, fxsr, mmx, 3dnowpref, sse, sse2, sse3, ssse3, sse4.1, sse4.2, popcnt, tsc, tscinvbit, aes, erms, clmul, sha, clflush, clflushopt, clwb, hv

Memory: 4k page, system-wide physical 3937M (322M free)
TotalPageFile size 16225M (AvailPageFile size 61M)
current process WorkingSet (physical memory assigned to process): 274M, peak: 274M
current process commit charge ("private bytes"): 444M, peak: 525M

vm_info: OpenJDK 64-Bit Server VM (17.0.0.1+2-3) for windows-amd64 JRE (17.0.0.1+2-3), built on May  8 2024 19:05:00 by "mach5one" with MS VC++ 16.8 (VS2019)

END.
